Archive member included because of file (symbol)

contiki-sky.a(contiki-sky-pla)
                              obj_sky/contiki-sky-main.o (init_platform)
contiki-sky.a(button-sensor.o)
                              contiki-sky.a(contiki-sky-pla) (button_sensor)
contiki-sky.a(ds2411.o)       obj_sky/contiki-sky-main.o (ds2411_init)
contiki-sky.a(xmem.o)         obj_sky/contiki-sky-main.o (xmem_init)
contiki-sky.a(node-id.o)      obj_sky/contiki-sky-main.o (node_id_restore)
contiki-sky.a(sensors.o)      contiki-sky.a(button-sensor.o) (sensors_changed)
contiki-sky.a(cc2420.o)       obj_sky/contiki-sky-main.o (cc2420_set_pan_addr)
contiki-sky.a(cc2420-arch.o)  contiki-sky.a(cc2420.o) (cc2420_arch_init)
contiki-sky.a(uart1.o)        obj_sky/contiki-sky-main.o (uart1_active)
contiki-sky.a(uart1-putchar.o)
                              client2.co (putchar)
contiki-sky.a(msp430.o)       contiki-sky.a(uart1.o) (msp430_add_lpm_req)
contiki-sky.a(clock.o)        obj_sky/contiki-sky-main.o (clock_init)
contiki-sky.a(leds.o)         obj_sky/contiki-sky-main.o (leds_init)
contiki-sky.a(leds-arch.o)    contiki-sky.a(leds.o) (leds_arch_init)
contiki-sky.a(watchdog.o)     obj_sky/contiki-sky-main.o (watchdog_start)
contiki-sky.a(rtimer-arch.o)  obj_sky/contiki-sky-main.o (rtimer_arch_now)
contiki-sky.a(autostart.o)    obj_sky/contiki-sky-main.o (autostart_start)
contiki-sky.a(ctimer.o)       obj_sky/contiki-sky-main.o (ctimer_init)
contiki-sky.a(energest.o)     obj_sky/contiki-sky-main.o (energest_init)
contiki-sky.a(etimer.o)       contiki-sky.a(clock.o) (etimer_request_poll)
contiki-sky.a(process.o)      client2.co (process_current)
contiki-sky.a(rtimer.o)       obj_sky/contiki-sky-main.o (rtimer_init)
contiki-sky.a(timer.o)        obj_sky/contiki-sky-main.o (timer_set)
contiki-sky.a(list.o)         contiki-sky.a(ctimer.o) (list_init)
contiki-sky.a(random.o)       obj_sky/contiki-sky-main.o (random_init)
contiki-sky.a(sicslowpan.o)   obj_sky/contiki-sky-main.o (sicslowpan_driver)
contiki-sky.a(uip6.o)         contiki-sky.a(sicslowpan.o) (uip_aligned_buf)
contiki-sky.a(uip-ds6.o)      contiki-sky.a(uip6.o) (uip_ds6_is_addr_onlink)
contiki-sky.a(uip-ds6-nbr.o)  contiki-sky.a(uip-ds6.o) (uip_ds6_neighbors_init)
contiki-sky.a(uip-ds6-route.o)
                              contiki-sky.a(uip-ds6.o) (uip_ds6_route_init)
contiki-sky.a(uip-icmp6.o)    contiki-sky.a(uip6.o) (uip_icmp6_input)
contiki-sky.a(uip-nd6.o)      contiki-sky.a(uip6.o) (uip_nd6_init)
contiki-sky.a(tcpip.o)        contiki-sky.a(sicslowpan.o) (tcpip_set_outputfunc)
contiki-sky.a(uip-debug.o)    client2.co (uip_debug_ipaddr_print)
contiki-sky.a(uip-udp-packet.)
                              client2.co (uip_udp_packet_sendto)
contiki-sky.a(rpl.o)          contiki-sky.a(uip-ds6-nbr.o) (rpl_link_neighbor_callback)
contiki-sky.a(rpl-dag.o)      contiki-sky.a(rpl.o) (rpl_dag_init)
contiki-sky.a(rpl-ext-header.)
                              contiki-sky.a(uip6.o) (rpl_verify_header)
contiki-sky.a(rpl-icmp6.o)    contiki-sky.a(rpl.o) (dao_output_target)
contiki-sky.a(rpl-mrhof.o)    contiki-sky.a(rpl.o) (rpl_mrhof)
contiki-sky.a(rpl-timers.o)   contiki-sky.a(rpl.o) (rpl_reset_periodic_timer)
contiki-sky.a(csma.o)         obj_sky/contiki-sky-main.o (csma_driver)
contiki-sky.a(framer-802154.o)
                              contiki-sky.a(sicslowpan.o) (framer_802154)
contiki-sky.a(framer.o)       contiki-sky.a(framer-802154.o) (framer_canonical_create_and_secure)
contiki-sky.a(mac.o)          contiki-sky.a(csma.o) (mac_call_sent_callback)
contiki-sky.a(linkaddr.o)     obj_sky/contiki-sky-main.o (linkaddr_copy)
contiki-sky.a(nbr-table.o)    contiki-sky.a(uip-ds6-nbr.o) (nbr_table_register)
contiki-sky.a(packetbuf.o)    contiki-sky.a(framer.o) (packetbuf_compact)
contiki-sky.a(queuebuf.o)     obj_sky/contiki-sky-main.o (queuebuf_init)
contiki-sky.a(contikimac.o)   obj_sky/contiki-sky-main.o (contikimac_driver)
contiki-sky.a(nullsec.o)      obj_sky/contiki-sky-main.o (nullsec_driver)
contiki-sky.a(spi.o)          contiki-sky.a(xmem.o) (spi_init)
contiki-sky.a(compower.o)     contiki-sky.a(contikimac.o) (compower_accumulate)
contiki-sky.a(stimer.o)       contiki-sky.a(uip-ds6.o) (stimer_set)
contiki-sky.a(memb.o)         contiki-sky.a(uip-ds6-route.o) (memb_init)
contiki-sky.a(frame802154.o)  contiki-sky.a(framer-802154.o) (frame802154_hdrlen)
contiki-sky.a(mac-sequence.o)
                              contiki-sky.a(contikimac.o) (mac_sequence_is_duplicate)
/usr/lib/gcc/msp430/4.6.3/mmpy-16/libgcc.a(_mulsi3.o)
                              contiki-sky.a(rpl.o) (__mulsi3)
/usr/lib/gcc/msp430/4.6.3/mmpy-16/libgcc.a(_udivmod16.o)
                              contiki-sky.a(rpl-dag.o) (__udivhi3)
/usr/lib/gcc/msp430/4.6.3/mmpy-16/libgcc.a(_divmod16.o)
                              contiki-sky.a(sicslowpan.o) (__divhi3)
/usr/lib/gcc/msp430/4.6.3/mmpy-16/libgcc.a(_udivmod32.o)
                              obj_sky/contiki-sky-main.o (__udivsi3)
[...]
Memory Configuration

Name             Origin             Length             Attributes
sfr              0x00000000         0x00000010
peripheral_8bit  0x00000010         0x000000f0
peripheral_16bit 0x00000100         0x00000100
ram_mirror       0x00000200         0x00000800         xw
infomem          0x00001000         0x00000100
infob            0x00001000         0x00000080
infoa            0x00001080         0x00000080
ram              0x00001100         0x00002800         xw
rom              0x00004000         0x0000bfe0         xr
vectors          0x0000ffe0         0x00000020
bsl              0x00000000         0x00000000
infoc            0x00000000         0x00000000
infod            0x00000000         0x00000000
ram2             0x00000000         0x00000000         xw
usbram           0x00000000         0x00000000         xw
far_rom          0x00000000         0x00000000
*default*        0x00000000         0xffffffff

Linker script and memory map

LOAD /usr/lib/gcc/msp430/4.6.3/mmpy-16/crt0ivtbl16.o
LOAD client2.co
LOAD obj_sky/contiki-sky-main.o
LOAD contiki-sky.a
LOAD /usr/lib/gcc/msp430/4.6.3/mmpy-16/libgcc.a
LOAD /usr/lib/gcc/msp430/4.6.3/../../../../msp430/lib/mmpy-16/libc.a
LOAD /usr/lib/gcc/msp430/4.6.3/mmpy-16/libgcc.a
LOAD /usr/lib/gcc/msp430/4.6.3/mmpy-16/libcrt0.a
                0x00000080                PROVIDE (__info_segment_size, 0x80)
                0x00001000                PROVIDE (__infob, 0x1000)
                0x00001080                PROVIDE (__infoa, 0x1080)
                0x00000000                __IE1 = 0x0
                0x00000002                __IFG1 = 0x2
                0x00000004                __ME1 = 0x4
                0x00000001                __IE2 = 0x1
                0x00000003                __IFG2 = 0x3
                0x00000005                __ME2 = 0x5
                0x00000120                __WDTCTL = 0x120
                0x00000130                __MPY = 0x130
                0x00000132                __MPYS = 0x132
                0x00000134                __MAC = 0x134
                0x00000136                __MACS = 0x136
                0x00000138                __OP2 = 0x138
                0x0000013a                __RESLO = 0x13a
                0x0000013c                __RESHI = 0x13c
                0x0000013e                __SUMEXT = 0x13e
                0x00000020                __P1IN = 0x20
                0x00000021                __P1OUT = 0x21
                0x00000022                __P1DIR = 0x22
                0x00000023                __P1IFG = 0x23
                0x00000024                __P1IES = 0x24
                0x00000025                __P1IE = 0x25
                0x00000026                __P1SEL = 0x26
                0x00000028                __P2IN = 0x28
                0x00000029                __P2OUT = 0x29
                0x0000002a                __P2DIR = 0x2a
                0x0000002b                __P2IFG = 0x2b
                0x0000002c                __P2IES = 0x2c
                0x0000002d                __P2IE = 0x2d
                0x0000002e                __P2SEL = 0x2e
                0x00000018                __P3IN = 0x18
                0x00000019                __P3OUT = 0x19
                0x0000001a                __P3DIR = 0x1a
                0x0000001b                __P3SEL = 0x1b
                0x0000001c                __P4IN = 0x1c
                0x0000001d                __P4OUT = 0x1d
                0x0000001e                __P4DIR = 0x1e
                0x0000001f                __P4SEL = 0x1f
                0x00000030                __P5IN = 0x30
                0x00000031                __P5OUT = 0x31
                0x00000032                __P5DIR = 0x32
                0x00000033                __P5SEL = 0x33
                0x00000034                __P6IN = 0x34
                0x00000035                __P6OUT = 0x35
                0x00000036                __P6DIR = 0x36
                0x00000037                __P6SEL = 0x37
                0x00000070                __U0CTL = 0x70
                0x00000071                __U0TCTL = 0x71
                0x00000072                __U0RCTL = 0x72
                0x00000073                __U0MCTL = 0x73
                0x00000074                __U0BR0 = 0x74
                0x00000075                __U0BR1 = 0x75
                0x00000076                __U0RXBUF = 0x76
                0x00000077                __U0TXBUF = 0x77
                0x00000078                __U1CTL = 0x78
                0x00000079                __U1TCTL = 0x79
                0x0000007a                __U1RCTL = 0x7a
                0x0000007b                __U1MCTL = 0x7b
                0x0000007c                __U1BR0 = 0x7c
                0x0000007d                __U1BR1 = 0x7d
                0x0000007e                __U1RXBUF = 0x7e
                0x0000007f                __U1TXBUF = 0x7f
                0x00000050                __I2CIE = 0x50
                0x00000051                __I2CIFG = 0x51
                0x00000052                __I2CNDAT = 0x52
                0x00000071                __I2CTCTL = 0x71
                0x00000072                __I2CDCTL = 0x72
                0x00000073                __I2CPSC = 0x73
                0x00000074                __I2CSCLH = 0x74
                0x00000075                __I2CSCLL = 0x75
                0x00000076                __I2CDRB = 0x76
                0x00000076                __I2CDRW = 0x76
                0x00000118                __I2COA = 0x118
                0x0000011a                __I2CSA = 0x11a
                0x0000011c                __I2CIV = 0x11c
                0x0000012e                __TAIV = 0x12e
                0x00000160                __TACTL = 0x160
                0x00000162                __TACCTL0 = 0x162
                0x00000164                __TACCTL1 = 0x164
                0x00000166                __TACCTL2 = 0x166
                0x00000170                __TAR = 0x170
                0x00000172                __TACCR0 = 0x172
                0x00000174                __TACCR1 = 0x174
                0x00000176                __TACCR2 = 0x176
                0x0000011e                __TBIV = 0x11e
                0x00000180                __TBCTL = 0x180
                0x00000182                __TBCCTL0 = 0x182
                0x00000184                __TBCCTL1 = 0x184
                0x00000186                __TBCCTL2 = 0x186
                0x00000188                __TBCCTL3 = 0x188
                0x0000018a                __TBCCTL4 = 0x18a
                0x0000018c                __TBCCTL5 = 0x18c
                0x0000018e                __TBCCTL6 = 0x18e
                0x00000190                __TBR = 0x190
                0x00000192                __TBCCR0 = 0x192
                0x00000194                __TBCCR1 = 0x194
                0x00000196                __TBCCR2 = 0x196
                0x00000198                __TBCCR3 = 0x198
                0x0000019a                __TBCCR4 = 0x19a
                0x0000019c                __TBCCR5 = 0x19c
                0x0000019e                __TBCCR6 = 0x19e
                0x00000056                __DCOCTL = 0x56
                0x00000057                __BCSCTL1 = 0x57
                0x00000058                __BCSCTL2 = 0x58
                0x00000055                __SVSCTL = 0x55
                0x00000128                __FCTL1 = 0x128
                0x0000012a                __FCTL2 = 0x12a
                0x0000012c                __FCTL3 = 0x12c
                0x00000059                __CACTL1 = 0x59
                0x0000005a                __CACTL2 = 0x5a
                0x0000005b                __CAPD = 0x5b
                0x000001a0                __ADC12CTL0 = 0x1a0
                0x000001a2                __ADC12CTL1 = 0x1a2
                0x000001a4                __ADC12IFG = 0x1a4
                0x000001a6                __ADC12IE = 0x1a6
                0x000001a8                __ADC12IV = 0x1a8
                0x00000140                __ADC12MEM0 = 0x140
                0x00000142                __ADC12MEM1 = 0x142
                0x00000144                __ADC12MEM2 = 0x144
                0x00000146                __ADC12MEM3 = 0x146
                0x00000148                __ADC12MEM4 = 0x148
                0x0000014a                __ADC12MEM5 = 0x14a
                0x0000014c                __ADC12MEM6 = 0x14c
                0x0000014e                __ADC12MEM7 = 0x14e
                0x00000150                __ADC12MEM8 = 0x150
                0x00000152                __ADC12MEM9 = 0x152
                0x00000154                __ADC12MEM10 = 0x154
                0x00000156                __ADC12MEM11 = 0x156
                0x00000158                __ADC12MEM12 = 0x158
                0x0000015a                __ADC12MEM13 = 0x15a
                0x0000015c                __ADC12MEM14 = 0x15c
                0x0000015e                __ADC12MEM15 = 0x15e
                0x00000080                __ADC12MCTL0 = 0x80
                0x00000081                __ADC12MCTL1 = 0x81
                0x00000082                __ADC12MCTL2 = 0x82
                0x00000083                __ADC12MCTL3 = 0x83
                0x00000084                __ADC12MCTL4 = 0x84
                0x00000085                __ADC12MCTL5 = 0x85
                0x00000086                __ADC12MCTL6 = 0x86
                0x00000087                __ADC12MCTL7 = 0x87
                0x00000088                __ADC12MCTL8 = 0x88
                0x00000089                __ADC12MCTL9 = 0x89
                0x0000008a                __ADC12MCTL10 = 0x8a
                0x0000008b                __ADC12MCTL11 = 0x8b
                0x0000008c                __ADC12MCTL12 = 0x8c
                0x0000008d                __ADC12MCTL13 = 0x8d
                0x0000008e                __ADC12MCTL14 = 0x8e
                0x0000008f                __ADC12MCTL15 = 0x8f
                0x000001c0                __DAC12_0CTL = 0x1c0
                0x000001c2                __DAC12_1CTL = 0x1c2
                0x000001c8                __DAC12_0DAT = 0x1c8
                0x000001ca                __DAC12_1DAT = 0x1ca
                0x00000122                __DMACTL0 = 0x122
                0x00000124                __DMACTL1 = 0x124
                0x000001e0                __DMA0CTL = 0x1e0
                0x000001e8                __DMA1CTL = 0x1e8
                0x000001f0                __DMA2CTL = 0x1f0
                0x000001e2                __DMA0SA = 0x1e2
                0x000001e4                __DMA0DA = 0x1e4
                0x000001e6                __DMA0SZ = 0x1e6
                0x000001ea                __DMA1SA = 0x1ea
                0x000001ec                __DMA1DA = 0x1ec
                0x000001ee                __DMA1SZ = 0x1ee
                0x000001f2                __DMA2SA = 0x1f2
                0x000001f4                __DMA2DA = 0x1f4
                0x000001f6                __DMA2SZ = 0x1f6

.hash
 *(.hash)

.dynsym
 *(.dynsym)

.dynstr
 *(.dynstr)

.gnu.version
 *(.gnu.version)

.gnu.version_d
 *(.gnu.version_d)

.gnu.version_r
 *(.gnu.version_r)

.rel.init
 *(.rel.init)

.rela.init
 *(.rela.init)

.rel.fini
 *(.rel.fini)

.rela.fini
 *(.rela.fini)

.rel.text
 *(.rel.text .rel.text.* .rel.gnu.linkonce.t.*)

.rela.text
 *(.rela.text .rela.text.* .rela.gnu.linkonce.t.*)

.rel.rodata
 *(.rel.rodata .rel.rodata.* .rel.gnu.linkonce.r.*)

.rela.rodata
 *(.rela.rodata .rela.rodata.* .rela.gnu.linkonce.r.*)

.rel.data
 *(.rel.data .rel.data.* .rel.gnu.linkonce.d.*)

.rela.data
 *(.rela.data .rela.data.* .rela.gnu.linkonce.d.*)

.rel.bss
 *(.rel.bss .rel.bss.* .rel.gnu.linkonce.b.*)

.rela.bss
 *(.rela.bss .rela.bss.* .rela.gnu.linkonce.b.*)

.rel.ctors
 *(.rel.ctors)

.rela.ctors
 *(.rela.ctors)

.rel.dtors
 *(.rel.dtors)

.rela.dtors
 *(.rela.dtors)

.rel.got
 *(.rel.got)

.rela.got
 *(.rela.got)

.rel.plt
 *(.rel.plt)

.rela.plt
 *(.rela.plt)

.text           0x00004000     0xafa4
                0x00004000                . = ALIGN (0x2)
 *(.init .init.*)
 *(.init0)
 .init0         0x00004000        0x0 /usr/lib/gcc/msp430/4.6.3/mmpy-16/libcrt0.a(_reset_vector__.o)
                0x00004000                _reset_vector__
 *(.init1)
 .init1         0x00004000        0xc /usr/lib/gcc/msp430/4.6.3/mmpy-16/libcrt0.a(__watchdog_support.o)
                0x00004000                __watchdog_support
 *(.init2)
 .init2         0x0000400c        0x4 /usr/lib/gcc/msp430/4.6.3/mmpy-16/libcrt0.a(__init_stack.o)
                0x0000400c                __init_stack
 *(.init3)
 .init3         0x00004010        0x0 /usr/lib/gcc/msp430/4.6.3/mmpy-16/libcrt0.a(__low_level_init.o)
                0x00004010                __low_level_init
 *(.init4)
 .init4         0x00004010       0x18 /usr/lib/gcc/msp430/4.6.3/mmpy-16/libcrt0.a(_copy_data.o)
                0x00004010                __do_copy_data
 .init4         0x00004028       0x16 /usr/lib/gcc/msp430/4.6.3/mmpy-16/libcrt0.a(_clear_bss.o)
                0x00004028                __do_clear_bss
 *(.init5)
 *(.init6)
 *(.init7)
 *(.init8)
 *(.init9)
 .init9         0x0000403e      0x2d8 obj_sky/contiki-sky-main.o
                0x0000403e                main
 *(.fini9)
 .fini9         0x00004316        0x0 /usr/lib/gcc/msp430/4.6.3/mmpy-16/libcrt0.a(__stop_progExec__.o)
                0x00004316                __stop_progExec__
 *(.fini8)
 *(.fini7)
 *(.fini6)
 *(.fini5)
 *(.fini4)
 *(.fini3)
 *(.fini2)
 *(.fini1)
 *(.fini0)
 .fini0         0x00004316        0x6 /usr/lib/gcc/msp430/4.6.3/mmpy-16/libcrt0.a(_endless_loop__.o)
                0x00004316                _endless_loop__
 *(.fini .fini.*)
                0x0000431c                . = ALIGN (0x2)
                0x0000431c                __ctors_start = .
 *(.ctors)
                0x0000431c                __ctors_end = .
                0x0000431c                __dtors_start = .
 *(.dtors)
                0x0000431c                __dtors_end = .
                0x0000431c                . = ALIGN (0x2)
 *(.text .text.* .gnu.linkonce.t.*)
 .text          0x0000431c        0x4 /usr/lib/gcc/msp430/4.6.3/mmpy-16/crt0ivtbl16.o
                0x0000431c                __isr_14
                0x0000431c                __isr_11
                0x0000431c                __isr_2
                0x0000431c                __isr_7
                0x0000431c                __isr_0
                0x0000431c                __isr_8
                0x0000431c                __isr_3
                0x0000431c                __isr_12
                0x0000431c                __isr_13
                0x0000431c                __isr_9
 .text.process_thread_client_process
                0x00004320      0x20a client2.co
 .text.send_packet
                0x0000452a       0x6c client2.co
 .text.start_network_layer
                0x00004596       0xa2 obj_sky/contiki-sky-main.o
 .text.init_platform
                0x00004638        0xc contiki-sky.a(contiki-sky-pla)
                0x00004638                init_platform
 .text.status   0x00004644       0x16 contiki-sky.a(button-sensor.o)
 .text.configure
                0x0000465a       0x52 contiki-sky.a(button-sensor.o)
 .text.value    0x000046ac       0x22 contiki-sky.a(button-sensor.o)
 .text.irq_p2   0x000046ce       0x8a contiki-sky.a(button-sensor.o)
                0x000046ce                irq_p2
                0x000046ce                __isr_1
 .text.owreadb  0x00004758       0x52 contiki-sky.a(ds2411.o)
 .text.ds2411_init
                0x000047aa      0x122 contiki-sky.a(ds2411.o)
                0x000047aa                ds2411_init
 .text.wait_ready
                0x000048cc       0x50 contiki-sky.a(xmem.o)
 .text.xmem_init
                0x0000491c       0x3e contiki-sky.a(xmem.o)
                0x0000491c                xmem_init
 .text.xmem_pread
                0x0000495a       0xea contiki-sky.a(xmem.o)
                0x0000495a                xmem_pread
 .text.node_id_restore
                0x00004a44       0x38 contiki-sky.a(node-id.o)
                0x00004a44                node_id_restore
 .text.process_thread_sensors_process
                0x00004a7c       0xbe contiki-sky.a(sensors.o)
 .text.sensors_changed
                0x00004b3a       0x2a contiki-sky.a(sensors.o)
                0x00004b3a                sensors_changed
 .text.get_object
                0x00004b64        0x4 contiki-sky.a(cc2420.o)
 .text.set_object
                0x00004b68        0x4 contiki-sky.a(cc2420.o)
 .text.strobe   0x00004b6c       0x20 contiki-sky.a(cc2420.o)
 .text.getreg   0x00004b8c       0x54 contiki-sky.a(cc2420.o)
 .text.setreg   0x00004be0       0x52 contiki-sky.a(cc2420.o)
 .text.write_ram
                0x00004c32       0x80 contiki-sky.a(cc2420.o)
 .text.write_fifo_buf
                0x00004cb2       0x40 contiki-sky.a(cc2420.o)
 .text.get_status
                0x00004cf2       0x24 contiki-sky.a(cc2420.o)
 .text.set_txpower
                0x00004d16       0x26 contiki-sky.a(cc2420.o)
 .text.cc2420_receiving_packet
                0x00004d3c        0xe contiki-sky.a(cc2420.o)
 .text.pending_packet
                0x00004d4a        0x8 contiki-sky.a(cc2420.o)
 .text.on       0x00004d52       0x1e contiki-sky.a(cc2420.o)
 .text.wait_for_transmission
                0x00004d70       0x22 contiki-sky.a(cc2420.o)
 .text.wait_for_status
                0x00004d92       0x2a contiki-sky.a(cc2420.o)
 .text.getrxdata
                0x00004dbc       0x56 contiki-sky.a(cc2420.o)
 .text.flushrx  0x00004e12       0x1a contiki-sky.a(cc2420.o)
 .text.off      0x00004e2c       0x5a contiki-sky.a(cc2420.o)
 .text.RELEASE_LOCK
                0x00004e86       0x28 contiki-sky.a(cc2420.o)
 .text.set_key  0x00004eae       0x18 contiki-sky.a(cc2420.o)
 .text.cc2420_on
                0x00004ec6       0x22 contiki-sky.a(cc2420.o)
                0x00004ec6                cc2420_on
 .text.cc2420_off
                0x00004ee8       0x30 contiki-sky.a(cc2420.o)
                0x00004ee8                cc2420_off
 .text.cc2420_cca
                0x00004f18       0x5e contiki-sky.a(cc2420.o)
 .text.cc2420_read
                0x00004f76       0xb0 contiki-sky.a(cc2420.o)
 .text.process_thread_cc2420_process
                0x00005026       0x50 contiki-sky.a(cc2420.o)
 .text.encrypt  0x00005076       0x8e contiki-sky.a(cc2420.o)
 .text.cc2420_set_channel
                0x00005104       0x3c contiki-sky.a(cc2420.o)
                0x00005104                cc2420_set_channel
 .text.cc2420_set_pan_addr
                0x00005140       0x4c contiki-sky.a(cc2420.o)
                0x00005140                cc2420_set_pan_addr
 .text.cc2420_interrupt
                0x0000518c       0x18 contiki-sky.a(cc2420.o)
                0x0000518c                cc2420_interrupt
 .text.cc2420_set_txpower
                0x000051a4        0xe contiki-sky.a(cc2420.o)
                0x000051a4                cc2420_set_txpower
 .text.cc2420_get_txpower
                0x000051b2       0x1e contiki-sky.a(cc2420.o)
                0x000051b2                cc2420_get_txpower
 .text.cc2420_transmit
                0x000051d0      0x10e contiki-sky.a(cc2420.o)
 .text.cc2420_rssi
                0x000052de       0x4c contiki-sky.a(cc2420.o)
                0x000052de                cc2420_rssi
 .text.get_value
                0x0000532a       0xac contiki-sky.a(cc2420.o)
 .text.cc2420_set_cca_threshold
                0x000053d6       0x16 contiki-sky.a(cc2420.o)
                0x000053d6                cc2420_set_cca_threshold
 .text.set_value
                0x000053ec       0x8a contiki-sky.a(cc2420.o)
 .text.cc2420_init
                0x00005476       0xde contiki-sky.a(cc2420.o)
                0x00005476                cc2420_init
 .text.cc2420_lyIsMali
                0x00005554       0x6e contiki-sky.a(cc2420.o)
                0x00005554                cc2420_lyIsMali
 .text.cc2420_prepare
                0x000055c2       0x56 contiki-sky.a(cc2420.o)
 .text.cc2420_send
                0x00005618       0x12 contiki-sky.a(cc2420.o)
 .text.cc2420_port1_interrupt
                0x0000562a       0x62 contiki-sky.a(cc2420-arch.o)
                0x0000562a                __isr_4
                0x0000562a                cc2420_port1_interrupt
 .text.cc2420_arch_init
                0x0000568c       0x1a contiki-sky.a(cc2420-arch.o)
                0x0000568c                cc2420_arch_init
 .text.uart1_active
                0x000056a6       0x1a contiki-sky.a(uart1.o)
                0x000056a6                uart1_active
 .text.uart1_writeb
                0x000056c0       0x1a contiki-sky.a(uart1.o)
                0x000056c0                uart1_writeb
 .text.uart1_init
                0x000056da       0xf6 contiki-sky.a(uart1.o)
                0x000056da                uart1_init
 .text.putchar  0x000057d0       0x10 contiki-sky.a(uart1-putchar.o)
                0x000057d0                putchar
 .text.msp430_init_dco
                0x000057e0       0x84 contiki-sky.a(msp430.o)
                0x000057e0                msp430_init_dco
 .text.msp430_add_lpm_req
                0x00005864        0xc contiki-sky.a(msp430.o)
                0x00005864                msp430_add_lpm_req
 .text.msp430_cpu_init
                0x00005870       0x2a contiki-sky.a(msp430.o)
                0x00005870                msp430_cpu_init
 .text.splhigh_
                0x0000589a        0x8 contiki-sky.a(msp430.o)
                0x0000589a                splhigh_
 .text.msp430_sync_dco
                0x000058a2       0x68 contiki-sky.a(msp430.o)
                0x000058a2                msp430_sync_dco
 .text.timera1  0x0000590a      0x11e contiki-sky.a(clock.o)
                0x0000590a                __isr_5
                0x0000590a                timera1
 .text.clock_time
                0x00005a28       0x1a contiki-sky.a(clock.o)
                0x00005a28                clock_time
 .text.clock_init
                0x00005a42       0x28 contiki-sky.a(clock.o)
                0x00005a42                clock_init
 .text.clock_delay
                0x00005a6a        0xc contiki-sky.a(clock.o)
                0x00005a6a                clock_delay
 .text.clock_seconds
                0x00005a76       0x1a contiki-sky.a(clock.o)
                0x00005a76                clock_seconds
 .text.show_leds
                0x00005a90       0xf6 contiki-sky.a(leds.o)
 .text.leds_init
                0x00005b86        0xa contiki-sky.a(leds.o)
                0x00005b86                leds_init
 .text.leds_on  0x00005b90        0xa contiki-sky.a(leds.o)
                0x00005b90                leds_on
 .text.leds_off
                0x00005b9a        0xe contiki-sky.a(leds.o)
                0x00005b9a                leds_off
 .text.leds_arch_init
                0x00005ba8        0xe contiki-sky.a(leds-arch.o)
                0x00005ba8                leds_arch_init
 .text.leds_arch_set
                0x00005bb6       0x3a contiki-sky.a(leds-arch.o)
                0x00005bb6                leds_arch_set
 .text.watchdog_interrupt
                0x00005bf0        0x6 contiki-sky.a(watchdog.o)
                0x00005bf0                __isr_10
                0x00005bf0                watchdog_interrupt
 .text.watchdog_start
                0x00005bf6       0x14 contiki-sky.a(watchdog.o)
                0x00005bf6                watchdog_start
 .text.watchdog_periodic
                0x00005c0a       0x12 contiki-sky.a(watchdog.o)
                0x00005c0a                watchdog_periodic
 .text.watchdog_stop
                0x00005c1c       0x16 contiki-sky.a(watchdog.o)
                0x00005c1c                watchdog_stop
 .text.watchdog_init
                0x00005c32       0x14 contiki-sky.a(watchdog.o)
                0x00005c32                watchdog_init
 .text.rtimer_arch_init
                0x00005c46        0xe contiki-sky.a(rtimer-arch.o)
                0x00005c46                rtimer_arch_init
 .text.rtimer_arch_now
                0x00005c54        0xe contiki-sky.a(rtimer-arch.o)
                0x00005c54                rtimer_arch_now
 .text.timera0  0x00005c62       0x70 contiki-sky.a(rtimer-arch.o)
                0x00005c62                __isr_6
                0x00005c62                timera0
 .text.rtimer_arch_schedule
                0x00005cd2        0x6 contiki-sky.a(rtimer-arch.o)
                0x00005cd2                rtimer_arch_schedule
 .text.autostart_start
                0x00005cd8       0x16 contiki-sky.a(autostart.o)
                0x00005cd8                autostart_start
 .text.process_thread_ctimer_process
                0x00005cee       0xa4 contiki-sky.a(ctimer.o)
 .text.ctimer_init
                0x00005d92       0x18 contiki-sky.a(ctimer.o)
                0x00005d92                ctimer_init
 .text.ctimer_set
                0x00005daa       0x50 contiki-sky.a(ctimer.o)
                0x00005daa                ctimer_set
 .text.ctimer_reset
                0x00005dfa       0x30 contiki-sky.a(ctimer.o)
                0x00005dfa                ctimer_reset
 .text.ctimer_stop
                0x00005e2a       0x28 contiki-sky.a(ctimer.o)
                0x00005e2a                ctimer_stop
 .text.energest_init
                0x00005e52       0x28 contiki-sky.a(energest.o)
                0x00005e52                energest_init
 .text.energest_type_time
                0x00005e7a       0x46 contiki-sky.a(energest.o)
                0x00005e7a                energest_type_time
 .text.energest_type_set
                0x00005ec0        0xe contiki-sky.a(energest.o)
                0x00005ec0                energest_type_set
 .text.energest_flush
                0x00005ece       0x48 contiki-sky.a(energest.o)
                0x00005ece                energest_flush
 .text.update_time
                0x00005f16       0x78 contiki-sky.a(etimer.o)
 .text.etimer_request_poll
                0x00005f8e        0xa contiki-sky.a(etimer.o)
                0x00005f8e                etimer_request_poll
 .text.process_thread_etimer_process
                0x00005f98       0xc8 contiki-sky.a(etimer.o)
 .text.add_timer
                0x00006060       0x40 contiki-sky.a(etimer.o)
 .text.etimer_set
                0x000060a0       0x12 contiki-sky.a(etimer.o)
                0x000060a0                etimer_set
 .text.etimer_reset
                0x000060b2       0x12 contiki-sky.a(etimer.o)
                0x000060b2                etimer_reset
 .text.etimer_restart
                0x000060c4       0x12 contiki-sky.a(etimer.o)
                0x000060c4                etimer_restart
 .text.etimer_expired
                0x000060d6        0xe contiki-sky.a(etimer.o)
                0x000060d6                etimer_expired
 .text.etimer_expiration_time
                0x000060e4       0x14 contiki-sky.a(etimer.o)
                0x000060e4                etimer_expiration_time
 .text.etimer_pending
                0x000060f8        0xc contiki-sky.a(etimer.o)
                0x000060f8                etimer_pending
 .text.etimer_next_expiration_time
                0x00006104       0x16 contiki-sky.a(etimer.o)
                0x00006104                etimer_next_expiration_time
 .text.etimer_stop
                0x0000611a       0x3c contiki-sky.a(etimer.o)
                0x0000611a                etimer_stop
 .text.call_process
                0x00006156       0x4a contiki-sky.a(process.o)
 .text.exit_process
                0x000061a0       0x96 contiki-sky.a(process.o)
 .text.do_poll  0x00006236       0x30 contiki-sky.a(process.o)
 .text.process_alloc_event
                0x00006266        0xe contiki-sky.a(process.o)
                0x00006266                process_alloc_event
 .text.process_init
                0x00006274       0x1c contiki-sky.a(process.o)
                0x00006274                process_init
 .text.process_run
                0x00006290       0xa2 contiki-sky.a(process.o)
                0x00006290                process_run
 .text.process_nevents
                0x00006332        0xe contiki-sky.a(process.o)
                0x00006332                process_nevents
 .text.process_post
                0x00006340       0x54 contiki-sky.a(process.o)
                0x00006340                process_post
 .text.process_post_synch
                0x00006394       0x12 contiki-sky.a(process.o)
                0x00006394                process_post_synch
 .text.process_start
                0x000063a6       0x32 contiki-sky.a(process.o)
                0x000063a6                process_start
 .text.process_poll
                0x000063d8       0x18 contiki-sky.a(process.o)
                0x000063d8                process_poll
 .text.rtimer_init
                0x000063f0        0x6 contiki-sky.a(rtimer.o)
                0x000063f0                rtimer_init
 .text.rtimer_set
                0x000063f6       0x24 contiki-sky.a(rtimer.o)
                0x000063f6                rtimer_set
 .text.rtimer_run_next
                0x0000641a       0x26 contiki-sky.a(rtimer.o)
                0x0000641a                rtimer_run_next
 .text.timer_set
                0x00006440       0x1c contiki-sky.a(timer.o)
                0x00006440                timer_set
 .text.timer_reset
                0x0000645c        0xe contiki-sky.a(timer.o)
                0x0000645c                timer_reset
 .text.timer_restart
                0x0000646a       0x14 contiki-sky.a(timer.o)
                0x0000646a                timer_restart
 .text.timer_expired
                0x0000647e       0x2a contiki-sky.a(timer.o)
                0x0000647e                timer_expired
 .text.list_init
                0x000064a8        0x6 contiki-sky.a(list.o)
                0x000064a8                list_init
 .text.list_head
                0x000064ae        0x4 contiki-sky.a(list.o)
                0x000064ae                list_head
 .text.list_tail
                0x000064b2       0x12 contiki-sky.a(list.o)
                0x000064b2                list_tail
 .text.list_remove
                0x000064c4       0x34 contiki-sky.a(list.o)
                0x000064c4                list_remove
 .text.list_push
                0x000064f8       0x1a contiki-sky.a(list.o)
                0x000064f8                list_push
 .text.list_add
                0x00006512       0x2a contiki-sky.a(list.o)
                0x00006512                list_add
 .text.list_length
                0x0000653c       0x10 contiki-sky.a(list.o)
                0x0000653c                list_length
 .text.list_item_next
                0x0000654c        0xc contiki-sky.a(list.o)
                0x0000654c                list_item_next
 .text.random_init
                0x00006558        0x6 contiki-sky.a(random.o)
                0x00006558                random_init
 .text.random_rand
                0x0000655e        0x6 contiki-sky.a(random.o)
                0x0000655e                random_rand
 .text.set_packet_attrs
                0x00006564       0x44 contiki-sky.a(sicslowpan.o)
 .text.addr_context_lookup_by_number
                0x000065a8       0x36 contiki-sky.a(sicslowpan.o)
 .text.compress_addr_64
                0x000065de       0xae contiki-sky.a(sicslowpan.o)
 .text.uncompress_addr
                0x0000668c       0xb4 contiki-sky.a(sicslowpan.o)
 .text.input    0x00006740      0x65c contiki-sky.a(sicslowpan.o)
 .text.sicslowpan_init
                0x00006d9c       0x26 contiki-sky.a(sicslowpan.o)
                0x00006d9c                sicslowpan_init
 .text.addr_context_lookup_by_prefix
                0x00006dc2       0x4c contiki-sky.a(sicslowpan.o)
 .text.send_packet
                0x00006e0e       0x1a contiki-sky.a(sicslowpan.o)
 .text.output   0x00006e28      0x6da contiki-sky.a(sicslowpan.o)
 .text.packet_sent
                0x00007502       0x22 contiki-sky.a(sicslowpan.o)
 .text.chksum   0x00007524       0x32 contiki-sky.a(uip6.o)
 .text.upper_layer_chksum
                0x00007556       0x56 contiki-sky.a(uip6.o)
 .text.ext_hdr_options_process
                0x000075ac       0xda contiki-sky.a(uip6.o)
 .text.uip_add32
                0x00007686       0x68 contiki-sky.a(uip6.o)
                0x00007686                uip_add32
 .text.unlikely.uip_add_rcv_nxt
                0x000076ee       0x2e contiki-sky.a(uip6.o)
 .text.uip_icmp6chksum
                0x0000771c        0xa contiki-sky.a(uip6.o)
                0x0000771c                uip_icmp6chksum
 .text.uip_tcpchksum
                0x00007726        0xa contiki-sky.a(uip6.o)
                0x00007726                uip_tcpchksum
 .text.uip_udpchksum
                0x00007730        0xa contiki-sky.a(uip6.o)
                0x00007730                uip_udpchksum
 .text.uip_init
                0x0000773a       0x7a contiki-sky.a(uip6.o)
                0x0000773a                uip_init
 .text.remove_ext_hdr
                0x000077b4       0x5a contiki-sky.a(uip6.o)
                0x000077b4                remove_ext_hdr
 .text.uip_udp_new
                0x0000780e       0xf4 contiki-sky.a(uip6.o)
                0x0000780e                uip_udp_new
 .text.uip_unlisten
                0x00007902       0x2a contiki-sky.a(uip6.o)
                0x00007902                uip_unlisten
 .text.uip_process
                0x0000792c      0xe9e contiki-sky.a(uip6.o)
                0x0000792c                uip_process
 .text.uip_htonl
                0x000087ca       0x2e contiki-sky.a(uip6.o)
                0x000087ca                uip_htonl
 .text.uip_ds6_list_loop
                0x000087f8       0x86 contiki-sky.a(uip-ds6.o)
                0x000087f8                uip_ds6_list_loop
 .text.uip_ds6_prefix_add
                0x0000887e       0x80 contiki-sky.a(uip-ds6.o)
                0x0000887e                uip_ds6_prefix_add
 .text.uip_ds6_is_addr_onlink
                0x000088fe       0x54 contiki-sky.a(uip-ds6.o)
                0x000088fe                uip_ds6_is_addr_onlink
 .text.uip_ds6_addr_lookup
                0x00008952       0x2a contiki-sky.a(uip-ds6.o)
                0x00008952                uip_ds6_addr_lookup
 .text.uip_ds6_get_link_local
                0x0000897c       0x3e contiki-sky.a(uip-ds6.o)
                0x0000897c                uip_ds6_get_link_local
 .text.uip_ds6_maddr_add
                0x000089ba       0x4c contiki-sky.a(uip-ds6.o)
                0x000089ba                uip_ds6_maddr_add
 .text.uip_ds6_addr_add
                0x00008a06       0xc4 contiki-sky.a(uip-ds6.o)
                0x00008a06                uip_ds6_addr_add
 .text.uip_ds6_maddr_lookup
                0x00008aca       0x2a contiki-sky.a(uip-ds6.o)
                0x00008aca                uip_ds6_maddr_lookup
 .text.uip_ds6_addr_rm
                0x00008af4       0x54 contiki-sky.a(uip-ds6.o)
                0x00008af4                uip_ds6_addr_rm
 .text.uip_ds6_periodic
                0x00008b48       0x4a contiki-sky.a(uip-ds6.o)
                0x00008b48                uip_ds6_periodic
 .text.uip_ds6_set_addr_iid
                0x00008b92       0x14 contiki-sky.a(uip-ds6.o)
                0x00008b92                uip_ds6_set_addr_iid
 .text.get_match_length
                0x00008ba6       0x3e contiki-sky.a(uip-ds6.o)
                0x00008ba6                get_match_length
 .text.uip_ds6_select_src
                0x00008be4       0xaa contiki-sky.a(uip-ds6.o)
                0x00008be4                uip_ds6_select_src
 .text.uip_ds6_compute_reachable_time
                0x00008c8e       0x3e contiki-sky.a(uip-ds6.o)
                0x00008c8e                uip_ds6_compute_reachable_time
 .text.uip_ds6_init
                0x00008ccc      0x154 contiki-sky.a(uip-ds6.o)
                0x00008ccc                uip_ds6_init
 .text.uip_ds6_nbr_rm
                0x00008e20       0x1a contiki-sky.a(uip-ds6-nbr.o)
                0x00008e20                uip_ds6_nbr_rm
 .text.uip_ds6_neighbors_init
                0x00008e3a        0xe contiki-sky.a(uip-ds6-nbr.o)
                0x00008e3a                uip_ds6_neighbors_init
 .text.uip_ds6_nbr_add
                0x00008e48       0x60 contiki-sky.a(uip-ds6-nbr.o)
                0x00008e48                uip_ds6_nbr_add
 .text.uip_ds6_nbr_get_ll
                0x00008ea8        0xc contiki-sky.a(uip-ds6-nbr.o)
                0x00008ea8                uip_ds6_nbr_get_ll
 .text.uip_ds6_nbr_lookup
                0x00008eb4       0x42 contiki-sky.a(uip-ds6-nbr.o)
                0x00008eb4                uip_ds6_nbr_lookup
 .text.uip_ds6_nbr_ll_lookup
                0x00008ef6        0xc contiki-sky.a(uip-ds6-nbr.o)
                0x00008ef6                uip_ds6_nbr_ll_lookup
 .text.uip_ds6_nbr_ipaddr_from_lladdr
                0x00008f02        0x6 contiki-sky.a(uip-ds6-nbr.o)
                0x00008f02                uip_ds6_nbr_ipaddr_from_lladdr
 .text.uip_ds6_nbr_lladdr_from_ipaddr
                0x00008f08       0x12 contiki-sky.a(uip-ds6-nbr.o)
                0x00008f08                uip_ds6_nbr_lladdr_from_ipaddr
 .text.uip_ds6_link_neighbor_callback
                0x00008f1a       0x2a contiki-sky.a(uip-ds6-nbr.o)
                0x00008f1a                uip_ds6_link_neighbor_callback
 .text.uip_ds6_neighbor_periodic
                0x00008f44       0x60 contiki-sky.a(uip-ds6-nbr.o)
                0x00008f44                uip_ds6_neighbor_periodic
 .text.call_route_callback
                0x00008fa4       0x4c contiki-sky.a(uip-ds6-route.o)
 .text.uip_ds6_route_init
                0x00008ff0       0x36 contiki-sky.a(uip-ds6-route.o)
                0x00008ff0                uip_ds6_route_init
 .text.uip_ds6_route_nexthop
                0x00009026       0x1a contiki-sky.a(uip-ds6-route.o)
                0x00009026                uip_ds6_route_nexthop
 .text.uip_ds6_route_head
                0x00009040        0xa contiki-sky.a(uip-ds6-route.o)
                0x00009040                uip_ds6_route_head
 .text.uip_ds6_route_next
                0x0000904a        0xe contiki-sky.a(uip-ds6-route.o)
                0x0000904a                uip_ds6_route_next
 .text.uip_ds6_route_lookup
                0x00009058       0x8c contiki-sky.a(uip-ds6-route.o)
                0x00009058                uip_ds6_route_lookup
 .text.uip_ds6_route_rm
                0x000090e4       0xa4 contiki-sky.a(uip-ds6-route.o)
                0x000090e4                uip_ds6_route_rm
 .text.rm_routelist
                0x00009188       0x34 contiki-sky.a(uip-ds6-route.o)
 .text.rm_routelist_callback
                0x000091bc        0x6 contiki-sky.a(uip-ds6-route.o)
 .text.uip_ds6_route_add
                0x000091c2      0x10c contiki-sky.a(uip-ds6-route.o)
                0x000091c2                uip_ds6_route_add
 .text.uip_ds6_defrt_rm
                0x000092ce       0x48 contiki-sky.a(uip-ds6-route.o)
                0x000092ce                uip_ds6_defrt_rm
 .text.uip_ds6_defrt_lookup
                0x00009316       0x36 contiki-sky.a(uip-ds6-route.o)
                0x00009316                uip_ds6_defrt_lookup
 .text.uip_ds6_defrt_add
                0x0000934c       0x74 contiki-sky.a(uip-ds6-route.o)
                0x0000934c                uip_ds6_defrt_add
 .text.uip_ds6_defrt_choose
                0x000093c0       0x3a contiki-sky.a(uip-ds6-route.o)
                0x000093c0                uip_ds6_defrt_choose
 .text.uip_ds6_defrt_periodic
                0x000093fa       0x38 contiki-sky.a(uip-ds6-route.o)
                0x000093fa                uip_ds6_defrt_periodic
 .text.echo_reply_input
                0x00009432      0x112 contiki-sky.a(uip-icmp6.o)
 .text.echo_request_input
                0x00009544      0x12c contiki-sky.a(uip-icmp6.o)
 .text.uip_icmp6_input
                0x00009670       0x44 contiki-sky.a(uip-icmp6.o)
                0x00009670                uip_icmp6_input
 .text.uip_icmp6_register_input_handler
                0x000096b4        0xc contiki-sky.a(uip-icmp6.o)
                0x000096b4                uip_icmp6_register_input_handler
 .text.uip_icmp6_error_output
                0x000096c0      0x17a contiki-sky.a(uip-icmp6.o)
                0x000096c0                uip_icmp6_error_output
 .text.uip_icmp6_send
                0x0000983a       0xa8 contiki-sky.a(uip-icmp6.o)
                0x0000983a                uip_icmp6_send
 .text.uip_icmp6_init
                0x000098e2       0x12 contiki-sky.a(uip-icmp6.o)
                0x000098e2                uip_icmp6_init
 .text.uip_nd6_init
                0x000098f4        0x2 contiki-sky.a(uip-nd6.o)
                0x000098f4                uip_nd6_init
 .text.start_periodic_tcp_timer
                0x000098f6       0x16 contiki-sky.a(tcpip.o)
 .text.tcpip_output
                0x0000990c       0x10 contiki-sky.a(tcpip.o)
                0x0000990c                tcpip_output
 .text.tcpip_set_outputfunc
                0x0000991c        0x6 contiki-sky.a(tcpip.o)
                0x0000991c                tcpip_set_outputfunc
 .text.udp_new  0x00009922       0x1a contiki-sky.a(tcpip.o)
                0x00009922                udp_new
 .text.tcpip_input
                0x0000993c       0x16 contiki-sky.a(tcpip.o)
                0x0000993c                tcpip_input
 .text.tcpip_ipv6_output
                0x00009952       0xce contiki-sky.a(tcpip.o)
                0x00009952                tcpip_ipv6_output
 .text.process_thread_tcpip_process
                0x00009a20      0x1d0 contiki-sky.a(tcpip.o)
 .text.tcpip_uipcall
                0x00009bf0       0x72 contiki-sky.a(tcpip.o)
                0x00009bf0                tcpip_uipcall
 .text.uip_debug_ipaddr_print
                0x00009c62       0x7c contiki-sky.a(uip-debug.o)
                0x00009c62                uip_debug_ipaddr_print
 .text.uip_udp_packet_send
                0x00009cde       0x2e contiki-sky.a(uip-udp-packet.)
                0x00009cde                uip_udp_packet_send
 .text.uip_udp_packet_sendto
                0x00009d0c       0x66 contiki-sky.a(uip-udp-packet.)
                0x00009d0c                uip_udp_packet_sendto
 .text.rpl_get_mode
                0x00009d72        0x6 contiki-sky.a(rpl.o)
                0x00009d72                rpl_get_mode
 .text.rpl_purge_routes
                0x00009d78       0x96 contiki-sky.a(rpl.o)
                0x00009d78                rpl_purge_routes
 .text.rpl_remove_routes
                0x00009e0e       0x22 contiki-sky.a(rpl.o)
                0x00009e0e                rpl_remove_routes
 .text.rpl_remove_routes_by_nexthop
                0x00009e30       0x46 contiki-sky.a(rpl.o)
                0x00009e30                rpl_remove_routes_by_nexthop
 .text.rpl_add_route
                0x00009e76       0x44 contiki-sky.a(rpl.o)
                0x00009e76                rpl_add_route
 .text.rpl_link_neighbor_callback
                0x00009eba       0x7c contiki-sky.a(rpl.o)
                0x00009eba                rpl_link_neighbor_callback
 .text.rpl_ipv6_neighbor_callback
                0x00009f36       0x1e contiki-sky.a(rpl.o)
                0x00009f36                rpl_ipv6_neighbor_callback
 .text.rpl_init
                0x00009f54       0x4a contiki-sky.a(rpl.o)
                0x00009f54                rpl_init
 .text.lollipop_greater_than
                0x00009f9e       0x44 contiki-sky.a(rpl-dag.o)
 .text.acceptable_rank
                0x00009fe2       0x50 contiki-sky.a(rpl-dag.o)
 .text.find_parent_any_dag_any_instance
                0x0000a032       0x14 contiki-sky.a(rpl-dag.o)
 .text.set_ip_from_prefix
                0x0000a046       0x38 contiki-sky.a(rpl-dag.o)
 .text.check_prefix
                0x0000a07e       0xb4 contiki-sky.a(rpl-dag.o)
 .text.rpl_get_nbr
                0x0000a132       0x1e contiki-sky.a(rpl-dag.o)
                0x0000a132                rpl_get_nbr
 .text.rpl_dag_init
                0x0000a150        0xe contiki-sky.a(rpl-dag.o)
                0x0000a150                rpl_dag_init
 .text.rpl_get_parent
                0x0000a15e        0xc contiki-sky.a(rpl-dag.o)
                0x0000a15e                rpl_get_parent
 .text.rpl_get_parent_ipaddr
                0x0000a16a       0x10 contiki-sky.a(rpl-dag.o)
                0x0000a16a                rpl_get_parent_ipaddr
 .text.rpl_set_preferred_parent
                0x0000a17a       0x8c contiki-sky.a(rpl-dag.o)
 .text.rpl_set_prefix
                0x0000a206       0xa8 contiki-sky.a(rpl-dag.o)
                0x0000a206                rpl_set_prefix
 .text.rpl_set_default_route
                0x0000a2ae       0xa2 contiki-sky.a(rpl-dag.o)
                0x0000a2ae                rpl_set_default_route
 .text.rpl_alloc_instance
                0x0000a350       0x34 contiki-sky.a(rpl-dag.o)
                0x0000a350                rpl_alloc_instance
 .text.rpl_add_parent
                0x0000a384       0x82 contiki-sky.a(rpl-dag.o)
                0x0000a384                rpl_add_parent
 .text.rpl_find_parent
                0x0000a406       0x1a contiki-sky.a(rpl-dag.o)
                0x0000a406                rpl_find_parent
 .text.rpl_find_parent_any_dag
                0x0000a420       0x22 contiki-sky.a(rpl-dag.o)
                0x0000a420                rpl_find_parent_any_dag
 .text.rpl_select_parent
                0x0000a442       0x7e contiki-sky.a(rpl-dag.o)
                0x0000a442                rpl_select_parent
 .text.rpl_select_dag
                0x0000a4c0      0x1d2 contiki-sky.a(rpl-dag.o)
                0x0000a4c0                rpl_select_dag
 .text.rpl_nullify_parent
                0x0000a692       0x92 contiki-sky.a(rpl-dag.o)
                0x0000a692                rpl_nullify_parent
 .text.rpl_remove_parent
                0x0000a724       0x34 contiki-sky.a(rpl-dag.o)
                0x0000a724                rpl_remove_parent
 .text.nbr_callback
                0x0000a758        0x6 contiki-sky.a(rpl-dag.o)
 .text.remove_parents.constprop.2
                0x0000a75e       0x32 contiki-sky.a(rpl-dag.o)
 .text.rpl_move_parent
                0x0000a790       0xa0 contiki-sky.a(rpl-dag.o)
                0x0000a790                rpl_move_parent
 .text.rpl_get_any_dag
                0x0000a830       0x18 contiki-sky.a(rpl-dag.o)
                0x0000a830                rpl_get_any_dag
 .text.rpl_get_instance
                0x0000a848       0x1a contiki-sky.a(rpl-dag.o)
                0x0000a848                rpl_get_instance
 .text.rpl_alloc_dag
                0x0000a862       0x60 contiki-sky.a(rpl-dag.o)
                0x0000a862                rpl_alloc_dag
 .text.rpl_repair_root
                0x0000a8c2       0x50 contiki-sky.a(rpl-dag.o)
                0x0000a8c2                rpl_repair_root
 .text.rpl_find_of
                0x0000a912       0x10 contiki-sky.a(rpl-dag.o)
                0x0000a912                rpl_find_of
 .text.rpl_join_instance
                0x0000a922      0x1ac contiki-sky.a(rpl-dag.o)
                0x0000a922                rpl_join_instance
 .text.rpl_local_repair
                0x0000aace       0x8e contiki-sky.a(rpl-dag.o)
                0x0000aace                rpl_local_repair
 .text.rpl_process_parent_event
                0x0000ab5c       0xf6 contiki-sky.a(rpl-dag.o)
                0x0000ab5c                rpl_process_parent_event
 .text.rpl_recalculate_ranks
                0x0000ac52       0x60 contiki-sky.a(rpl-dag.o)
                0x0000ac52                rpl_recalculate_ranks
 .text.rpl_add_dag
                0x0000acb2      0x17a contiki-sky.a(rpl-dag.o)
                0x0000acb2                rpl_add_dag
 .text.rpl_process_dio
                0x0000ae2c      0x3f6 contiki-sky.a(rpl-dag.o)
                0x0000ae2c                rpl_process_dio
 .text.rpl_lock_parent
                0x0000b222        0xc contiki-sky.a(rpl-dag.o)
                0x0000b222                rpl_lock_parent
 .text.rpl_verify_header
                0x0000b22e      0x106 contiki-sky.a(rpl-ext-header.)
                0x0000b22e                rpl_verify_header
 .text.rpl_update_header_empty
                0x0000b334      0x126 contiki-sky.a(rpl-ext-header.)
                0x0000b334                rpl_update_header_empty
 .text.rpl_update_header_final
                0x0000b45a       0x94 contiki-sky.a(rpl-ext-header.)
                0x0000b45a                rpl_update_header_final
 .text.rpl_invert_header
                0x0000b4ee       0x7a contiki-sky.a(rpl-ext-header.)
                0x0000b4ee                rpl_invert_header
 .text.rpl_insert_header
                0x0000b568       0x12 contiki-sky.a(rpl-ext-header.)
                0x0000b568                rpl_insert_header
 .text.get32    0x0000b57a       0x46 contiki-sky.a(rpl-icmp6.o)
 .text.set32    0x0000b5c0       0x2a contiki-sky.a(rpl-icmp6.o)
 .text.get16    0x0000b5ea        0xe contiki-sky.a(rpl-icmp6.o)
 .text.set16    0x0000b5f8       0x10 contiki-sky.a(rpl-icmp6.o)
 .text.dao_ack_input
                0x0000b608        0x6 contiki-sky.a(rpl-icmp6.o)
 .text.dio_input
                0x0000b60e      0x2d2 contiki-sky.a(rpl-icmp6.o)
 .text.dis_output
                0x0000b8e0       0x50 contiki-sky.a(rpl-icmp6.o)
                0x0000b8e0                dis_output
 .text.dio_output
                0x0000b930      0x268 contiki-sky.a(rpl-icmp6.o)
                0x0000b930                dio_output
 .text.dis_input
                0x0000bb98       0x28 contiki-sky.a(rpl-icmp6.o)
 .text.dao_output_target
                0x0000bbc0       0xea contiki-sky.a(rpl-icmp6.o)
                0x0000bbc0                dao_output_target
 .text.dao_output
                0x0000bcaa       0x80 contiki-sky.a(rpl-icmp6.o)
                0x0000bcaa                dao_output
 .text.dao_ack_output
                0x0000bd2a       0x32 contiki-sky.a(rpl-icmp6.o)
                0x0000bd2a                dao_ack_output
 .text.dao_input
                0x0000bd5c      0x2d6 contiki-sky.a(rpl-icmp6.o)
 .text.rpl_icmp6_register_handlers
                0x0000c032       0x22 contiki-sky.a(rpl-icmp6.o)
                0x0000c032                rpl_icmp6_register_handlers
 .text.reset    0x0000c054        0x2 contiki-sky.a(rpl-mrhof.o)
 .text.update_metric_container
                0x0000c056        0x6 contiki-sky.a(rpl-mrhof.o)
 .text.calculate_rank
                0x0000c05c       0x3e contiki-sky.a(rpl-mrhof.o)
 .text.neighbor_link_callback
                0x0000c09a       0xb4 contiki-sky.a(rpl-mrhof.o)
 .text.best_dag
                0x0000c14e       0x34 contiki-sky.a(rpl-mrhof.o)
 .text.calculate_path_metric.part.1
                0x0000c182       0x48 contiki-sky.a(rpl-mrhof.o)
 .text.best_parent
                0x0000c1ca       0x5c contiki-sky.a(rpl-mrhof.o)
 .text.handle_sleep_timer
                0x0000c226        0xa contiki-sky.a(rpl-timers.o)
 .text.new_dio_interval
                0x0000c230       0x92 contiki-sky.a(rpl-timers.o)
 .text.handle_periodic_timer
                0x0000c2c2       0x2e contiki-sky.a(rpl-timers.o)
 .text.handle_loop_detection_timer
                0x0000c2f0       0x52 contiki-sky.a(rpl-timers.o)
 .text.set_dao_lifetime_timer
                0x0000c342       0x52 contiki-sky.a(rpl-timers.o)
 .text.schedule_dao
                0x0000c394       0x82 contiki-sky.a(rpl-timers.o)
 .text.handle_dio_timer
                0x0000c416       0x88 contiki-sky.a(rpl-timers.o)
 .text.handle_dao_timer
                0x0000c49e       0x64 contiki-sky.a(rpl-timers.o)
 .text.rpl_reset_periodic_timer
                0x0000c502       0x60 contiki-sky.a(rpl-timers.o)
                0x0000c502                rpl_reset_periodic_timer
 .text.rpl_reset_dio_timer
                0x0000c562       0x18 contiki-sky.a(rpl-timers.o)
                0x0000c562                rpl_reset_dio_timer
 .text.rpl_schedule_dao
                0x0000c57a        0xc contiki-sky.a(rpl-timers.o)
                0x0000c57a                rpl_schedule_dao
 .text.rpl_schedule_probing
                0x0000c586       0x3c contiki-sky.a(rpl-timers.o)
                0x0000c586                rpl_schedule_probing
 .text.handle_probing_timer
                0x0000c5c2      0x124 contiki-sky.a(rpl-timers.o)
 .text.set_detect_loop_timer
                0x0000c6e6       0x3a contiki-sky.a(rpl-timers.o)
                0x0000c6e6                set_detect_loop_timer
 .text.input_packet
                0x0000c720        0x6 contiki-sky.a(csma.o)
 .text.on       0x0000c726        0x6 contiki-sky.a(csma.o)
 .text.off      0x0000c72c        0x6 contiki-sky.a(csma.o)
 .text.channel_check_interval
                0x0000c732       0x10 contiki-sky.a(csma.o)
 .text.transmit_packet_list
                0x0000c742       0x24 contiki-sky.a(csma.o)
 .text.send_packet
                0x0000c766      0x17a contiki-sky.a(csma.o)
 .text.init     0x0000c8e0       0x1a contiki-sky.a(csma.o)
 .text.free_packet
                0x0000c8fa       0x9c contiki-sky.a(csma.o)
 .text.packet_sent
                0x0000c996      0x130 contiki-sky.a(csma.o)
 .text.parse    0x0000cac6       0xa0 contiki-sky.a(framer-802154.o)
 .text.create_frame.isra.0
                0x0000cb66      0x108 contiki-sky.a(framer-802154.o)
 .text.create   0x0000cc6e        0x8 contiki-sky.a(framer-802154.o)
 .text.hdr_length
                0x0000cc76        0x8 contiki-sky.a(framer-802154.o)
 .text.framer_canonical_create_and_secure
                0x0000cc7e       0x20 contiki-sky.a(framer.o)
                0x0000cc7e                framer_canonical_create_and_secure
 .text.mac_call_sent_callback
                0x0000cc9e       0x14 contiki-sky.a(mac.o)
                0x0000cc9e                mac_call_sent_callback
 .text.linkaddr_copy
                0x0000ccb2        0x8 contiki-sky.a(linkaddr.o)
                0x0000ccb2                linkaddr_copy
 .text.linkaddr_cmp
                0x0000ccba       0x12 contiki-sky.a(linkaddr.o)
                0x0000ccba                linkaddr_cmp
 .text.linkaddr_set_node_addr
                0x0000cccc        0xc contiki-sky.a(linkaddr.o)
                0x0000cccc                linkaddr_set_node_addr
 .text.index_from_key
                0x0000ccd8       0x48 contiki-sky.a(nbr-table.o)
 .text.item_from_key
                0x0000cd20       0x34 contiki-sky.a(nbr-table.o)
 .text.nbr_set_bit
                0x0000cd54       0x8e contiki-sky.a(nbr-table.o)
 .text.index_from_lladdr
                0x0000cde2       0x42 contiki-sky.a(nbr-table.o)
 .text.nbr_get_bit.constprop.0
                0x0000ce24       0x62 contiki-sky.a(nbr-table.o)
 .text.nbr_table_register
                0x0000ce86       0x28 contiki-sky.a(nbr-table.o)
                0x0000ce86                nbr_table_register
 .text.nbr_table_next
                0x0000ceae       0x90 contiki-sky.a(nbr-table.o)
                0x0000ceae                nbr_table_next
 .text.nbr_table_head
                0x0000cf3e       0x36 contiki-sky.a(nbr-table.o)
                0x0000cf3e                nbr_table_head
 .text.nbr_table_add_lladdr
                0x0000cf74      0x144 contiki-sky.a(nbr-table.o)
                0x0000cf74                nbr_table_add_lladdr
 .text.nbr_table_get_from_lladdr
                0x0000d0b8       0x48 contiki-sky.a(nbr-table.o)
                0x0000d0b8                nbr_table_get_from_lladdr
 .text.nbr_table_remove
                0x0000d100       0x32 contiki-sky.a(nbr-table.o)
                0x0000d100                nbr_table_remove
 .text.nbr_table_lock
                0x0000d132       0x10 contiki-sky.a(nbr-table.o)
                0x0000d132                nbr_table_lock
 .text.nbr_table_unlock
                0x0000d142       0x10 contiki-sky.a(nbr-table.o)
                0x0000d142                nbr_table_unlock
 .text.nbr_table_get_lladdr
                0x0000d152       0x5a contiki-sky.a(nbr-table.o)
                0x0000d152                nbr_table_get_lladdr
 .text.packetbuf_compact
                0x0000d1ac       0x2e contiki-sky.a(packetbuf.o)
                0x0000d1ac                packetbuf_compact
 .text.packetbuf_copyto
                0x0000d1da       0x52 contiki-sky.a(packetbuf.o)
                0x0000d1da                packetbuf_copyto
 .text.packetbuf_hdrreduce
                0x0000d22c       0x1a contiki-sky.a(packetbuf.o)
                0x0000d22c                packetbuf_hdrreduce
 .text.packetbuf_set_datalen
                0x0000d246        0x6 contiki-sky.a(packetbuf.o)
                0x0000d246                packetbuf_set_datalen
 .text.packetbuf_dataptr
                0x0000d24c        0xe contiki-sky.a(packetbuf.o)
                0x0000d24c                packetbuf_dataptr
 .text.packetbuf_hdrptr
                0x0000d25a        0xa contiki-sky.a(packetbuf.o)
                0x0000d25a                packetbuf_hdrptr
 .text.packetbuf_datalen
                0x0000d264        0x6 contiki-sky.a(packetbuf.o)
                0x0000d264                packetbuf_datalen
 .text.packetbuf_hdrlen
                0x0000d26a       0x10 contiki-sky.a(packetbuf.o)
                0x0000d26a                packetbuf_hdrlen
 .text.packetbuf_totlen
                0x0000d27a        0xc contiki-sky.a(packetbuf.o)
                0x0000d27a                packetbuf_totlen
 .text.packetbuf_hdralloc
                0x0000d286       0x2e contiki-sky.a(packetbuf.o)
                0x0000d286                packetbuf_hdralloc
 .text.packetbuf_attr_clear
                0x0000d2b4       0x28 contiki-sky.a(packetbuf.o)
                0x0000d2b4                packetbuf_attr_clear
 .text.packetbuf_clear
                0x0000d2dc       0x1a contiki-sky.a(packetbuf.o)
                0x0000d2dc                packetbuf_clear
 .text.packetbuf_copyfrom
                0x0000d2f6       0x2e contiki-sky.a(packetbuf.o)
                0x0000d2f6                packetbuf_copyfrom
 .text.packetbuf_attr_copyto
                0x0000d324       0x22 contiki-sky.a(packetbuf.o)
                0x0000d324                packetbuf_attr_copyto
 .text.packetbuf_attr_copyfrom
                0x0000d346       0x24 contiki-sky.a(packetbuf.o)
                0x0000d346                packetbuf_attr_copyfrom
 .text.packetbuf_holds_broadcast
                0x0000d36a        0xe contiki-sky.a(packetbuf.o)
                0x0000d36a                packetbuf_holds_broadcast
 .text.queuebuf_init
                0x0000d378       0x12 contiki-sky.a(queuebuf.o)
                0x0000d378                queuebuf_init
 .text.queuebuf_numfree
                0x0000d38a        0xa contiki-sky.a(queuebuf.o)
                0x0000d38a                queuebuf_numfree
 .text.queuebuf_new_from_packetbuf
                0x0000d394       0x52 contiki-sky.a(queuebuf.o)
                0x0000d394                queuebuf_new_from_packetbuf
 .text.queuebuf_update_attr_from_packetbuf
                0x0000d3e6       0x12 contiki-sky.a(queuebuf.o)
                0x0000d3e6                queuebuf_update_attr_from_packetbuf
 .text.queuebuf_update_from_packetbuf
                0x0000d3f8       0x22 contiki-sky.a(queuebuf.o)
                0x0000d3f8                queuebuf_update_from_packetbuf
 .text.queuebuf_free
                0x0000d41a       0x2a contiki-sky.a(queuebuf.o)
                0x0000d41a                queuebuf_free
 .text.queuebuf_to_packetbuf
                0x0000d444       0x32 contiki-sky.a(queuebuf.o)
                0x0000d444                queuebuf_to_packetbuf
 .text.queuebuf_attr
                0x0000d476        0xe contiki-sky.a(queuebuf.o)
                0x0000d476                queuebuf_attr
 .text.duty_cycle
                0x0000d484        0x6 contiki-sky.a(contikimac.o)
 .text.init     0x0000d48a       0x2a contiki-sky.a(contikimac.o)
 .text.on       0x0000d4b4       0x1a contiki-sky.a(contikimac.o)
 .text.off      0x0000d4ce       0x22 contiki-sky.a(contikimac.o)
 .text.recv_burst_off
                0x0000d4f0        0xa contiki-sky.a(contikimac.o)
 .text.turn_off
                0x0000d4fa       0x20 contiki-sky.a(contikimac.o)
 .text.turn_on  0x0000d51a       0x30 contiki-sky.a(contikimac.o)
 .text.schedule_powercycle_fixed.part.4
                0x0000d54a       0x36 contiki-sky.a(contikimac.o)
 .text.powercycle_turn_radio_off
                0x0000d580       0x30 contiki-sky.a(contikimac.o)
 .text.powercycle
                0x0000d5b0      0x1d2 contiki-sky.a(contikimac.o)
 .text.input_packet
                0x0000d782       0xb2 contiki-sky.a(contikimac.o)
 .text.send_packet.isra.7
                0x0000d834      0x1ec contiki-sky.a(contikimac.o)
 .text.qsend_list
                0x0000da20       0xc4 contiki-sky.a(contikimac.o)
 .text.qsend_packet
                0x0000dae4       0x28 contiki-sky.a(contikimac.o)
 .text.bootstrap
                0x0000db0c        0x4 contiki-sky.a(nullsec.o)
 .text.send     0x0000db10        0xa contiki-sky.a(nullsec.o)
 .text.on_frame_created
                0x0000db1a        0x4 contiki-sky.a(nullsec.o)
 .text.input    0x0000db1e        0x6 contiki-sky.a(nullsec.o)
 .text.get_overhead
                0x0000db24        0x4 contiki-sky.a(nullsec.o)
 .text.spi_init
                0x0000db28       0x32 contiki-sky.a(spi.o)
                0x0000db28                spi_init
 .text.compower_accumulate
                0x0000db5a       0x72 contiki-sky.a(compower.o)
                0x0000db5a                compower_accumulate
 .text.compower_clear
                0x0000dbcc       0x12 contiki-sky.a(compower.o)
                0x0000dbcc                compower_clear
 .text.compower_attrconv
                0x0000dbde       0x10 contiki-sky.a(compower.o)
                0x0000dbde                compower_attrconv
 .text.stimer_set
                0x0000dbee       0x1c contiki-sky.a(stimer.o)
                0x0000dbee                stimer_set
 .text.stimer_expired
                0x0000dc0a       0x30 contiki-sky.a(stimer.o)
                0x0000dc0a                stimer_expired
 .text.memb_init
                0x0000dc3a       0x36 contiki-sky.a(memb.o)
                0x0000dc3a                memb_init
 .text.memb_alloc
                0x0000dc70       0x3e contiki-sky.a(memb.o)
                0x0000dc70                memb_alloc
 .text.memb_free
                0x0000dcae       0x3a contiki-sky.a(memb.o)
                0x0000dcae                memb_free
 .text.memb_inmemb
                0x0000dce8       0x2e contiki-sky.a(memb.o)
                0x0000dce8                memb_inmemb
 .text.memb_numfree
                0x0000dd16       0x26 contiki-sky.a(memb.o)
                0x0000dd16                memb_numfree
 .text.field_len
                0x0000dd3c       0x98 contiki-sky.a(frame802154.o)
 .text.frame802154_hdrlen
                0x0000ddd4       0x2e contiki-sky.a(frame802154.o)
                0x0000ddd4                frame802154_hdrlen
 .text.frame802154_create
                0x0000de02      0x146 contiki-sky.a(frame802154.o)
                0x0000de02                frame802154_create
 .text.frame802154_parse
                0x0000df48      0x1da contiki-sky.a(frame802154.o)
                0x0000df48                frame802154_parse
 .text.mac_sequence_is_duplicate
                0x0000e122       0x44 contiki-sky.a(mac-sequence.o)
                0x0000e122                mac_sequence_is_duplicate
 .text.mac_sequence_register_seqno
                0x0000e166       0x76 contiki-sky.a(mac-sequence.o)
                0x0000e166                mac_sequence_register_seqno
 .text.libgcc   0x0000e1dc       0x2c /usr/lib/gcc/msp430/4.6.3/mmpy-16/libgcc.a(_mulsi3.o)
                0x0000e1dc                __mulsi3
 .text.libgcc   0x0000e208       0x22 /usr/lib/gcc/msp430/4.6.3/mmpy-16/libgcc.a(_udivmod16.o)
                0x0000e208                __udivhi3
                0x0000e208                __ext_udivmod16
                0x0000e222                __umodhi3
 .text.libgcc   0x0000e22a       0x3a /usr/lib/gcc/msp430/4.6.3/mmpy-16/libgcc.a(_divmod16.o)
                0x0000e22a                __ext_divmod16
                0x0000e22a                __divhi3
                0x0000e25c                __modhi3
 .text.libgcc   0x0000e264       0x40 /usr/lib/gcc/msp430/4.6.3/mmpy-16/libgcc.a(_udivmod32.o)
                0x0000e264                __udivsi3
                0x0000e264                __ext_udivmod32
                0x0000e29a                __umodsi3
 .text          0x0000e2a4       0x20 /usr/lib/gcc/msp430/4.6.3/../../../../msp430/lib/mmpy-16/libc.a(memcmp.o)
                0x0000e2a4                memcmp
 .text          0x0000e2c4       0xfa /usr/lib/gcc/msp430/4.6.3/../../../../msp430/lib/mmpy-16/libc.a(memcpy.o)
                0x0000e2c4                memcpy
 .text          0x0000e3be       0xfa /usr/lib/gcc/msp430/4.6.3/../../../../msp430/lib/mmpy-16/libc.a(memmove.o)
                0x0000e3be                memmove
 .text          0x0000e4b8       0x6a /usr/lib/gcc/msp430/4.6.3/../../../../msp430/lib/mmpy-16/libc.a(memset.o)
                0x0000e4b8                memset
 .text          0x0000e522       0x1e /usr/lib/gcc/msp430/4.6.3/../../../../msp430/lib/mmpy-16/libc.a(printf.o)
                0x0000e522                printf
                0x0000e532                vprintf
 .text          0x0000e540       0xbc /usr/lib/gcc/msp430/4.6.3/../../../../msp430/lib/mmpy-16/libc.a(sprintf.o)
                0x0000e59e                sprintf
                0x0000e5ba                snprintf
                0x0000e5d4                vsprintf
                0x0000e5ea                vsnprintf
 .text          0x0000e5fc      0x836 /usr/lib/gcc/msp430/4.6.3/../../../../msp430/lib/mmpy-16/libc.a(vuprintf.o)
                0x0000e794                vuprintf
 .text          0x0000ee32       0x2c /usr/lib/gcc/msp430/4.6.3/../../../../msp430/lib/mmpy-16/libc.a(puts.o)
                0x0000ee32                puts
 .text          0x0000ee5e       0x54 /usr/lib/gcc/msp430/4.6.3/../../../../msp430/lib/mmpy-16/libc.a(rand.o)
                0x0000ee5e                rand_r
                0x0000ee82                rand
                0x0000eea8                srand
 .text.libgcc   0x0000eeb2       0xf0 /usr/lib/gcc/msp430/4.6.3/mmpy-16/libgcc.a(_udivmod64.o)
                0x0000eeb2                __xabi_udivmod64
                0x0000ef10                __udivdi3
                0x0000ef36                __umoddi3
                0x0000ef64                __udivmoddi4
 .text.crt0     0x0000efa2        0x2 /usr/lib/gcc/msp430/4.6.3/mmpy-16/libcrt0.a(_unexpected_.o)
                0x0000efa2                _unexpected_
                0x0000efa4                . = ALIGN (0x2)

.rodata         0x0000efa4      0xe10
                0x0000efa4                . = ALIGN (0x2)
 *(.rodata .rodata.* .gnu.linkonce.r.*)
 .rodata        0x0000efa4       0xf0 client2.co
                0x0000f080                autostart_processes
 .rodata        0x0000f094      0x12e obj_sky/contiki-sky-main.o
 .rodata        0x0000f1c2       0x10 contiki-sky.a(button-sensor.o)
                0x0000f1ca                button_sensor
 .rodata        0x0000f1d2        0x8 contiki-sky.a(sensors.o)
 .rodata        0x0000f1da       0xbe contiki-sky.a(cc2420.o)
                0x0000f25a                cc2420_aes_128_driver
                0x0000f25e                cc2420_driver
 .rodata        0x0000f298        0xf contiki-sky.a(ctimer.o)
 .rodata        0x0000f2a7        0xc contiki-sky.a(etimer.o)
 *fill*         0x0000f2b3        0x1 00
 .rodata        0x0000f2b4       0x24 contiki-sky.a(sicslowpan.o)
                0x0000f2c0                sicslowpan_driver
                0x0000f2c6                llprefix
                0x0000f2c8                unc_mxconf
                0x0000f2cc                unc_ctxconf
                0x0000f2d0                unc_llconf
 .rodata        0x0000f2d8       0x20 contiki-sky.a(uip6.o)
 .rodata        0x0000f2f8        0xc contiki-sky.a(uip-icmp6.o)
 .rodata        0x0000f304        0xd contiki-sky.a(tcpip.o)
 .rodata        0x0000f311       0x29 contiki-sky.a(uip-debug.o)
 .rodata        0x0000f33a      0x8b9 contiki-sky.a(rpl-dag.o)
 .rodata        0x0000fbf3       0x28 contiki-sky.a(rpl-ext-header.)
 .rodata        0x0000fc1b       0x9a contiki-sky.a(rpl-icmp6.o)
 .rodata        0x0000fcb5       0x44 contiki-sky.a(rpl-mrhof.o)
 .rodata        0x0000fcf9       0x5c contiki-sky.a(rpl-timers.o)
 *fill*         0x0000fd55        0x1 00
 .rodata        0x0000fd56       0x14 contiki-sky.a(csma.o)
                0x0000fd5c                csma_driver
 .rodata        0x0000fd6a        0x8 contiki-sky.a(framer-802154.o)
                0x0000fd6a                framer_802154
 .rodata        0x0000fd72        0x8 contiki-sky.a(linkaddr.o)
                0x0000fd72                linkaddr_null
 .rodata        0x0000fd7a       0x1c contiki-sky.a(contikimac.o)
                0x0000fd86                contikimac_driver
 .rodata        0x0000fd96       0x14 contiki-sky.a(nullsec.o)
                0x0000fd9e                nullsec_driver
 .rodata        0x0000fdaa        0x2 contiki-sky.a(frame802154.o)
 .rodata        0x0000fdac        0x7 /usr/lib/gcc/msp430/4.6.3/../../../../msp430/lib/mmpy-16/libc.a(vuprintf.o)
                0x0000fdb4                . = ALIGN (0x2)
 *fill*         0x0000fdb3        0x1 00
                0x0000fdb4                _etext = .

.data           0x00001100       0xde load address 0x0000fdb4
                0x00001100                . = ALIGN (0x2)
                0x00001100                PROVIDE (__data_start, .)
 *(.data .data.* .gnu.linkonce.d.*)
 .data          0x00001100        0xa client2.co
                0x00001100                client_process
 .data          0x0000110a        0x4 contiki-sky.a(contiki-sky-pla)
                0x0000110a                sensors
 .data          0x0000110e        0xa contiki-sky.a(sensors.o)
                0x0000110e                sensors_process
 .data          0x00001118        0xa contiki-sky.a(cc2420.o)
                0x00001118                cc2420_process
 .data          0x00001122        0x2 contiki-sky.a(msp430.o)
 .data          0x00001124        0xa contiki-sky.a(ctimer.o)
                0x00001124                ctimer_process
 .data          0x0000112e        0xa contiki-sky.a(etimer.o)
                0x0000112e                etimer_process
 .data          0x00001138        0xa contiki-sky.a(uip-ds6-nbr.o)
                0x00001138                ds6_neighbors
 .data          0x00001142       0x20 contiki-sky.a(uip-ds6-route.o)
 .data          0x00001162        0xc contiki-sky.a(uip-icmp6.o)
 .data          0x0000116e        0xa contiki-sky.a(tcpip.o)
                0x0000116e                tcpip_process
 .data          0x00001178        0xa contiki-sky.a(rpl-dag.o)
                0x00001178                rpl_parents
 .data          0x00001182       0x1a contiki-sky.a(rpl-icmp6.o)
 .data          0x0000119c        0xe contiki-sky.a(rpl-mrhof.o)
                0x0000119c                rpl_mrhof
 .data          0x000011aa       0x18 contiki-sky.a(csma.o)
 .data          0x000011c2        0x8 contiki-sky.a(nbr-table.o)
 .data          0x000011ca       0x10 contiki-sky.a(queuebuf.o)
 .data          0x000011da        0x4 /usr/lib/gcc/msp430/4.6.3/../../../../msp430/lib/mmpy-16/libc.a(rand.o)
                0x000011de                . = ALIGN (0x2)
                0x000011de                _edata = .
                0x0000fdb4                PROVIDE (__data_load_start, LOADADDR (.data))
                0x000000de                PROVIDE (__data_size, SIZEOF (.data))

.bss            0x000011de     0x1990 load address 0x0000fe92
                0x000011de                PROVIDE (__bss_start, .)
 *(.bss .bss.*)
 .bss           0x000011de       0x34 client2.co
 .bss           0x00001212        0xc obj_sky/contiki-sky-main.o
 .bss           0x0000121e        0x8 contiki-sky.a(button-sensor.o)
 .bss           0x00001226        0x2 contiki-sky.a(node-id.o)
                0x00001226                node_id
 .bss           0x00001228        0x6 contiki-sky.a(sensors.o)
 .bss           0x0000122e        0x8 contiki-sky.a(cc2420.o)
 .bss           0x00001236       0x9a contiki-sky.a(uart1.o)
 .bss           0x000012d0        0xa contiki-sky.a(clock.o)
 .bss           0x000012da        0x1 contiki-sky.a(leds.o)
 *fill*         0x000012db        0x1 00
 .bss           0x000012dc        0x2 contiki-sky.a(watchdog.o)
 .bss           0x000012de        0x4 contiki-sky.a(ctimer.o)
 .bss           0x000012e2        0x6 contiki-sky.a(etimer.o)
 .bss           0x000012e8       0x42 contiki-sky.a(process.o)
                0x000012e8                process_current
                0x000012ea                process_list
 .bss           0x0000132a        0x2 contiki-sky.a(rtimer.o)
 .bss           0x0000132c      0x124 contiki-sky.a(sicslowpan.o)
 .bss           0x00001450       0x12 contiki-sky.a(uip6.o)
                0x00001450                uip_ext_opt_offset
                0x00001452                uip_ext_len
                0x00001454                uip_ext_bitmap
 .bss           0x00001462       0x18 contiki-sky.a(uip-ds6.o)
 .bss           0x0000147a      0x2f8 contiki-sky.a(uip-ds6-nbr.o)
 .bss           0x00001772      0x362 contiki-sky.a(uip-ds6-route.o)
 .bss           0x00001ad4       0x14 contiki-sky.a(uip-icmp6.o)
 .bss           0x00001ae8       0x36 contiki-sky.a(tcpip.o)
 .bss           0x00001b1e        0x2 contiki-sky.a(rpl.o)
 .bss           0x00001b20       0xf0 contiki-sky.a(rpl-dag.o)
 .bss           0x00001c10       0x18 contiki-sky.a(rpl-timers.o)
 .bss           0x00001c28       0xc4 contiki-sky.a(csma.o)
 .bss           0x00001cec        0x2 contiki-sky.a(framer-802154.o)
 .bss           0x00001cee      0x118 contiki-sky.a(nbr-table.o)
 .bss           0x00001e06       0xb8 contiki-sky.a(packetbuf.o)
 .bss           0x00001ebe      0x5a0 contiki-sky.a(queuebuf.o)
 .bss           0x0000245e       0x32 contiki-sky.a(contikimac.o)
 .bss           0x00002490        0x8 contiki-sky.a(compower.o)
 .bss           0x00002498       0xa0 contiki-sky.a(mac-sequence.o)
 .bss           0x00002538        0x4 /usr/lib/gcc/msp430/4.6.3/../../../../msp430/lib/mmpy-16/libc.a(sprintf.o)
 *(COMMON)
 COMMON         0x0000253c        0x8 client2.co
                0x0000253c                isMali
                0x0000253e                isAtAttackingStep
                0x00002540                startClock
 COMMON         0x00002544        0x2 contiki-sky.a(contiki-sky-pla)
                0x00002544                sensors_flags
 COMMON         0x00002546        0x8 contiki-sky.a(ds2411.o)
                0x00002546                ds2411_id
 COMMON         0x0000254e        0x1 contiki-sky.a(sensors.o)
                0x0000254e                sensors_event
 *fill*         0x0000254f        0x1 00
 COMMON         0x00002550       0x10 contiki-sky.a(cc2420.o)
                0x00002550                cc2420_last_rssi
                0x00002552                cc2420_sfd_start_time
                0x00002554                cc2420_time_of_departure
                0x00002556                cc2420_time_of_arrival
                0x00002558                cc2420_last_correlation
                0x0000255a                cc2420_authority_level_of_sender
                0x0000255c                cc2420_sfd_counter
                0x0000255e                cc2420_sfd_end_time
 COMMON         0x00002560        0x2 contiki-sky.a(msp430.o)
                0x00002560                msp430_dco_required
 COMMON         0x00002562       0x56 contiki-sky.a(energest.o)
                0x00002562                energest_total_time
                0x00002592                energest_total_count
                0x00002594                energest_current_mode
                0x000025a0                energest_current_time
 COMMON         0x000025b8        0x1 contiki-sky.a(process.o)
                0x000025b8                process_maxevents
 *fill*         0x000025b9        0x1 00
 COMMON         0x000025ba        0x8 contiki-sky.a(sicslowpan.o)
                0x000025ba                frag_sender
 COMMON         0x000025c2      0x304 contiki-sky.a(uip6.o)
                0x000025c2                uip_len
                0x000025c4                uip_sappdata
                0x000025c6                uip_acc32
                0x000025ca                uip_lladdr
                0x000025d2                uip_aligned_buf
                0x000026c2                uip_flags
                0x000026c4                uip_next_hdr
                0x000026c6                uip_udp_conn
                0x000026c8                uip_appdata
                0x000026ca                uip_conn
                0x000026cc                uip_conns
                0x0000277c                uip_listenports
                0x0000278c                uip_slen
                0x0000278e                uip_udp_conns
 COMMON         0x000028c6      0x15c contiki-sky.a(uip-ds6.o)
                0x000028c6                uip_ds6_timer_ra
                0x000028ce                uip_ds6_if
                0x000029ba                uip_ds6_netif_addr_list_offset
                0x000029bb                uip_ds6_addr_size
                0x000029bc                uip_ds6_prefix_list
                0x00002a16                uip_ds6_timer_periodic
 COMMON         0x00002a22        0x1 contiki-sky.a(tcpip.o)
                0x00002a22                tcpip_event
 *fill*         0x00002a23        0x1 00
 COMMON         0x00002a24      0x10c contiki-sky.a(rpl-dag.o)
                0x00002a24                default_instance
                0x00002a26                instance_table
 COMMON         0x00002b30        0x8 contiki-sky.a(linkaddr.o)
                0x00002b30                linkaddr_node_addr
 COMMON         0x00002b38       0x2e contiki-sky.a(packetbuf.o)
                0x00002b38                packetbuf_addrs
                0x00002b48                packetbuf_attrs
 COMMON         0x00002b66        0x8 contiki-sky.a(compower.o)
                0x00002b66                compower_idle_activity
                0x00002b6e                . = ALIGN (0x2)
                0x00002b6e                PROVIDE (__bss_end, .)
                0x00001990                PROVIDE (__bss_size, SIZEOF (.bss))

.noinit         0x00002b6e        0x2 load address 0x0000fe92
                0x00002b6e                PROVIDE (__noinit_start, .)
 *(.noinit .noinit.*)
 .noinit.crt0   0x00002b6e        0x2 /usr/lib/gcc/msp430/4.6.3/mmpy-16/libcrt0.a(__watchdog_support.o)
                0x00002b6e                __wdt_clear_value
                0x00002b70                . = ALIGN (0x2)
                0x00002b70                PROVIDE (__noinit_end, .)
                0x00002b70                . = ALIGN (0x2)
                0x00002b70                _end = .

.infomem        0x00001000        0x0
 *(.infomem)
                0x00001000                . = ALIGN (0x2)
 *(.infomem.*)

.infomemnobits  0x00001000        0x0
 *(.infomemnobits)
                0x00001000                . = ALIGN (0x2)
 *(.infomemnobits.*)

.infoa
 *(.infoa .infoa.*)

.infob
 *(.infob .infob.*)

.infoc
 *(.infoc .infoc.*)

.infod
 *(.infod .infod.*)

.vectors        0x0000ffe0       0x20
                0x0000ffe0                PROVIDE (__vectors_start, .)
 *(.vectors*)
 .vectors       0x0000ffe0       0x20 /usr/lib/gcc/msp430/4.6.3/mmpy-16/crt0ivtbl16.o
                0x0000ffe0                __ivtbl_16
                0x00010000                _vectors_end = .

.fartext        0x00000000        0x0
                0x00000000                . = ALIGN (0x2)
 *(.fartext)
                0x00000000                . = ALIGN (0x2)
 *(.fartext.*)
                0x00000000                _efartext = .

.profiler
 *(.profiler)

.stab           0x00000000    0x28980
 *(.stab)
 .stab          0x00000000     0x120c client2.co
 .stab          0x0000120c     0x168c obj_sky/contiki-sky-main.o
                               0x1b30 (size before relaxing)
 .stab          0x00002898      0x264 contiki-sky.a(contiki-sky-pla)
                                0x5b8 (size before relaxing)
 .stab          0x00002afc      0x468 contiki-sky.a(button-sensor.o)
                                0x7d4 (size before relaxing)
 .stab          0x00002f64      0x624 contiki-sky.a(ds2411.o)
                                0xb40 (size before relaxing)
 .stab          0x00003588      0xa38 contiki-sky.a(xmem.o)
                                0xf60 (size before relaxing)
 .stab          0x00003fc0      0x2b8 contiki-sky.a(node-id.o)
                                0x4e0 (size before relaxing)
 .stab          0x00004278      0x654 contiki-sky.a(sensors.o)
                                0xb70 (size before relaxing)
 .stab          0x000048cc     0x2754 contiki-sky.a(cc2420.o)
                               0x2e14 (size before relaxing)
 .stab          0x00007020      0x804 contiki-sky.a(cc2420-arch.o)
                               0x174c (size before relaxing)
 .stab          0x00007824      0x60c contiki-sky.a(uart1.o)
                                0x960 (size before relaxing)
 .stab          0x00007e30      0x27c contiki-sky.a(uart1-putchar.o)
                                0x7bc (size before relaxing)
 .stab          0x000080ac      0x744 contiki-sky.a(msp430.o)
                                0xa98 (size before relaxing)
 .stab          0x000087f0      0x948 contiki-sky.a(clock.o)
                                0xc9c (size before relaxing)
 .stab          0x00009138      0x5dc contiki-sky.a(leds.o)
                                0x828 (size before relaxing)
 .stab          0x00009714      0x3a8 contiki-sky.a(leds-arch.o)
                                0x6fc (size before relaxing)
 .stab          0x00009abc      0x3fc contiki-sky.a(watchdog.o)
                                0x750 (size before relaxing)
 .stab          0x00009eb8      0x3cc contiki-sky.a(rtimer-arch.o)
                                0x720 (size before relaxing)
 .stab          0x0000a284      0x294 contiki-sky.a(autostart.o)
                                0x534 (size before relaxing)
 .stab          0x0000a518      0x7a4 contiki-sky.a(ctimer.o)
                                0xb10 (size before relaxing)
 .stab          0x0000acbc      0x474 contiki-sky.a(energest.o)
                                0x6fc (size before relaxing)
 .stab          0x0000b130      0xa38 contiki-sky.a(etimer.o)
                                0xd08 (size before relaxing)
 .stab          0x0000bb68      0xb7c contiki-sky.a(process.o)
                               0x1014 (size before relaxing)
 .stab          0x0000c6e4      0x3d8 contiki-sky.a(rtimer.o)
                                0x6c0 (size before relaxing)
 .stab          0x0000cabc      0x354 contiki-sky.a(timer.o)
                                0x594 (size before relaxing)
 .stab          0x0000ce10      0x7f8 contiki-sky.a(list.o)
                                0x804 (size before relaxing)
 .stab          0x0000d608      0x24c contiki-sky.a(random.o)
                                0x624 (size before relaxing)
 .stab          0x0000d854     0x1f98 contiki-sky.a(sicslowpan.o)
                               0x2f04 (size before relaxing)
 .stab          0x0000f7ec     0x2bf8 contiki-sky.a(uip6.o)
                               0x37b0 (size before relaxing)
 .stab          0x000123e4     0x13f8 contiki-sky.a(uip-ds6.o)
                               0x1f98 (size before relaxing)
 .stab          0x000137dc      0xcfc contiki-sky.a(uip-ds6-nbr.o)
                               0x1734 (size before relaxing)
 .stab          0x000144d8     0x1284 contiki-sky.a(uip-ds6-route.o)
                               0x1e0c (size before relaxing)
 .stab          0x0001575c      0xd20 contiki-sky.a(uip-icmp6.o)
                               0x1998 (size before relaxing)
 .stab          0x0001647c      0x5a0 contiki-sky.a(uip-nd6.o)
                               0x117c (size before relaxing)
 .stab          0x00016a1c     0x1434 contiki-sky.a(tcpip.o)
                               0x267c (size before relaxing)
 .stab          0x00017e50      0x468 contiki-sky.a(uip-debug.o)
                                0xbf4 (size before relaxing)
 .stab          0x000182b8      0x480 contiki-sky.a(uip-udp-packet.)
                                0xc6c (size before relaxing)
 .stab          0x00018738      0xb88 contiki-sky.a(rpl.o)
                               0x17dc (size before relaxing)
 .stab          0x000192c0     0x3384 contiki-sky.a(rpl-dag.o)
                               0x408c (size before relaxing)
 .stab          0x0001c644      0xb1c contiki-sky.a(rpl-ext-header.)
                               0x18d8 (size before relaxing)
 .stab          0x0001d160     0x1800 contiki-sky.a(rpl-icmp6.o)
                               0x2604 (size before relaxing)
 .stab          0x0001e960      0x900 contiki-sky.a(rpl-mrhof.o)
                               0x15e4 (size before relaxing)
 .stab          0x0001f260      0xdbc contiki-sky.a(rpl-timers.o)
                               0x1aac (size before relaxing)
 .stab          0x0002001c     0x1074 contiki-sky.a(csma.o)
                               0x15b4 (size before relaxing)
 .stab          0x00021090      0x954 contiki-sky.a(framer-802154.o)
                                0xf78 (size before relaxing)
 .stab          0x000219e4      0x420 contiki-sky.a(framer.o)
                                0xc78 (size before relaxing)
 .stab          0x00021e04      0x1f8 contiki-sky.a(mac.o)
                                0x4ec (size before relaxing)
 .stab          0x00021ffc      0x2c4 contiki-sky.a(linkaddr.o)
                                0x6c0 (size before relaxing)
 .stab          0x000222c0      0xd80 contiki-sky.a(nbr-table.o)
                               0x1428 (size before relaxing)
 .stab          0x00023040      0xdd4 contiki-sky.a(packetbuf.o)
                               0x1efc (size before relaxing)
 .stab          0x00023e14      0xac8 contiki-sky.a(queuebuf.o)
                               0x1bd8 (size before relaxing)
 .stab          0x000248dc     0x18a8 contiki-sky.a(contikimac.o)
                               0x231c (size before relaxing)
 .stab          0x00026184      0x780 contiki-sky.a(nullsec.o)
                                0xdc8 (size before relaxing)
 .stab          0x00026904      0x204 contiki-sky.a(spi.o)
                                0x42c (size before relaxing)
 .stab          0x00026b08      0x540 contiki-sky.a(compower.o)
                                0xd44 (size before relaxing)
 .stab          0x00027048      0x3c0 contiki-sky.a(stimer.o)
                                0x600 (size before relaxing)
 .stab          0x00027408      0x5c4 contiki-sky.a(memb.o)
                                0xaf8 (size before relaxing)
 .stab          0x000279cc      0x948 contiki-sky.a(frame802154.o)
                               0x111c (size before relaxing)
 .stab          0x00028314      0x66c contiki-sky.a(mac-sequence.o)
                               0x1794 (size before relaxing)

.stabstr        0x00000000    0x1b69c
 *(.stabstr)
 .stabstr       0x00000000    0x1b69c client2.co

.stab.excl
 *(.stab.excl)

.stab.exclstr
 *(.stab.exclstr)

.stab.index
 *(.stab.index)

.stab.indexstr
 *(.stab.indexstr)

.comment
 *(.comment)

.debug
 *(.debug)

.line
 *(.line)

.debug_srcinfo
 *(.debug_srcinfo)

.debug_sfnames
 *(.debug_sfnames)

.debug_aranges  0x00000000      0x1a4
 *(.debug_aranges)
 .debug_aranges
                0x00000000       0x14 /usr/lib/gcc/msp430/4.6.3/mmpy-16/libgcc.a(_mulsi3.o)
 .debug_aranges
                0x00000014       0x14 /usr/lib/gcc/msp430/4.6.3/mmpy-16/libgcc.a(_udivmod16.o)
 .debug_aranges
                0x00000028       0x14 /usr/lib/gcc/msp430/4.6.3/mmpy-16/libgcc.a(_divmod16.o)
 .debug_aranges
                0x0000003c       0x14 /usr/lib/gcc/msp430/4.6.3/mmpy-16/libgcc.a(_udivmod32.o)
 .debug_aranges
                0x00000050       0x14 /usr/lib/gcc/msp430/4.6.3/../../../../msp430/lib/mmpy-16/libc.a(strncmp.o)
 .debug_aranges
                0x00000064       0x14 /usr/lib/gcc/msp430/4.6.3/../../../../msp430/lib/mmpy-16/libc.a(memcmp.o)
 .debug_aranges
                0x00000078       0x14 /usr/lib/gcc/msp430/4.6.3/../../../../msp430/lib/mmpy-16/libc.a(memcpy.o)
 .debug_aranges
                0x0000008c       0x14 /usr/lib/gcc/msp430/4.6.3/../../../../msp430/lib/mmpy-16/libc.a(memmove.o)
 .debug_aranges
                0x000000a0       0x14 /usr/lib/gcc/msp430/4.6.3/../../../../msp430/lib/mmpy-16/libc.a(memset.o)
 .debug_aranges
                0x000000b4       0x14 /usr/lib/gcc/msp430/4.6.3/../../../../msp430/lib/mmpy-16/libc.a(printf.o)
 .debug_aranges
                0x000000c8       0x14 /usr/lib/gcc/msp430/4.6.3/../../../../msp430/lib/mmpy-16/libc.a(sprintf.o)
 .debug_aranges
                0x000000dc       0x14 /usr/lib/gcc/msp430/4.6.3/../../../../msp430/lib/mmpy-16/libc.a(vuprintf.o)
 .debug_aranges
                0x000000f0       0x14 /usr/lib/gcc/msp430/4.6.3/../../../../msp430/lib/mmpy-16/libc.a(puts.o)
 .debug_aranges
                0x00000104       0x14 /usr/lib/gcc/msp430/4.6.3/../../../../msp430/lib/mmpy-16/libc.a(rand.o)
 .debug_aranges
                0x00000118       0x14 /usr/lib/gcc/msp430/4.6.3/mmpy-16/libgcc.a(_udivmod64.o)
 .debug_aranges
                0x0000012c       0x14 /usr/lib/gcc/msp430/4.6.3/mmpy-16/libcrt0.a(__watchdog_support.o)
 .debug_aranges
                0x00000140       0x14 /usr/lib/gcc/msp430/4.6.3/mmpy-16/libcrt0.a(__init_stack.o)
 .debug_aranges
                0x00000154       0x14 /usr/lib/gcc/msp430/4.6.3/mmpy-16/libcrt0.a(_copy_data.o)
 .debug_aranges
                0x00000168       0x14 /usr/lib/gcc/msp430/4.6.3/mmpy-16/libcrt0.a(_clear_bss.o)
 .debug_aranges
                0x0000017c       0x14 /usr/lib/gcc/msp430/4.6.3/mmpy-16/libcrt0.a(_endless_loop__.o)
 .debug_aranges
                0x00000190       0x14 /usr/lib/gcc/msp430/4.6.3/mmpy-16/libcrt0.a(_unexpected_.o)

.debug_pubnames
 *(.debug_pubnames)

.debug_info     0x00000000     0x17fb
 *(.debug_info)
 .debug_info    0x00000000       0xd6 /usr/lib/gcc/msp430/4.6.3/mmpy-16/libgcc.a(_mulsi3.o)
 .debug_info    0x000000d6       0xd6 /usr/lib/gcc/msp430/4.6.3/mmpy-16/libgcc.a(_udivmod16.o)
 .debug_info    0x000001ac       0xd6 /usr/lib/gcc/msp430/4.6.3/mmpy-16/libgcc.a(_divmod16.o)
 .debug_info    0x00000282       0xd6 /usr/lib/gcc/msp430/4.6.3/mmpy-16/libgcc.a(_udivmod32.o)
 .debug_info    0x00000358       0xbb /usr/lib/gcc/msp430/4.6.3/../../../../msp430/lib/mmpy-16/libc.a(strncmp.o)
 .debug_info    0x00000413       0xe8 /usr/lib/gcc/msp430/4.6.3/../../../../msp430/lib/mmpy-16/libc.a(memcmp.o)
 .debug_info    0x000004fb      0x113 /usr/lib/gcc/msp430/4.6.3/../../../../msp430/lib/mmpy-16/libc.a(memcpy.o)
 .debug_info    0x0000060e      0x113 /usr/lib/gcc/msp430/4.6.3/../../../../msp430/lib/mmpy-16/libc.a(memmove.o)
 .debug_info    0x00000721       0xfe /usr/lib/gcc/msp430/4.6.3/../../../../msp430/lib/mmpy-16/libc.a(memset.o)
 .debug_info    0x0000081f      0x105 /usr/lib/gcc/msp430/4.6.3/../../../../msp430/lib/mmpy-16/libc.a(printf.o)
 .debug_info    0x00000924      0x277 /usr/lib/gcc/msp430/4.6.3/../../../../msp430/lib/mmpy-16/libc.a(sprintf.o)
 .debug_info    0x00000b9b      0x565 /usr/lib/gcc/msp430/4.6.3/../../../../msp430/lib/mmpy-16/libc.a(vuprintf.o)
 .debug_info    0x00001100       0x96 /usr/lib/gcc/msp430/4.6.3/../../../../msp430/lib/mmpy-16/libc.a(puts.o)
 .debug_info    0x00001196      0x13f /usr/lib/gcc/msp430/4.6.3/../../../../msp430/lib/mmpy-16/libc.a(rand.o)
 .debug_info    0x000012d5       0xd6 /usr/lib/gcc/msp430/4.6.3/mmpy-16/libgcc.a(_udivmod64.o)
 .debug_info    0x000013ab       0xb8 /usr/lib/gcc/msp430/4.6.3/mmpy-16/libcrt0.a(__watchdog_support.o)
 .debug_info    0x00001463       0xb8 /usr/lib/gcc/msp430/4.6.3/mmpy-16/libcrt0.a(__init_stack.o)
 .debug_info    0x0000151b       0xb8 /usr/lib/gcc/msp430/4.6.3/mmpy-16/libcrt0.a(_copy_data.o)
 .debug_info    0x000015d3       0xb8 /usr/lib/gcc/msp430/4.6.3/mmpy-16/libcrt0.a(_clear_bss.o)
 .debug_info    0x0000168b       0xb8 /usr/lib/gcc/msp430/4.6.3/mmpy-16/libcrt0.a(_endless_loop__.o)
 .debug_info    0x00001743       0xb8 /usr/lib/gcc/msp430/4.6.3/mmpy-16/libcrt0.a(_unexpected_.o)
 *(.gnu.linkonce.wi.*)

.debug_abbrev   0x00000000      0x8d1
 *(.debug_abbrev)
 .debug_abbrev  0x00000000       0x14 /usr/lib/gcc/msp430/4.6.3/mmpy-16/libgcc.a(_mulsi3.o)
 .debug_abbrev  0x00000014       0x14 /usr/lib/gcc/msp430/4.6.3/mmpy-16/libgcc.a(_udivmod16.o)
 .debug_abbrev  0x00000028       0x14 /usr/lib/gcc/msp430/4.6.3/mmpy-16/libgcc.a(_divmod16.o)
 .debug_abbrev  0x0000003c       0x14 /usr/lib/gcc/msp430/4.6.3/mmpy-16/libgcc.a(_udivmod32.o)
 .debug_abbrev  0x00000050       0x7c /usr/lib/gcc/msp430/4.6.3/../../../../msp430/lib/mmpy-16/libc.a(strncmp.o)
 .debug_abbrev  0x000000cc       0x9b /usr/lib/gcc/msp430/4.6.3/../../../../msp430/lib/mmpy-16/libc.a(memcmp.o)
 .debug_abbrev  0x00000167       0x97 /usr/lib/gcc/msp430/4.6.3/../../../../msp430/lib/mmpy-16/libc.a(memcpy.o)
 .debug_abbrev  0x000001fe       0x97 /usr/lib/gcc/msp430/4.6.3/../../../../msp430/lib/mmpy-16/libc.a(memmove.o)
 .debug_abbrev  0x00000295       0x9c /usr/lib/gcc/msp430/4.6.3/../../../../msp430/lib/mmpy-16/libc.a(memset.o)
 .debug_abbrev  0x00000331       0xd0 /usr/lib/gcc/msp430/4.6.3/../../../../msp430/lib/mmpy-16/libc.a(printf.o)
 .debug_abbrev  0x00000401      0x105 /usr/lib/gcc/msp430/4.6.3/../../../../msp430/lib/mmpy-16/libc.a(sprintf.o)
 .debug_abbrev  0x00000506      0x1ef /usr/lib/gcc/msp430/4.6.3/../../../../msp430/lib/mmpy-16/libc.a(vuprintf.o)
 .debug_abbrev  0x000006f5       0x60 /usr/lib/gcc/msp430/4.6.3/../../../../msp430/lib/mmpy-16/libc.a(puts.o)
 .debug_abbrev  0x00000755       0xf0 /usr/lib/gcc/msp430/4.6.3/../../../../msp430/lib/mmpy-16/libc.a(rand.o)
 .debug_abbrev  0x00000845       0x14 /usr/lib/gcc/msp430/4.6.3/mmpy-16/libgcc.a(_udivmod64.o)
 .debug_abbrev  0x00000859       0x14 /usr/lib/gcc/msp430/4.6.3/mmpy-16/libcrt0.a(__watchdog_support.o)