Archive member included because of file (symbol)

contiki-sky.a(contiki-sky-pla)
                              obj_sky/contiki-sky-main.o (init_platform)
contiki-sky.a(button-sensor.o)
                              contiki-sky.a(contiki-sky-pla) (button_sensor)
contiki-sky.a(ds2411.o)       obj_sky/contiki-sky-main.o (ds2411_init)
contiki-sky.a(xmem.o)         obj_sky/contiki-sky-main.o (xmem_init)
contiki-sky.a(node-id.o)      obj_sky/contiki-sky-main.o (node_id_restore)
contiki-sky.a(sensors.o)      contiki-sky.a(button-sensor.o) (sensors_changed)
contiki-sky.a(cc2420.o)       obj_sky/contiki-sky-main.o (cc2420_set_pan_addr)
contiki-sky.a(cc2420-arch.o)  contiki-sky.a(cc2420.o) (cc2420_arch_init)
contiki-sky.a(uart1.o)        obj_sky/contiki-sky-main.o (uart1_active)
contiki-sky.a(uart1-putchar.o)
                              obj_sky/contiki-sky-main.o (putchar)
contiki-sky.a(msp430.o)       contiki-sky.a(uart1.o) (msp430_add_lpm_req)
contiki-sky.a(clock.o)        obj_sky/contiki-sky-main.o (clock_init)
contiki-sky.a(leds.o)         obj_sky/contiki-sky-main.o (leds_init)
contiki-sky.a(leds-arch.o)    contiki-sky.a(leds.o) (leds_arch_init)
contiki-sky.a(watchdog.o)     obj_sky/contiki-sky-main.o (watchdog_start)
contiki-sky.a(rtimer-arch.o)  obj_sky/contiki-sky-main.o (rtimer_arch_now)
contiki-sky.a(autostart.o)    obj_sky/contiki-sky-main.o (autostart_start)
contiki-sky.a(ctimer.o)       obj_sky/contiki-sky-main.o (ctimer_init)
contiki-sky.a(energest.o)     obj_sky/contiki-sky-main.o (energest_init)
contiki-sky.a(etimer.o)       contiki-sky.a(clock.o) (etimer_request_poll)
contiki-sky.a(process.o)      contiki-sky.a(ctimer.o) (process_current)
contiki-sky.a(rtimer.o)       obj_sky/contiki-sky-main.o (rtimer_init)
contiki-sky.a(timer.o)        obj_sky/contiki-sky-main.o (timer_set)
contiki-sky.a(list.o)         contiki-sky.a(ctimer.o) (list_init)
contiki-sky.a(random.o)       obj_sky/contiki-sky-main.o (random_init)
contiki-sky.a(sicslowpan.o)   obj_sky/contiki-sky-main.o (sicslowpan_driver)
contiki-sky.a(uip6.o)         contiki-sky.a(sicslowpan.o) (uip_aligned_buf)
contiki-sky.a(uip-ds6.o)      contiki-sky.a(uip6.o) (uip_ds6_is_addr_onlink)
contiki-sky.a(uip-ds6-nbr.o)  contiki-sky.a(uip-ds6.o) (uip_ds6_neighbors_init)
contiki-sky.a(uip-ds6-route.o)
                              contiki-sky.a(uip-ds6.o) (uip_ds6_route_init)
contiki-sky.a(uip-icmp6.o)    contiki-sky.a(uip6.o) (uip_icmp6_input)
contiki-sky.a(uip-nd6.o)      contiki-sky.a(uip6.o) (uip_nd6_init)
contiki-sky.a(tcpip.o)        contiki-sky.a(sicslowpan.o) (tcpip_set_outputfunc)
contiki-sky.a(uip-debug.o)    contiki-sky.a(uip-ds6-route.o) (uip_debug_ipaddr_print)
contiki-sky.a(rpl.o)          contiki-sky.a(uip-ds6-nbr.o) (rpl_link_neighbor_callback)
contiki-sky.a(rpl-dag.o)      contiki-sky.a(rpl.o) (default_instance)
contiki-sky.a(rpl-ext-header.)
                              contiki-sky.a(uip6.o) (rpl_verify_header)
contiki-sky.a(rpl-icmp6.o)    contiki-sky.a(rpl.o) (dao_output_target)
contiki-sky.a(rpl-mrhof.o)    contiki-sky.a(rpl.o) (rpl_mrhof)
contiki-sky.a(rpl-timers.o)   contiki-sky.a(rpl.o) (rpl_reset_periodic_timer)
contiki-sky.a(csma.o)         obj_sky/contiki-sky-main.o (csma_driver)
contiki-sky.a(framer-802154.o)
                              contiki-sky.a(sicslowpan.o) (framer_802154)
contiki-sky.a(framer.o)       contiki-sky.a(framer-802154.o) (framer_canonical_create_and_secure)
contiki-sky.a(mac.o)          contiki-sky.a(csma.o) (mac_call_sent_callback)
contiki-sky.a(linkaddr.o)     obj_sky/contiki-sky-main.o (linkaddr_copy)
contiki-sky.a(nbr-table.o)    contiki-sky.a(uip-ds6-nbr.o) (nbr_table_register)
contiki-sky.a(packetbuf.o)    contiki-sky.a(framer.o) (packetbuf_compact)
contiki-sky.a(queuebuf.o)     obj_sky/contiki-sky-main.o (queuebuf_init)
contiki-sky.a(contikimac.o)   obj_sky/contiki-sky-main.o (contikimac_driver)
contiki-sky.a(nullsec.o)      obj_sky/contiki-sky-main.o (nullsec_driver)
contiki-sky.a(spi.o)          contiki-sky.a(xmem.o) (spi_init)
contiki-sky.a(compower.o)     contiki-sky.a(contikimac.o) (compower_accumulate)
contiki-sky.a(stimer.o)       contiki-sky.a(uip-ds6.o) (stimer_set)
contiki-sky.a(memb.o)         contiki-sky.a(uip-ds6-route.o) (memb_init)
contiki-sky.a(frame802154.o)  contiki-sky.a(framer-802154.o) (frame802154_hdrlen)
contiki-sky.a(mac-sequence.o)
                              contiki-sky.a(contikimac.o) (mac_sequence_is_duplicate)
/usr/lib/gcc/msp430/4.6.3/mmpy-16/libgcc.a(_mulsi3.o)
                              contiki-sky.a(rpl.o) (__mulsi3)
/usr/lib/gcc/msp430/4.6.3/mmpy-16/libgcc.a(_udivmod16.o)
                              contiki-sky.a(rpl-dag.o) (__udivhi3)
/usr/lib/gcc/msp430/4.6.3/mmpy-16/libgcc.a(_divmod16.o)
                              contiki-sky.a(sicslowpan.o) (__divhi3)
/usr/lib/gcc/msp430/4.6.3/mmpy-16/libgcc.a(_udivmod32.o)
                              obj_sky/contiki-sky-main.o (__udivsi3)
/usr/lib/gcc/msp430/4.6.3/../../../../msp430/lib/mmpy-16/libc.a(strncmp.o)
[...]
Memory Configuration

Name             Origin             Length             Attributes
sfr              0x00000000         0x00000010
peripheral_8bit  0x00000010         0x000000f0
peripheral_16bit 0x00000100         0x00000100
ram_mirror       0x00000200         0x00000800         xw
infomem          0x00001000         0x00000100
infob            0x00001000         0x00000080
infoa            0x00001080         0x00000080
ram              0x00001100         0x00002800         xw
rom              0x00004000         0x0000bfe0         xr
vectors          0x0000ffe0         0x00000020
bsl              0x00000000         0x00000000
infoc            0x00000000         0x00000000
infod            0x00000000         0x00000000
ram2             0x00000000         0x00000000         xw
usbram           0x00000000         0x00000000         xw
far_rom          0x00000000         0x00000000
*default*        0x00000000         0xffffffff

Linker script and memory map

LOAD /usr/lib/gcc/msp430/4.6.3/mmpy-16/crt0ivtbl16.o
LOAD first_app.co
LOAD obj_sky/contiki-sky-main.o
LOAD contiki-sky.a
LOAD /usr/lib/gcc/msp430/4.6.3/mmpy-16/libgcc.a
LOAD /usr/lib/gcc/msp430/4.6.3/../../../../msp430/lib/mmpy-16/libc.a
LOAD /usr/lib/gcc/msp430/4.6.3/mmpy-16/libgcc.a
LOAD /usr/lib/gcc/msp430/4.6.3/mmpy-16/libcrt0.a
                0x00000080                PROVIDE (__info_segment_size, 0x80)
                0x00001000                PROVIDE (__infob, 0x1000)
                0x00001080                PROVIDE (__infoa, 0x1080)
                0x00000000                __IE1 = 0x0
                0x00000002                __IFG1 = 0x2
                0x00000004                __ME1 = 0x4
                0x00000001                __IE2 = 0x1
                0x00000003                __IFG2 = 0x3
                0x00000005                __ME2 = 0x5
                0x00000120                __WDTCTL = 0x120
                0x00000130                __MPY = 0x130
                0x00000132                __MPYS = 0x132
                0x00000134                __MAC = 0x134
                0x00000136                __MACS = 0x136
                0x00000138                __OP2 = 0x138
                0x0000013a                __RESLO = 0x13a
                0x0000013c                __RESHI = 0x13c
                0x0000013e                __SUMEXT = 0x13e
                0x00000020                __P1IN = 0x20
                0x00000021                __P1OUT = 0x21
                0x00000022                __P1DIR = 0x22
                0x00000023                __P1IFG = 0x23
                0x00000024                __P1IES = 0x24
                0x00000025                __P1IE = 0x25
                0x00000026                __P1SEL = 0x26
                0x00000028                __P2IN = 0x28
                0x00000029                __P2OUT = 0x29
                0x0000002a                __P2DIR = 0x2a
                0x0000002b                __P2IFG = 0x2b
                0x0000002c                __P2IES = 0x2c
                0x0000002d                __P2IE = 0x2d
                0x0000002e                __P2SEL = 0x2e
                0x00000018                __P3IN = 0x18
                0x00000019                __P3OUT = 0x19
                0x0000001a                __P3DIR = 0x1a
                0x0000001b                __P3SEL = 0x1b
                0x0000001c                __P4IN = 0x1c
                0x0000001d                __P4OUT = 0x1d
                0x0000001e                __P4DIR = 0x1e
                0x0000001f                __P4SEL = 0x1f
                0x00000030                __P5IN = 0x30
                0x00000031                __P5OUT = 0x31
                0x00000032                __P5DIR = 0x32
                0x00000033                __P5SEL = 0x33
                0x00000034                __P6IN = 0x34
                0x00000035                __P6OUT = 0x35
                0x00000036                __P6DIR = 0x36
                0x00000037                __P6SEL = 0x37
                0x00000070                __U0CTL = 0x70
                0x00000071                __U0TCTL = 0x71
                0x00000072                __U0RCTL = 0x72
                0x00000073                __U0MCTL = 0x73
                0x00000074                __U0BR0 = 0x74
                0x00000075                __U0BR1 = 0x75
                0x00000076                __U0RXBUF = 0x76
                0x00000077                __U0TXBUF = 0x77
                0x00000078                __U1CTL = 0x78
                0x00000079                __U1TCTL = 0x79
                0x0000007a                __U1RCTL = 0x7a
                0x0000007b                __U1MCTL = 0x7b
                0x0000007c                __U1BR0 = 0x7c
                0x0000007d                __U1BR1 = 0x7d
                0x0000007e                __U1RXBUF = 0x7e
                0x0000007f                __U1TXBUF = 0x7f
                0x00000050                __I2CIE = 0x50
                0x00000051                __I2CIFG = 0x51
                0x00000052                __I2CNDAT = 0x52
                0x00000071                __I2CTCTL = 0x71
                0x00000072                __I2CDCTL = 0x72
                0x00000073                __I2CPSC = 0x73
                0x00000074                __I2CSCLH = 0x74
                0x00000075                __I2CSCLL = 0x75
                0x00000076                __I2CDRB = 0x76
                0x00000076                __I2CDRW = 0x76
                0x00000118                __I2COA = 0x118
                0x0000011a                __I2CSA = 0x11a
                0x0000011c                __I2CIV = 0x11c
                0x0000012e                __TAIV = 0x12e
                0x00000160                __TACTL = 0x160
                0x00000162                __TACCTL0 = 0x162
                0x00000164                __TACCTL1 = 0x164
                0x00000166                __TACCTL2 = 0x166
                0x00000170                __TAR = 0x170
                0x00000172                __TACCR0 = 0x172
                0x00000174                __TACCR1 = 0x174
                0x00000176                __TACCR2 = 0x176
                0x0000011e                __TBIV = 0x11e
                0x00000180                __TBCTL = 0x180
                0x00000182                __TBCCTL0 = 0x182
                0x00000184                __TBCCTL1 = 0x184
                0x00000186                __TBCCTL2 = 0x186
                0x00000188                __TBCCTL3 = 0x188
                0x0000018a                __TBCCTL4 = 0x18a
                0x0000018c                __TBCCTL5 = 0x18c
                0x0000018e                __TBCCTL6 = 0x18e
                0x00000190                __TBR = 0x190
                0x00000192                __TBCCR0 = 0x192
                0x00000194                __TBCCR1 = 0x194
                0x00000196                __TBCCR2 = 0x196
                0x00000198                __TBCCR3 = 0x198
                0x0000019a                __TBCCR4 = 0x19a
                0x0000019c                __TBCCR5 = 0x19c
                0x0000019e                __TBCCR6 = 0x19e
                0x00000056                __DCOCTL = 0x56
                0x00000057                __BCSCTL1 = 0x57
                0x00000058                __BCSCTL2 = 0x58
                0x00000055                __SVSCTL = 0x55
                0x00000128                __FCTL1 = 0x128
                0x0000012a                __FCTL2 = 0x12a
                0x0000012c                __FCTL3 = 0x12c
                0x00000059                __CACTL1 = 0x59
                0x0000005a                __CACTL2 = 0x5a
                0x0000005b                __CAPD = 0x5b
                0x000001a0                __ADC12CTL0 = 0x1a0
                0x000001a2                __ADC12CTL1 = 0x1a2
                0x000001a4                __ADC12IFG = 0x1a4
                0x000001a6                __ADC12IE = 0x1a6
                0x000001a8                __ADC12IV = 0x1a8
                0x00000140                __ADC12MEM0 = 0x140
                0x00000142                __ADC12MEM1 = 0x142
                0x00000144                __ADC12MEM2 = 0x144
                0x00000146                __ADC12MEM3 = 0x146
                0x00000148                __ADC12MEM4 = 0x148
                0x0000014a                __ADC12MEM5 = 0x14a
                0x0000014c                __ADC12MEM6 = 0x14c
                0x0000014e                __ADC12MEM7 = 0x14e
                0x00000150                __ADC12MEM8 = 0x150
                0x00000152                __ADC12MEM9 = 0x152
                0x00000154                __ADC12MEM10 = 0x154
                0x00000156                __ADC12MEM11 = 0x156
                0x00000158                __ADC12MEM12 = 0x158
                0x0000015a                __ADC12MEM13 = 0x15a
                0x0000015c                __ADC12MEM14 = 0x15c
                0x0000015e                __ADC12MEM15 = 0x15e
                0x00000080                __ADC12MCTL0 = 0x80
                0x00000081                __ADC12MCTL1 = 0x81
                0x00000082                __ADC12MCTL2 = 0x82
                0x00000083                __ADC12MCTL3 = 0x83
                0x00000084                __ADC12MCTL4 = 0x84
                0x00000085                __ADC12MCTL5 = 0x85
                0x00000086                __ADC12MCTL6 = 0x86
                0x00000087                __ADC12MCTL7 = 0x87
                0x00000088                __ADC12MCTL8 = 0x88
                0x00000089                __ADC12MCTL9 = 0x89
                0x0000008a                __ADC12MCTL10 = 0x8a
                0x0000008b                __ADC12MCTL11 = 0x8b
                0x0000008c                __ADC12MCTL12 = 0x8c
                0x0000008d                __ADC12MCTL13 = 0x8d
                0x0000008e                __ADC12MCTL14 = 0x8e
                0x0000008f                __ADC12MCTL15 = 0x8f
                0x000001c0                __DAC12_0CTL = 0x1c0
                0x000001c2                __DAC12_1CTL = 0x1c2
                0x000001c8                __DAC12_0DAT = 0x1c8
                0x000001ca                __DAC12_1DAT = 0x1ca
                0x00000122                __DMACTL0 = 0x122
                0x00000124                __DMACTL1 = 0x124
                0x000001e0                __DMA0CTL = 0x1e0
                0x000001e8                __DMA1CTL = 0x1e8
                0x000001f0                __DMA2CTL = 0x1f0
                0x000001e2                __DMA0SA = 0x1e2
                0x000001e4                __DMA0DA = 0x1e4
                0x000001e6                __DMA0SZ = 0x1e6
                0x000001ea                __DMA1SA = 0x1ea
                0x000001ec                __DMA1DA = 0x1ec
                0x000001ee                __DMA1SZ = 0x1ee
                0x000001f2                __DMA2SA = 0x1f2
                0x000001f4                __DMA2DA = 0x1f4
                0x000001f6                __DMA2SZ = 0x1f6

.hash
 *(.hash)

.dynsym
 *(.dynsym)

.dynstr
 *(.dynstr)

.gnu.version
 *(.gnu.version)

.gnu.version_d
 *(.gnu.version_d)

.gnu.version_r
 *(.gnu.version_r)

.rel.init
 *(.rel.init)

.rela.init
 *(.rela.init)

.rel.fini
 *(.rel.fini)

.rela.fini
 *(.rela.fini)

.rel.text
 *(.rel.text .rel.text.* .rel.gnu.linkonce.t.*)

.rela.text
 *(.rela.text .rela.text.* .rela.gnu.linkonce.t.*)

.rel.rodata
 *(.rel.rodata .rel.rodata.* .rel.gnu.linkonce.r.*)

.rela.rodata
 *(.rela.rodata .rela.rodata.* .rela.gnu.linkonce.r.*)

.rel.data
 *(.rel.data .rel.data.* .rel.gnu.linkonce.d.*)

.rela.data
 *(.rela.data .rela.data.* .rela.gnu.linkonce.d.*)

.rel.bss
 *(.rel.bss .rel.bss.* .rel.gnu.linkonce.b.*)

.rela.bss
 *(.rela.bss .rela.bss.* .rela.gnu.linkonce.b.*)

.rel.ctors
 *(.rel.ctors)

.rela.ctors
 *(.rela.ctors)

.rel.dtors
 *(.rel.dtors)

.rela.dtors
 *(.rela.dtors)

.rel.got
 *(.rel.got)

.rela.got
 *(.rela.got)

.rel.plt
 *(.rel.plt)

.rela.plt
 *(.rela.plt)

.text           0x00004000     0xa432
                0x00004000                . = ALIGN (0x2)
 *(.init .init.*)
 *(.init0)
 .init0         0x00004000        0x0 /usr/lib/gcc/msp430/4.6.3/mmpy-16/libcrt0.a(_reset_vector__.o)
                0x00004000                _reset_vector__
 *(.init1)
 .init1         0x00004000        0xc /usr/lib/gcc/msp430/4.6.3/mmpy-16/libcrt0.a(__watchdog_support.o)
                0x00004000                __watchdog_support
 *(.init2)
 .init2         0x0000400c        0x4 /usr/lib/gcc/msp430/4.6.3/mmpy-16/libcrt0.a(__init_stack.o)
                0x0000400c                __init_stack
 *(.init3)
 .init3         0x00004010        0x0 /usr/lib/gcc/msp430/4.6.3/mmpy-16/libcrt0.a(__low_level_init.o)
                0x00004010                __low_level_init
 *(.init4)
 .init4         0x00004010       0x18 /usr/lib/gcc/msp430/4.6.3/mmpy-16/libcrt0.a(_copy_data.o)
                0x00004010                __do_copy_data
 .init4         0x00004028       0x16 /usr/lib/gcc/msp430/4.6.3/mmpy-16/libcrt0.a(_clear_bss.o)
                0x00004028                __do_clear_bss
 *(.init5)
 *(.init6)
 *(.init7)
 *(.init8)
 *(.init9)
 .init9         0x0000403e      0x2d8 obj_sky/contiki-sky-main.o
                0x0000403e                main
 *(.fini9)
 .fini9         0x00004316        0x0 /usr/lib/gcc/msp430/4.6.3/mmpy-16/libcrt0.a(__stop_progExec__.o)
                0x00004316                __stop_progExec__
 *(.fini8)
 *(.fini7)
 *(.fini6)
 *(.fini5)
 *(.fini4)
 *(.fini3)
 *(.fini2)
 *(.fini1)
 *(.fini0)
 .fini0         0x00004316        0x6 /usr/lib/gcc/msp430/4.6.3/mmpy-16/libcrt0.a(_endless_loop__.o)
                0x00004316                _endless_loop__
 *(.fini .fini.*)
                0x0000431c                . = ALIGN (0x2)
                0x0000431c                __ctors_start = .
 *(.ctors)
                0x0000431c                __ctors_end = .
                0x0000431c                __dtors_start = .
 *(.dtors)
                0x0000431c                __dtors_end = .
                0x0000431c                . = ALIGN (0x2)
 *(.text .text.* .gnu.linkonce.t.*)
 .text          0x0000431c        0x4 /usr/lib/gcc/msp430/4.6.3/mmpy-16/crt0ivtbl16.o
                0x0000431c                __isr_14
                0x0000431c                __isr_11
                0x0000431c                __isr_2
                0x0000431c                __isr_7
                0x0000431c                __isr_0
                0x0000431c                __isr_8
                0x0000431c                __isr_3
                0x0000431c                __isr_12
                0x0000431c                __isr_13
                0x0000431c                __isr_9
 .text.process_thread_first_app_process
                0x00004320       0x1c first_app.co
 .text.start_network_layer
                0x0000433c       0xa2 obj_sky/contiki-sky-main.o
 .text.init_platform
                0x000043de        0xc contiki-sky.a(contiki-sky-pla)
                0x000043de                init_platform
 .text.status   0x000043ea       0x16 contiki-sky.a(button-sensor.o)
 .text.configure
                0x00004400       0x52 contiki-sky.a(button-sensor.o)
 .text.value    0x00004452       0x22 contiki-sky.a(button-sensor.o)
 .text.irq_p2   0x00004474       0x8a contiki-sky.a(button-sensor.o)
                0x00004474                irq_p2
                0x00004474                __isr_1
 .text.owreadb  0x000044fe       0x52 contiki-sky.a(ds2411.o)
 .text.ds2411_init
                0x00004550      0x122 contiki-sky.a(ds2411.o)
                0x00004550                ds2411_init
 .text.wait_ready
                0x00004672       0x50 contiki-sky.a(xmem.o)
 .text.xmem_init
                0x000046c2       0x3e contiki-sky.a(xmem.o)
                0x000046c2                xmem_init
 .text.xmem_pread
                0x00004700       0xea contiki-sky.a(xmem.o)
                0x00004700                xmem_pread
 .text.node_id_restore
                0x000047ea       0x38 contiki-sky.a(node-id.o)
                0x000047ea                node_id_restore
 .text.process_thread_sensors_process
                0x00004822       0xbe contiki-sky.a(sensors.o)
 .text.sensors_changed
                0x000048e0       0x2a contiki-sky.a(sensors.o)
                0x000048e0                sensors_changed
 .text.get_object
                0x0000490a        0x4 contiki-sky.a(cc2420.o)
 .text.set_object
                0x0000490e        0x4 contiki-sky.a(cc2420.o)
 .text.strobe   0x00004912       0x20 contiki-sky.a(cc2420.o)
 .text.getreg   0x00004932       0x54 contiki-sky.a(cc2420.o)
 .text.setreg   0x00004986       0x52 contiki-sky.a(cc2420.o)
 .text.write_ram
                0x000049d8       0x80 contiki-sky.a(cc2420.o)
 .text.write_fifo_buf
                0x00004a58       0x40 contiki-sky.a(cc2420.o)
 .text.get_status
                0x00004a98       0x24 contiki-sky.a(cc2420.o)
 .text.set_txpower
                0x00004abc       0x26 contiki-sky.a(cc2420.o)
 .text.cc2420_receiving_packet
                0x00004ae2        0xe contiki-sky.a(cc2420.o)
 .text.pending_packet
                0x00004af0        0x8 contiki-sky.a(cc2420.o)
 .text.on       0x00004af8       0x1e contiki-sky.a(cc2420.o)
 .text.wait_for_transmission
                0x00004b16       0x22 contiki-sky.a(cc2420.o)
 .text.wait_for_status
                0x00004b38       0x2a contiki-sky.a(cc2420.o)
 .text.getrxdata
                0x00004b62       0x56 contiki-sky.a(cc2420.o)
 .text.flushrx  0x00004bb8       0x1a contiki-sky.a(cc2420.o)
 .text.off      0x00004bd2       0x5a contiki-sky.a(cc2420.o)
 .text.RELEASE_LOCK
                0x00004c2c       0x28 contiki-sky.a(cc2420.o)
 .text.set_key  0x00004c54       0x18 contiki-sky.a(cc2420.o)
 .text.cc2420_prepare
                0x00004c6c       0x3c contiki-sky.a(cc2420.o)
 .text.cc2420_on
                0x00004ca8       0x22 contiki-sky.a(cc2420.o)
                0x00004ca8                cc2420_on
 .text.cc2420_off
                0x00004cca       0x30 contiki-sky.a(cc2420.o)
                0x00004cca                cc2420_off
 .text.cc2420_cca
                0x00004cfa       0x5e contiki-sky.a(cc2420.o)
 .text.cc2420_read
                0x00004d58       0xb0 contiki-sky.a(cc2420.o)
 .text.process_thread_cc2420_process
                0x00004e08       0x50 contiki-sky.a(cc2420.o)
 .text.encrypt  0x00004e58       0x8e contiki-sky.a(cc2420.o)
 .text.cc2420_set_channel
                0x00004ee6       0x3c contiki-sky.a(cc2420.o)
                0x00004ee6                cc2420_set_channel
 .text.cc2420_set_pan_addr
                0x00004f22       0x4c contiki-sky.a(cc2420.o)
                0x00004f22                cc2420_set_pan_addr
 .text.cc2420_interrupt
                0x00004f6e       0x18 contiki-sky.a(cc2420.o)
                0x00004f6e                cc2420_interrupt
 .text.cc2420_set_txpower
                0x00004f86        0xe contiki-sky.a(cc2420.o)
                0x00004f86                cc2420_set_txpower
 .text.cc2420_get_txpower
                0x00004f94       0x1e contiki-sky.a(cc2420.o)
                0x00004f94                cc2420_get_txpower
 .text.cc2420_transmit
                0x00004fb2      0x10e contiki-sky.a(cc2420.o)
 .text.cc2420_send
                0x000050c0       0x12 contiki-sky.a(cc2420.o)
 .text.cc2420_rssi
                0x000050d2       0x4c contiki-sky.a(cc2420.o)
                0x000050d2                cc2420_rssi
 .text.get_value
                0x0000511e       0xac contiki-sky.a(cc2420.o)
 .text.cc2420_set_cca_threshold
                0x000051ca       0x16 contiki-sky.a(cc2420.o)
                0x000051ca                cc2420_set_cca_threshold
 .text.set_value
                0x000051e0       0x8a contiki-sky.a(cc2420.o)
 .text.cc2420_init
                0x0000526a       0xde contiki-sky.a(cc2420.o)
                0x0000526a                cc2420_init
 .text.cc2420_port1_interrupt
                0x00005348       0x62 contiki-sky.a(cc2420-arch.o)
                0x00005348                __isr_4
                0x00005348                cc2420_port1_interrupt
 .text.cc2420_arch_init
                0x000053aa       0x1a contiki-sky.a(cc2420-arch.o)
                0x000053aa                cc2420_arch_init
 .text.uart1_active
                0x000053c4       0x1a contiki-sky.a(uart1.o)
                0x000053c4                uart1_active
 .text.uart1_writeb
                0x000053de       0x1a contiki-sky.a(uart1.o)
                0x000053de                uart1_writeb
 .text.uart1_init
                0x000053f8       0xf6 contiki-sky.a(uart1.o)
                0x000053f8                uart1_init
 .text.putchar  0x000054ee       0x10 contiki-sky.a(uart1-putchar.o)
                0x000054ee                putchar
 .text.msp430_init_dco
                0x000054fe       0x84 contiki-sky.a(msp430.o)
                0x000054fe                msp430_init_dco
 .text.msp430_add_lpm_req
                0x00005582        0xc contiki-sky.a(msp430.o)
                0x00005582                msp430_add_lpm_req
 .text.msp430_cpu_init
                0x0000558e       0x2a contiki-sky.a(msp430.o)
                0x0000558e                msp430_cpu_init
 .text.splhigh_
                0x000055b8        0x8 contiki-sky.a(msp430.o)
                0x000055b8                splhigh_
 .text.msp430_sync_dco
                0x000055c0       0x68 contiki-sky.a(msp430.o)
                0x000055c0                msp430_sync_dco
 .text.timera1  0x00005628      0x11e contiki-sky.a(clock.o)
                0x00005628                __isr_5
                0x00005628                timera1
 .text.clock_time
                0x00005746       0x1a contiki-sky.a(clock.o)
                0x00005746                clock_time
 .text.clock_init
                0x00005760       0x28 contiki-sky.a(clock.o)
                0x00005760                clock_init
 .text.clock_delay
                0x00005788        0xc contiki-sky.a(clock.o)
                0x00005788                clock_delay
 .text.clock_seconds
                0x00005794       0x1a contiki-sky.a(clock.o)
                0x00005794                clock_seconds
 .text.show_leds
                0x000057ae       0xf6 contiki-sky.a(leds.o)
 .text.leds_init
                0x000058a4        0xa contiki-sky.a(leds.o)
                0x000058a4                leds_init
 .text.leds_on  0x000058ae        0xa contiki-sky.a(leds.o)
                0x000058ae                leds_on
 .text.leds_off
                0x000058b8        0xe contiki-sky.a(leds.o)
                0x000058b8                leds_off
 .text.leds_arch_init
                0x000058c6        0xe contiki-sky.a(leds-arch.o)
                0x000058c6                leds_arch_init
 .text.leds_arch_set
                0x000058d4       0x3a contiki-sky.a(leds-arch.o)
                0x000058d4                leds_arch_set
 .text.watchdog_interrupt
                0x0000590e        0x6 contiki-sky.a(watchdog.o)
                0x0000590e                __isr_10
                0x0000590e                watchdog_interrupt
 .text.watchdog_start
                0x00005914       0x14 contiki-sky.a(watchdog.o)
                0x00005914                watchdog_start
 .text.watchdog_periodic
                0x00005928       0x12 contiki-sky.a(watchdog.o)
                0x00005928                watchdog_periodic
 .text.watchdog_stop
                0x0000593a       0x16 contiki-sky.a(watchdog.o)
                0x0000593a                watchdog_stop
 .text.watchdog_init
                0x00005950       0x14 contiki-sky.a(watchdog.o)
                0x00005950                watchdog_init
 .text.rtimer_arch_init
                0x00005964        0xe contiki-sky.a(rtimer-arch.o)
                0x00005964                rtimer_arch_init
 .text.rtimer_arch_now
                0x00005972        0xe contiki-sky.a(rtimer-arch.o)
                0x00005972                rtimer_arch_now
 .text.timera0  0x00005980       0x70 contiki-sky.a(rtimer-arch.o)
                0x00005980                __isr_6
                0x00005980                timera0
 .text.rtimer_arch_schedule
                0x000059f0        0x6 contiki-sky.a(rtimer-arch.o)
                0x000059f0                rtimer_arch_schedule
 .text.autostart_start
                0x000059f6       0x16 contiki-sky.a(autostart.o)
                0x000059f6                autostart_start
 .text.process_thread_ctimer_process
                0x00005a0c       0xa4 contiki-sky.a(ctimer.o)
 .text.ctimer_init
                0x00005ab0       0x18 contiki-sky.a(ctimer.o)
                0x00005ab0                ctimer_init
 .text.ctimer_set
                0x00005ac8       0x50 contiki-sky.a(ctimer.o)
                0x00005ac8                ctimer_set
 .text.ctimer_reset
                0x00005b18       0x30 contiki-sky.a(ctimer.o)
                0x00005b18                ctimer_reset
 .text.ctimer_stop
                0x00005b48       0x28 contiki-sky.a(ctimer.o)
                0x00005b48                ctimer_stop
 .text.energest_init
                0x00005b70       0x28 contiki-sky.a(energest.o)
                0x00005b70                energest_init
 .text.energest_type_time
                0x00005b98       0x46 contiki-sky.a(energest.o)
                0x00005b98                energest_type_time
 .text.energest_type_set
                0x00005bde        0xe contiki-sky.a(energest.o)
                0x00005bde                energest_type_set
 .text.energest_flush
                0x00005bec       0x48 contiki-sky.a(energest.o)
                0x00005bec                energest_flush
 .text.update_time
                0x00005c34       0x78 contiki-sky.a(etimer.o)
 .text.etimer_request_poll
                0x00005cac        0xa contiki-sky.a(etimer.o)
                0x00005cac                etimer_request_poll
 .text.process_thread_etimer_process
                0x00005cb6       0xc8 contiki-sky.a(etimer.o)
 .text.add_timer
                0x00005d7e       0x40 contiki-sky.a(etimer.o)
 .text.etimer_set
                0x00005dbe       0x12 contiki-sky.a(etimer.o)
                0x00005dbe                etimer_set
 .text.etimer_reset
                0x00005dd0       0x12 contiki-sky.a(etimer.o)
                0x00005dd0                etimer_reset
 .text.etimer_restart
                0x00005de2       0x12 contiki-sky.a(etimer.o)
                0x00005de2                etimer_restart
 .text.etimer_expired
                0x00005df4        0xe contiki-sky.a(etimer.o)
                0x00005df4                etimer_expired
 .text.etimer_expiration_time
                0x00005e02       0x14 contiki-sky.a(etimer.o)
                0x00005e02                etimer_expiration_time
 .text.etimer_pending
                0x00005e16        0xc contiki-sky.a(etimer.o)
                0x00005e16                etimer_pending
 .text.etimer_next_expiration_time
                0x00005e22       0x16 contiki-sky.a(etimer.o)
                0x00005e22                etimer_next_expiration_time
 .text.etimer_stop
                0x00005e38       0x3c contiki-sky.a(etimer.o)
                0x00005e38                etimer_stop
 .text.call_process
                0x00005e74       0x4a contiki-sky.a(process.o)
 .text.exit_process
                0x00005ebe       0x96 contiki-sky.a(process.o)
 .text.do_poll  0x00005f54       0x30 contiki-sky.a(process.o)
 .text.process_alloc_event
                0x00005f84        0xe contiki-sky.a(process.o)
                0x00005f84                process_alloc_event
 .text.process_init
                0x00005f92       0x1c contiki-sky.a(process.o)
                0x00005f92                process_init
 .text.process_run
                0x00005fae       0xa2 contiki-sky.a(process.o)
                0x00005fae                process_run
 .text.process_nevents
                0x00006050        0xe contiki-sky.a(process.o)
                0x00006050                process_nevents
 .text.process_post
                0x0000605e       0x54 contiki-sky.a(process.o)
                0x0000605e                process_post
 .text.process_post_synch
                0x000060b2       0x12 contiki-sky.a(process.o)
                0x000060b2                process_post_synch
 .text.process_start
                0x000060c4       0x32 contiki-sky.a(process.o)
                0x000060c4                process_start
 .text.process_poll
                0x000060f6       0x18 contiki-sky.a(process.o)
                0x000060f6                process_poll
 .text.rtimer_init
                0x0000610e        0x6 contiki-sky.a(rtimer.o)
                0x0000610e                rtimer_init
 .text.rtimer_set
                0x00006114       0x24 contiki-sky.a(rtimer.o)
                0x00006114                rtimer_set
 .text.rtimer_run_next
                0x00006138       0x26 contiki-sky.a(rtimer.o)
                0x00006138                rtimer_run_next
 .text.timer_set
                0x0000615e       0x1c contiki-sky.a(timer.o)
                0x0000615e                timer_set
 .text.timer_reset
                0x0000617a        0xe contiki-sky.a(timer.o)
                0x0000617a                timer_reset
 .text.timer_restart
                0x00006188       0x14 contiki-sky.a(timer.o)
                0x00006188                timer_restart
 .text.timer_expired
                0x0000619c       0x2a contiki-sky.a(timer.o)
                0x0000619c                timer_expired
 .text.list_init
                0x000061c6        0x6 contiki-sky.a(list.o)
                0x000061c6                list_init
 .text.list_head
                0x000061cc        0x4 contiki-sky.a(list.o)
                0x000061cc                list_head
 .text.list_tail
                0x000061d0       0x12 contiki-sky.a(list.o)
                0x000061d0                list_tail
 .text.list_remove
                0x000061e2       0x34 contiki-sky.a(list.o)
                0x000061e2                list_remove
 .text.list_push
                0x00006216       0x1a contiki-sky.a(list.o)
                0x00006216                list_push
 .text.list_add
                0x00006230       0x2a contiki-sky.a(list.o)
                0x00006230                list_add
 .text.list_length
                0x0000625a       0x10 contiki-sky.a(list.o)
                0x0000625a                list_length
 .text.list_item_next
                0x0000626a        0xc contiki-sky.a(list.o)
                0x0000626a                list_item_next
 .text.random_init
                0x00006276        0x6 contiki-sky.a(random.o)
                0x00006276                random_init
 .text.random_rand
                0x0000627c        0x6 contiki-sky.a(random.o)
                0x0000627c                random_rand
 .text.set_packet_attrs
                0x00006282       0x44 contiki-sky.a(sicslowpan.o)
 .text.addr_context_lookup_by_number
                0x000062c6       0x36 contiki-sky.a(sicslowpan.o)
 .text.compress_addr_64
                0x000062fc       0xae contiki-sky.a(sicslowpan.o)
 .text.uncompress_addr
                0x000063aa       0xb4 contiki-sky.a(sicslowpan.o)
 .text.input    0x0000645e      0x65c contiki-sky.a(sicslowpan.o)
 .text.sicslowpan_init
                0x00006aba       0x26 contiki-sky.a(sicslowpan.o)
                0x00006aba                sicslowpan_init
 .text.addr_context_lookup_by_prefix
                0x00006ae0       0x4c contiki-sky.a(sicslowpan.o)
 .text.send_packet
                0x00006b2c       0x1a contiki-sky.a(sicslowpan.o)
 .text.output   0x00006b46      0x6da contiki-sky.a(sicslowpan.o)
 .text.packet_sent
                0x00007220       0x22 contiki-sky.a(sicslowpan.o)
 .text.chksum   0x00007242       0x32 contiki-sky.a(uip6.o)
 .text.upper_layer_chksum
                0x00007274       0x56 contiki-sky.a(uip6.o)
 .text.ext_hdr_options_process
                0x000072ca       0xda contiki-sky.a(uip6.o)
 .text.uip_add32
                0x000073a4       0x68 contiki-sky.a(uip6.o)
                0x000073a4                uip_add32
 .text.unlikely.uip_add_rcv_nxt
                0x0000740c       0x2e contiki-sky.a(uip6.o)
 .text.uip_icmp6chksum
                0x0000743a        0xa contiki-sky.a(uip6.o)
                0x0000743a                uip_icmp6chksum
 .text.uip_tcpchksum
                0x00007444        0xa contiki-sky.a(uip6.o)
                0x00007444                uip_tcpchksum
 .text.uip_udpchksum
                0x0000744e        0xa contiki-sky.a(uip6.o)
                0x0000744e                uip_udpchksum
 .text.uip_init
                0x00007458       0x7a contiki-sky.a(uip6.o)
                0x00007458                uip_init
 .text.remove_ext_hdr
                0x000074d2       0x5a contiki-sky.a(uip6.o)
                0x000074d2                remove_ext_hdr
 .text.uip_unlisten
                0x0000752c       0x2a contiki-sky.a(uip6.o)
                0x0000752c                uip_unlisten
 .text.uip_process
                0x00007556      0xe9e contiki-sky.a(uip6.o)
                0x00007556                uip_process
 .text.uip_htonl
                0x000083f4       0x2e contiki-sky.a(uip6.o)
                0x000083f4                uip_htonl
 .text.uip_ds6_list_loop
                0x00008422       0x86 contiki-sky.a(uip-ds6.o)
                0x00008422                uip_ds6_list_loop
 .text.uip_ds6_prefix_add
                0x000084a8       0x80 contiki-sky.a(uip-ds6.o)
                0x000084a8                uip_ds6_prefix_add
 .text.uip_ds6_is_addr_onlink
                0x00008528       0x54 contiki-sky.a(uip-ds6.o)
                0x00008528                uip_ds6_is_addr_onlink
 .text.uip_ds6_addr_lookup
                0x0000857c       0x2a contiki-sky.a(uip-ds6.o)
                0x0000857c                uip_ds6_addr_lookup
 .text.uip_ds6_get_link_local
                0x000085a6       0x3e contiki-sky.a(uip-ds6.o)
                0x000085a6                uip_ds6_get_link_local
 .text.uip_ds6_maddr_add
                0x000085e4       0x4c contiki-sky.a(uip-ds6.o)
                0x000085e4                uip_ds6_maddr_add
 .text.uip_ds6_addr_add
                0x00008630       0xc4 contiki-sky.a(uip-ds6.o)
                0x00008630                uip_ds6_addr_add
 .text.uip_ds6_maddr_lookup
                0x000086f4       0x2a contiki-sky.a(uip-ds6.o)
                0x000086f4                uip_ds6_maddr_lookup
 .text.uip_ds6_addr_rm
                0x0000871e       0x54 contiki-sky.a(uip-ds6.o)
                0x0000871e                uip_ds6_addr_rm
 .text.uip_ds6_periodic
                0x00008772       0x4a contiki-sky.a(uip-ds6.o)
                0x00008772                uip_ds6_periodic
 .text.uip_ds6_set_addr_iid
                0x000087bc       0x14 contiki-sky.a(uip-ds6.o)
                0x000087bc                uip_ds6_set_addr_iid
 .text.get_match_length
                0x000087d0       0x3e contiki-sky.a(uip-ds6.o)
                0x000087d0                get_match_length
 .text.uip_ds6_select_src
                0x0000880e       0xaa contiki-sky.a(uip-ds6.o)
                0x0000880e                uip_ds6_select_src
 .text.uip_ds6_compute_reachable_time
                0x000088b8       0x3e contiki-sky.a(uip-ds6.o)
                0x000088b8                uip_ds6_compute_reachable_time
 .text.uip_ds6_init
                0x000088f6      0x154 contiki-sky.a(uip-ds6.o)
                0x000088f6                uip_ds6_init
 .text.uip_ds6_nbr_rm
                0x00008a4a       0x1a contiki-sky.a(uip-ds6-nbr.o)
                0x00008a4a                uip_ds6_nbr_rm
 .text.uip_ds6_neighbors_init
                0x00008a64        0xe contiki-sky.a(uip-ds6-nbr.o)
                0x00008a64                uip_ds6_neighbors_init
 .text.uip_ds6_nbr_add
                0x00008a72       0x60 contiki-sky.a(uip-ds6-nbr.o)
                0x00008a72                uip_ds6_nbr_add
 .text.uip_ds6_nbr_get_ll
                0x00008ad2        0xc contiki-sky.a(uip-ds6-nbr.o)
                0x00008ad2                uip_ds6_nbr_get_ll
 .text.uip_ds6_nbr_lookup
                0x00008ade       0x42 contiki-sky.a(uip-ds6-nbr.o)
                0x00008ade                uip_ds6_nbr_lookup
 .text.uip_ds6_nbr_ll_lookup
                0x00008b20        0xc contiki-sky.a(uip-ds6-nbr.o)
                0x00008b20                uip_ds6_nbr_ll_lookup
 .text.uip_ds6_nbr_ipaddr_from_lladdr
                0x00008b2c        0x6 contiki-sky.a(uip-ds6-nbr.o)
                0x00008b2c                uip_ds6_nbr_ipaddr_from_lladdr
 .text.uip_ds6_nbr_lladdr_from_ipaddr
                0x00008b32       0x12 contiki-sky.a(uip-ds6-nbr.o)
                0x00008b32                uip_ds6_nbr_lladdr_from_ipaddr
 .text.uip_ds6_link_neighbor_callback
                0x00008b44       0x2a contiki-sky.a(uip-ds6-nbr.o)
                0x00008b44                uip_ds6_link_neighbor_callback
 .text.uip_ds6_neighbor_periodic
                0x00008b6e       0x60 contiki-sky.a(uip-ds6-nbr.o)
                0x00008b6e                uip_ds6_neighbor_periodic
 .text.call_route_callback
                0x00008bce       0x4c contiki-sky.a(uip-ds6-route.o)
 .text.uip_ds6_route_init
                0x00008c1a       0x36 contiki-sky.a(uip-ds6-route.o)
                0x00008c1a                uip_ds6_route_init
 .text.uip_ds6_route_nexthop
                0x00008c50       0x1a contiki-sky.a(uip-ds6-route.o)
                0x00008c50                uip_ds6_route_nexthop
 .text.uip_ds6_route_head
                0x00008c6a        0xa contiki-sky.a(uip-ds6-route.o)
                0x00008c6a                uip_ds6_route_head
 .text.uip_ds6_route_next
                0x00008c74        0xe contiki-sky.a(uip-ds6-route.o)
                0x00008c74                uip_ds6_route_next
 .text.uip_ds6_route_lookup
                0x00008c82       0x8c contiki-sky.a(uip-ds6-route.o)
                0x00008c82                uip_ds6_route_lookup
 .text.uip_ds6_route_rm
                0x00008d0e       0xa4 contiki-sky.a(uip-ds6-route.o)
                0x00008d0e                uip_ds6_route_rm
 .text.rm_routelist
                0x00008db2       0x34 contiki-sky.a(uip-ds6-route.o)
 .text.rm_routelist_callback
                0x00008de6        0x6 contiki-sky.a(uip-ds6-route.o)
 .text.uip_ds6_route_add
                0x00008dec      0x10c contiki-sky.a(uip-ds6-route.o)
                0x00008dec                uip_ds6_route_add
 .text.uip_ds6_defrt_rm
                0x00008ef8       0x48 contiki-sky.a(uip-ds6-route.o)
                0x00008ef8                uip_ds6_defrt_rm
 .text.uip_ds6_defrt_lookup
                0x00008f40       0x36 contiki-sky.a(uip-ds6-route.o)
                0x00008f40                uip_ds6_defrt_lookup
 .text.uip_ds6_defrt_add
                0x00008f76       0x74 contiki-sky.a(uip-ds6-route.o)
                0x00008f76                uip_ds6_defrt_add
 .text.uip_ds6_defrt_choose
                0x00008fea       0x3a contiki-sky.a(uip-ds6-route.o)
                0x00008fea                uip_ds6_defrt_choose
 .text.uip_ds6_defrt_periodic
                0x00009024       0x38 contiki-sky.a(uip-ds6-route.o)
                0x00009024                uip_ds6_defrt_periodic
 .text.echo_reply_input
                0x0000905c      0x112 contiki-sky.a(uip-icmp6.o)
 .text.echo_request_input
                0x0000916e      0x12c contiki-sky.a(uip-icmp6.o)
 .text.uip_icmp6_input
                0x0000929a       0x44 contiki-sky.a(uip-icmp6.o)
                0x0000929a                uip_icmp6_input
 .text.uip_icmp6_register_input_handler
                0x000092de        0xc contiki-sky.a(uip-icmp6.o)
                0x000092de                uip_icmp6_register_input_handler
 .text.uip_icmp6_error_output
                0x000092ea      0x17a contiki-sky.a(uip-icmp6.o)
                0x000092ea                uip_icmp6_error_output
 .text.uip_icmp6_send
                0x00009464       0x96 contiki-sky.a(uip-icmp6.o)
                0x00009464                uip_icmp6_send
 .text.uip_icmp6_init
                0x000094fa       0x12 contiki-sky.a(uip-icmp6.o)
                0x000094fa                uip_icmp6_init
 .text.uip_nd6_init
                0x0000950c        0x2 contiki-sky.a(uip-nd6.o)
                0x0000950c                uip_nd6_init
 .text.start_periodic_tcp_timer
                0x0000950e       0x16 contiki-sky.a(tcpip.o)
 .text.tcpip_output
                0x00009524       0x10 contiki-sky.a(tcpip.o)
                0x00009524                tcpip_output
 .text.tcpip_set_outputfunc
                0x00009534        0x6 contiki-sky.a(tcpip.o)
                0x00009534                tcpip_set_outputfunc
 .text.tcpip_input
                0x0000953a       0x16 contiki-sky.a(tcpip.o)
                0x0000953a                tcpip_input
 .text.tcpip_ipv6_output
                0x00009550       0xce contiki-sky.a(tcpip.o)
                0x00009550                tcpip_ipv6_output
 .text.process_thread_tcpip_process
                0x0000961e      0x1d0 contiki-sky.a(tcpip.o)
 .text.tcpip_uipcall
                0x000097ee       0x72 contiki-sky.a(tcpip.o)
                0x000097ee                tcpip_uipcall
 .text.uip_debug_ipaddr_print
                0x00009860       0x7c contiki-sky.a(uip-debug.o)
                0x00009860                uip_debug_ipaddr_print
 .text.rpl_get_mode
                0x000098dc        0x6 contiki-sky.a(rpl.o)
                0x000098dc                rpl_get_mode
 .text.rpl_purge_routes
                0x000098e2       0x96 contiki-sky.a(rpl.o)
                0x000098e2                rpl_purge_routes
 .text.rpl_remove_routes
                0x00009978       0x22 contiki-sky.a(rpl.o)
                0x00009978                rpl_remove_routes
 .text.rpl_remove_routes_by_nexthop
                0x0000999a       0x46 contiki-sky.a(rpl.o)
                0x0000999a                rpl_remove_routes_by_nexthop
 .text.rpl_add_route
                0x000099e0       0x44 contiki-sky.a(rpl.o)
                0x000099e0                rpl_add_route
 .text.rpl_link_neighbor_callback
                0x00009a24       0x7c contiki-sky.a(rpl.o)
                0x00009a24                rpl_link_neighbor_callback
 .text.rpl_ipv6_neighbor_callback
                0x00009aa0       0x1e contiki-sky.a(rpl.o)
                0x00009aa0                rpl_ipv6_neighbor_callback
 .text.rpl_init
                0x00009abe       0x4a contiki-sky.a(rpl.o)
                0x00009abe                rpl_init
 .text.lollipop_greater_than
                0x00009b08       0x44 contiki-sky.a(rpl-dag.o)
 .text.acceptable_rank
                0x00009b4c       0x50 contiki-sky.a(rpl-dag.o)
 .text.find_parent_any_dag_any_instance
                0x00009b9c       0x14 contiki-sky.a(rpl-dag.o)
 .text.rpl_set_preferred_parent
                0x00009bb0       0x30 contiki-sky.a(rpl-dag.o)
 .text.set_ip_from_prefix
                0x00009be0       0x38 contiki-sky.a(rpl-dag.o)
 .text.check_prefix
                0x00009c18       0x80 contiki-sky.a(rpl-dag.o)
 .text.rpl_get_nbr
                0x00009c98       0x1e contiki-sky.a(rpl-dag.o)
                0x00009c98                rpl_get_nbr
 .text.rpl_dag_init
                0x00009cb6        0xe contiki-sky.a(rpl-dag.o)
                0x00009cb6                rpl_dag_init
 .text.rpl_get_parent
                0x00009cc4        0xc contiki-sky.a(rpl-dag.o)
                0x00009cc4                rpl_get_parent
 .text.rpl_get_parent_ipaddr
                0x00009cd0       0x10 contiki-sky.a(rpl-dag.o)
                0x00009cd0                rpl_get_parent_ipaddr
 .text.rpl_set_prefix
                0x00009ce0       0x8e contiki-sky.a(rpl-dag.o)
                0x00009ce0                rpl_set_prefix
 .text.rpl_set_default_route
                0x00009d6e       0x5a contiki-sky.a(rpl-dag.o)
                0x00009d6e                rpl_set_default_route
 .text.rpl_alloc_instance
                0x00009dc8       0x34 contiki-sky.a(rpl-dag.o)
                0x00009dc8                rpl_alloc_instance
 .text.rpl_add_parent
                0x00009dfc       0x56 contiki-sky.a(rpl-dag.o)
                0x00009dfc                rpl_add_parent
 .text.rpl_find_parent
                0x00009e52       0x1a contiki-sky.a(rpl-dag.o)
                0x00009e52                rpl_find_parent
 .text.rpl_find_parent_any_dag
                0x00009e6c       0x22 contiki-sky.a(rpl-dag.o)
                0x00009e6c                rpl_find_parent_any_dag
 .text.rpl_select_parent
                0x00009e8e       0x7e contiki-sky.a(rpl-dag.o)
                0x00009e8e                rpl_select_parent
 .text.rpl_select_dag
                0x00009f0c      0x182 contiki-sky.a(rpl-dag.o)
                0x00009f0c                rpl_select_dag
 .text.rpl_nullify_parent
                0x0000a08e       0x54 contiki-sky.a(rpl-dag.o)
                0x0000a08e                rpl_nullify_parent
 .text.rpl_remove_parent
                0x0000a0e2       0x16 contiki-sky.a(rpl-dag.o)
                0x0000a0e2                rpl_remove_parent
 .text.nbr_callback
                0x0000a0f8        0x6 contiki-sky.a(rpl-dag.o)
 .text.remove_parents.constprop.2
                0x0000a0fe       0x32 contiki-sky.a(rpl-dag.o)
 .text.rpl_move_parent
                0x0000a130       0x5a contiki-sky.a(rpl-dag.o)
                0x0000a130                rpl_move_parent
 .text.rpl_get_any_dag
                0x0000a18a       0x18 contiki-sky.a(rpl-dag.o)
                0x0000a18a                rpl_get_any_dag
 .text.rpl_get_instance
                0x0000a1a2       0x1a contiki-sky.a(rpl-dag.o)
                0x0000a1a2                rpl_get_instance
 .text.rpl_alloc_dag
                0x0000a1bc       0x60 contiki-sky.a(rpl-dag.o)
                0x0000a1bc                rpl_alloc_dag
 .text.rpl_repair_root
                0x0000a21c       0x50 contiki-sky.a(rpl-dag.o)
                0x0000a21c                rpl_repair_root
 .text.rpl_find_of
                0x0000a26c       0x10 contiki-sky.a(rpl-dag.o)
                0x0000a26c                rpl_find_of
 .text.rpl_join_instance
                0x0000a27c      0x13c contiki-sky.a(rpl-dag.o)
                0x0000a27c                rpl_join_instance
 .text.rpl_local_repair
                0x0000a3b8       0x7c contiki-sky.a(rpl-dag.o)
                0x0000a3b8                rpl_local_repair
 .text.rpl_process_parent_event
                0x0000a434       0x4e contiki-sky.a(rpl-dag.o)
                0x0000a434                rpl_process_parent_event
 .text.rpl_recalculate_ranks
                0x0000a482       0x48 contiki-sky.a(rpl-dag.o)
                0x0000a482                rpl_recalculate_ranks
 .text.rpl_add_dag
                0x0000a4ca      0x112 contiki-sky.a(rpl-dag.o)
                0x0000a4ca                rpl_add_dag
 .text.rpl_process_dio
                0x0000a5dc      0x2e2 contiki-sky.a(rpl-dag.o)
                0x0000a5dc                rpl_process_dio
 .text.rpl_lock_parent
                0x0000a8be        0xc contiki-sky.a(rpl-dag.o)
                0x0000a8be                rpl_lock_parent
 .text.rpl_verify_header
                0x0000a8ca       0xba contiki-sky.a(rpl-ext-header.)
                0x0000a8ca                rpl_verify_header
 .text.rpl_update_header_empty
                0x0000a984      0x126 contiki-sky.a(rpl-ext-header.)
                0x0000a984                rpl_update_header_empty
 .text.rpl_update_header_final
                0x0000aaaa       0x94 contiki-sky.a(rpl-ext-header.)
                0x0000aaaa                rpl_update_header_final
 .text.rpl_invert_header
                0x0000ab3e       0x7a contiki-sky.a(rpl-ext-header.)
                0x0000ab3e                rpl_invert_header
 .text.rpl_insert_header
                0x0000abb8       0x12 contiki-sky.a(rpl-ext-header.)
                0x0000abb8                rpl_insert_header
 .text.get32    0x0000abca       0x46 contiki-sky.a(rpl-icmp6.o)
 .text.set32    0x0000ac10       0x2a contiki-sky.a(rpl-icmp6.o)
 .text.get16    0x0000ac3a        0xe contiki-sky.a(rpl-icmp6.o)
 .text.set16    0x0000ac48       0x10 contiki-sky.a(rpl-icmp6.o)
 .text.dao_ack_input
                0x0000ac58        0x6 contiki-sky.a(rpl-icmp6.o)
 .text.dio_input
                0x0000ac5e      0x2d2 contiki-sky.a(rpl-icmp6.o)
 .text.dis_output
                0x0000af30       0x50 contiki-sky.a(rpl-icmp6.o)
                0x0000af30                dis_output
 .text.dio_output
                0x0000af80      0x268 contiki-sky.a(rpl-icmp6.o)
                0x0000af80                dio_output
 .text.dis_input
                0x0000b1e8       0x28 contiki-sky.a(rpl-icmp6.o)
 .text.dao_output_target
                0x0000b210       0xea contiki-sky.a(rpl-icmp6.o)
                0x0000b210                dao_output_target
 .text.dao_output
                0x0000b2fa       0x80 contiki-sky.a(rpl-icmp6.o)
                0x0000b2fa                dao_output
 .text.dao_ack_output
                0x0000b37a       0x32 contiki-sky.a(rpl-icmp6.o)
                0x0000b37a                dao_ack_output
 .text.dao_input
                0x0000b3ac      0x2a8 contiki-sky.a(rpl-icmp6.o)
 .text.rpl_icmp6_register_handlers
                0x0000b654       0x22 contiki-sky.a(rpl-icmp6.o)
                0x0000b654                rpl_icmp6_register_handlers
 .text.reset    0x0000b676        0x2 contiki-sky.a(rpl-mrhof.o)
 .text.update_metric_container
                0x0000b678        0x6 contiki-sky.a(rpl-mrhof.o)
 .text.calculate_rank
                0x0000b67e       0x3e contiki-sky.a(rpl-mrhof.o)
 .text.best_parent
                0x0000b6bc       0x74 contiki-sky.a(rpl-mrhof.o)
 .text.neighbor_link_callback
                0x0000b730       0xa2 contiki-sky.a(rpl-mrhof.o)
 .text.best_dag
                0x0000b7d2       0x34 contiki-sky.a(rpl-mrhof.o)
 .text.new_dio_interval
                0x0000b806       0x92 contiki-sky.a(rpl-timers.o)
 .text.handle_periodic_timer
                0x0000b898       0x2e contiki-sky.a(rpl-timers.o)
 .text.set_dao_lifetime_timer
                0x0000b8c6       0x52 contiki-sky.a(rpl-timers.o)
 .text.schedule_dao
                0x0000b918       0x82 contiki-sky.a(rpl-timers.o)
 .text.handle_dio_timer
                0x0000b99a       0x88 contiki-sky.a(rpl-timers.o)
 .text.handle_dao_timer
                0x0000ba22       0x64 contiki-sky.a(rpl-timers.o)
 .text.rpl_reset_periodic_timer
                0x0000ba86       0x60 contiki-sky.a(rpl-timers.o)
                0x0000ba86                rpl_reset_periodic_timer
 .text.rpl_reset_dio_timer
                0x0000bae6       0x18 contiki-sky.a(rpl-timers.o)
                0x0000bae6                rpl_reset_dio_timer
 .text.rpl_schedule_dao
                0x0000bafe        0xc contiki-sky.a(rpl-timers.o)
                0x0000bafe                rpl_schedule_dao
 .text.rpl_schedule_probing
                0x0000bb0a       0x3c contiki-sky.a(rpl-timers.o)
                0x0000bb0a                rpl_schedule_probing
 .text.handle_probing_timer
                0x0000bb46      0x124 contiki-sky.a(rpl-timers.o)
 .text.input_packet
                0x0000bc6a        0x6 contiki-sky.a(csma.o)
 .text.on       0x0000bc70        0x6 contiki-sky.a(csma.o)
 .text.off      0x0000bc76        0x6 contiki-sky.a(csma.o)
 .text.channel_check_interval
                0x0000bc7c       0x10 contiki-sky.a(csma.o)
 .text.transmit_packet_list
                0x0000bc8c       0x24 contiki-sky.a(csma.o)
 .text.send_packet
                0x0000bcb0      0x17a contiki-sky.a(csma.o)
 .text.init     0x0000be2a       0x1a contiki-sky.a(csma.o)
 .text.free_packet
                0x0000be44       0x9c contiki-sky.a(csma.o)
 .text.packet_sent
                0x0000bee0      0x130 contiki-sky.a(csma.o)
 .text.parse    0x0000c010       0xa0 contiki-sky.a(framer-802154.o)
 .text.create_frame.isra.0
                0x0000c0b0      0x108 contiki-sky.a(framer-802154.o)
 .text.create   0x0000c1b8        0x8 contiki-sky.a(framer-802154.o)
 .text.hdr_length
                0x0000c1c0        0x8 contiki-sky.a(framer-802154.o)
 .text.framer_canonical_create_and_secure
                0x0000c1c8       0x20 contiki-sky.a(framer.o)
                0x0000c1c8                framer_canonical_create_and_secure
 .text.mac_call_sent_callback
                0x0000c1e8       0x14 contiki-sky.a(mac.o)
                0x0000c1e8                mac_call_sent_callback
 .text.linkaddr_copy
                0x0000c1fc        0x8 contiki-sky.a(linkaddr.o)
                0x0000c1fc                linkaddr_copy
 .text.linkaddr_cmp
                0x0000c204       0x12 contiki-sky.a(linkaddr.o)
                0x0000c204                linkaddr_cmp
 .text.linkaddr_set_node_addr
                0x0000c216        0xc contiki-sky.a(linkaddr.o)
                0x0000c216                linkaddr_set_node_addr
 .text.index_from_key
                0x0000c222       0x48 contiki-sky.a(nbr-table.o)
 .text.item_from_key
                0x0000c26a       0x34 contiki-sky.a(nbr-table.o)
 .text.nbr_set_bit
                0x0000c29e       0x8e contiki-sky.a(nbr-table.o)
 .text.index_from_lladdr
                0x0000c32c       0x42 contiki-sky.a(nbr-table.o)
 .text.nbr_get_bit.constprop.0
                0x0000c36e       0x62 contiki-sky.a(nbr-table.o)
 .text.nbr_table_register
                0x0000c3d0       0x28 contiki-sky.a(nbr-table.o)
                0x0000c3d0                nbr_table_register
 .text.nbr_table_next
                0x0000c3f8       0x90 contiki-sky.a(nbr-table.o)
                0x0000c3f8                nbr_table_next
 .text.nbr_table_head
                0x0000c488       0x36 contiki-sky.a(nbr-table.o)
                0x0000c488                nbr_table_head
 .text.nbr_table_add_lladdr
                0x0000c4be      0x144 contiki-sky.a(nbr-table.o)
                0x0000c4be                nbr_table_add_lladdr
 .text.nbr_table_get_from_lladdr
                0x0000c602       0x48 contiki-sky.a(nbr-table.o)
                0x0000c602                nbr_table_get_from_lladdr
 .text.nbr_table_remove
                0x0000c64a       0x32 contiki-sky.a(nbr-table.o)
                0x0000c64a                nbr_table_remove
 .text.nbr_table_lock
                0x0000c67c       0x10 contiki-sky.a(nbr-table.o)
                0x0000c67c                nbr_table_lock
 .text.nbr_table_unlock
                0x0000c68c       0x10 contiki-sky.a(nbr-table.o)
                0x0000c68c                nbr_table_unlock
 .text.nbr_table_get_lladdr
                0x0000c69c       0x5a contiki-sky.a(nbr-table.o)
                0x0000c69c                nbr_table_get_lladdr
 .text.packetbuf_compact
                0x0000c6f6       0x2e contiki-sky.a(packetbuf.o)
                0x0000c6f6                packetbuf_compact
 .text.packetbuf_copyto
                0x0000c724       0x52 contiki-sky.a(packetbuf.o)
                0x0000c724                packetbuf_copyto
 .text.packetbuf_hdrreduce
                0x0000c776       0x1a contiki-sky.a(packetbuf.o)
                0x0000c776                packetbuf_hdrreduce
 .text.packetbuf_set_datalen
                0x0000c790        0x6 contiki-sky.a(packetbuf.o)
                0x0000c790                packetbuf_set_datalen
 .text.packetbuf_dataptr
                0x0000c796        0xe contiki-sky.a(packetbuf.o)
                0x0000c796                packetbuf_dataptr
 .text.packetbuf_hdrptr
                0x0000c7a4        0xa contiki-sky.a(packetbuf.o)
                0x0000c7a4                packetbuf_hdrptr
 .text.packetbuf_datalen
                0x0000c7ae        0x6 contiki-sky.a(packetbuf.o)
                0x0000c7ae                packetbuf_datalen
 .text.packetbuf_hdrlen
                0x0000c7b4       0x10 contiki-sky.a(packetbuf.o)
                0x0000c7b4                packetbuf_hdrlen
 .text.packetbuf_totlen
                0x0000c7c4        0xc contiki-sky.a(packetbuf.o)
                0x0000c7c4                packetbuf_totlen
 .text.packetbuf_hdralloc
                0x0000c7d0       0x2e contiki-sky.a(packetbuf.o)
                0x0000c7d0                packetbuf_hdralloc
 .text.packetbuf_attr_clear
                0x0000c7fe       0x28 contiki-sky.a(packetbuf.o)
                0x0000c7fe                packetbuf_attr_clear
 .text.packetbuf_clear
                0x0000c826       0x1a contiki-sky.a(packetbuf.o)
                0x0000c826                packetbuf_clear
 .text.packetbuf_copyfrom
                0x0000c840       0x2e contiki-sky.a(packetbuf.o)
                0x0000c840                packetbuf_copyfrom
 .text.packetbuf_attr_copyto
                0x0000c86e       0x22 contiki-sky.a(packetbuf.o)
                0x0000c86e                packetbuf_attr_copyto
 .text.packetbuf_attr_copyfrom
                0x0000c890       0x24 contiki-sky.a(packetbuf.o)
                0x0000c890                packetbuf_attr_copyfrom
 .text.packetbuf_holds_broadcast
                0x0000c8b4        0xe contiki-sky.a(packetbuf.o)
                0x0000c8b4                packetbuf_holds_broadcast
 .text.queuebuf_init
                0x0000c8c2       0x12 contiki-sky.a(queuebuf.o)
                0x0000c8c2                queuebuf_init
 .text.queuebuf_numfree
                0x0000c8d4        0xa contiki-sky.a(queuebuf.o)
                0x0000c8d4                queuebuf_numfree
 .text.queuebuf_new_from_packetbuf
                0x0000c8de       0x52 contiki-sky.a(queuebuf.o)
                0x0000c8de                queuebuf_new_from_packetbuf
 .text.queuebuf_update_attr_from_packetbuf
                0x0000c930       0x12 contiki-sky.a(queuebuf.o)
                0x0000c930                queuebuf_update_attr_from_packetbuf
 .text.queuebuf_update_from_packetbuf
                0x0000c942       0x22 contiki-sky.a(queuebuf.o)
                0x0000c942                queuebuf_update_from_packetbuf
 .text.queuebuf_free
                0x0000c964       0x2a contiki-sky.a(queuebuf.o)
                0x0000c964                queuebuf_free
 .text.queuebuf_to_packetbuf
                0x0000c98e       0x32 contiki-sky.a(queuebuf.o)
                0x0000c98e                queuebuf_to_packetbuf
 .text.queuebuf_attr
                0x0000c9c0        0xe contiki-sky.a(queuebuf.o)
                0x0000c9c0                queuebuf_attr
 .text.duty_cycle
                0x0000c9ce        0x6 contiki-sky.a(contikimac.o)
 .text.init     0x0000c9d4       0x2a contiki-sky.a(contikimac.o)
 .text.on       0x0000c9fe       0x1a contiki-sky.a(contikimac.o)
 .text.off      0x0000ca18       0x22 contiki-sky.a(contikimac.o)
 .text.recv_burst_off
                0x0000ca3a        0xa contiki-sky.a(contikimac.o)
 .text.turn_off
                0x0000ca44       0x20 contiki-sky.a(contikimac.o)
 .text.turn_on  0x0000ca64       0x30 contiki-sky.a(contikimac.o)
 .text.schedule_powercycle_fixed.part.4
                0x0000ca94       0x36 contiki-sky.a(contikimac.o)
 .text.powercycle_turn_radio_off
                0x0000caca       0x30 contiki-sky.a(contikimac.o)
 .text.powercycle
                0x0000cafa      0x1d2 contiki-sky.a(contikimac.o)
 .text.input_packet
                0x0000cccc       0xb2 contiki-sky.a(contikimac.o)
 .text.send_packet.isra.7
                0x0000cd7e      0x1ec contiki-sky.a(contikimac.o)
 .text.qsend_list
                0x0000cf6a       0xc4 contiki-sky.a(contikimac.o)
 .text.qsend_packet
                0x0000d02e       0x28 contiki-sky.a(contikimac.o)
 .text.bootstrap
                0x0000d056        0x4 contiki-sky.a(nullsec.o)
 .text.send     0x0000d05a        0xa contiki-sky.a(nullsec.o)
 .text.on_frame_created
                0x0000d064        0x4 contiki-sky.a(nullsec.o)
 .text.input    0x0000d068        0x6 contiki-sky.a(nullsec.o)
 .text.get_overhead
                0x0000d06e        0x4 contiki-sky.a(nullsec.o)
 .text.spi_init
                0x0000d072       0x32 contiki-sky.a(spi.o)
                0x0000d072                spi_init
 .text.compower_accumulate
                0x0000d0a4       0x72 contiki-sky.a(compower.o)
                0x0000d0a4                compower_accumulate
 .text.compower_clear
                0x0000d116       0x12 contiki-sky.a(compower.o)
                0x0000d116                compower_clear
 .text.compower_attrconv
                0x0000d128       0x10 contiki-sky.a(compower.o)
                0x0000d128                compower_attrconv
 .text.stimer_set
                0x0000d138       0x1c contiki-sky.a(stimer.o)
                0x0000d138                stimer_set
 .text.stimer_expired
                0x0000d154       0x30 contiki-sky.a(stimer.o)
                0x0000d154                stimer_expired
 .text.memb_init
                0x0000d184       0x36 contiki-sky.a(memb.o)
                0x0000d184                memb_init
 .text.memb_alloc
                0x0000d1ba       0x3e contiki-sky.a(memb.o)
                0x0000d1ba                memb_alloc
 .text.memb_free
                0x0000d1f8       0x3a contiki-sky.a(memb.o)
                0x0000d1f8                memb_free
 .text.memb_inmemb
                0x0000d232       0x2e contiki-sky.a(memb.o)
                0x0000d232                memb_inmemb
 .text.memb_numfree
                0x0000d260       0x26 contiki-sky.a(memb.o)
                0x0000d260                memb_numfree
 .text.field_len
                0x0000d286       0x98 contiki-sky.a(frame802154.o)
 .text.frame802154_hdrlen
                0x0000d31e       0x2e contiki-sky.a(frame802154.o)
                0x0000d31e                frame802154_hdrlen
 .text.frame802154_create
                0x0000d34c      0x146 contiki-sky.a(frame802154.o)
                0x0000d34c                frame802154_create
 .text.frame802154_parse
                0x0000d492      0x1da contiki-sky.a(frame802154.o)
                0x0000d492                frame802154_parse
 .text.mac_sequence_is_duplicate
                0x0000d66c       0x44 contiki-sky.a(mac-sequence.o)
                0x0000d66c                mac_sequence_is_duplicate
 .text.mac_sequence_register_seqno
                0x0000d6b0       0x76 contiki-sky.a(mac-sequence.o)
                0x0000d6b0                mac_sequence_register_seqno
 .text.libgcc   0x0000d726       0x2c /usr/lib/gcc/msp430/4.6.3/mmpy-16/libgcc.a(_mulsi3.o)
                0x0000d726                __mulsi3
 .text.libgcc   0x0000d752       0x22 /usr/lib/gcc/msp430/4.6.3/mmpy-16/libgcc.a(_udivmod16.o)
                0x0000d752                __udivhi3
                0x0000d752                __ext_udivmod16
                0x0000d76c                __umodhi3
 .text.libgcc   0x0000d774       0x3a /usr/lib/gcc/msp430/4.6.3/mmpy-16/libgcc.a(_divmod16.o)
                0x0000d774                __ext_divmod16
                0x0000d774                __divhi3
                0x0000d7a6                __modhi3
 .text.libgcc   0x0000d7ae       0x40 /usr/lib/gcc/msp430/4.6.3/mmpy-16/libgcc.a(_udivmod32.o)
                0x0000d7ae                __udivsi3
                0x0000d7ae                __ext_udivmod32
                0x0000d7e4                __umodsi3
 .text          0x0000d7ee       0x20 /usr/lib/gcc/msp430/4.6.3/../../../../msp430/lib/mmpy-16/libc.a(memcmp.o)
                0x0000d7ee                memcmp
 .text          0x0000d80e       0xfa /usr/lib/gcc/msp430/4.6.3/../../../../msp430/lib/mmpy-16/libc.a(memcpy.o)
                0x0000d80e                memcpy
 .text          0x0000d908       0xfa /usr/lib/gcc/msp430/4.6.3/../../../../msp430/lib/mmpy-16/libc.a(memmove.o)
                0x0000d908                memmove
 .text          0x0000da02       0x6a /usr/lib/gcc/msp430/4.6.3/../../../../msp430/lib/mmpy-16/libc.a(memset.o)
                0x0000da02                memset
 .text          0x0000da6c       0x1e /usr/lib/gcc/msp430/4.6.3/../../../../msp430/lib/mmpy-16/libc.a(printf.o)
                0x0000da6c                printf
                0x0000da7c                vprintf
 .text          0x0000da8a      0x836 /usr/lib/gcc/msp430/4.6.3/../../../../msp430/lib/mmpy-16/libc.a(vuprintf.o)
                0x0000dc22                vuprintf
 .text          0x0000e2c0       0x2c /usr/lib/gcc/msp430/4.6.3/../../../../msp430/lib/mmpy-16/libc.a(puts.o)
                0x0000e2c0                puts
 .text          0x0000e2ec       0x54 /usr/lib/gcc/msp430/4.6.3/../../../../msp430/lib/mmpy-16/libc.a(rand.o)
                0x0000e2ec                rand_r
                0x0000e310                rand
                0x0000e336                srand
 .text.libgcc   0x0000e340       0xf0 /usr/lib/gcc/msp430/4.6.3/mmpy-16/libgcc.a(_udivmod64.o)
                0x0000e340                __xabi_udivmod64
                0x0000e39e                __udivdi3
                0x0000e3c4                __umoddi3
                0x0000e3f2                __udivmoddi4
 .text.crt0     0x0000e430        0x2 /usr/lib/gcc/msp430/4.6.3/mmpy-16/libcrt0.a(_unexpected_.o)
                0x0000e430                _unexpected_
                0x0000e432                . = ALIGN (0x2)

.rodata         0x0000e432      0x2b8
                0x0000e432                . = ALIGN (0x2)
 *(.rodata .rodata.* .gnu.linkonce.r.*)
 .rodata        0x0000e432       0x24 first_app.co
                0x0000e448                autostart_processes
 .rodata        0x0000e456      0x12e obj_sky/contiki-sky-main.o
 .rodata        0x0000e584       0x10 contiki-sky.a(button-sensor.o)
                0x0000e58c                button_sensor
 .rodata        0x0000e594        0x8 contiki-sky.a(sensors.o)
 .rodata        0x0000e59c       0x5a contiki-sky.a(cc2420.o)
                0x0000e5b8                cc2420_aes_128_driver
                0x0000e5bc                cc2420_driver
 .rodata        0x0000e5f6        0xf contiki-sky.a(ctimer.o)
 .rodata        0x0000e605        0xc contiki-sky.a(etimer.o)
 *fill*         0x0000e611        0x1 00
 .rodata        0x0000e612       0x24 contiki-sky.a(sicslowpan.o)
                0x0000e61e                sicslowpan_driver
                0x0000e624                llprefix
                0x0000e626                unc_mxconf
                0x0000e62a                unc_ctxconf
                0x0000e62e                unc_llconf
 .rodata        0x0000e636       0x20 contiki-sky.a(uip6.o)
 .rodata        0x0000e656        0xd contiki-sky.a(tcpip.o)
 .rodata        0x0000e663       0x29 contiki-sky.a(uip-debug.o)
 .rodata        0x0000e68c       0x14 contiki-sky.a(csma.o)
                0x0000e692                csma_driver
 .rodata        0x0000e6a0        0x8 contiki-sky.a(framer-802154.o)
                0x0000e6a0                framer_802154
 .rodata        0x0000e6a8        0x8 contiki-sky.a(linkaddr.o)
                0x0000e6a8                linkaddr_null
 .rodata        0x0000e6b0       0x1c contiki-sky.a(contikimac.o)
                0x0000e6bc                contikimac_driver
 .rodata        0x0000e6cc       0x14 contiki-sky.a(nullsec.o)
                0x0000e6d4                nullsec_driver
 .rodata        0x0000e6e0        0x2 contiki-sky.a(frame802154.o)
 .rodata        0x0000e6e2        0x7 /usr/lib/gcc/msp430/4.6.3/../../../../msp430/lib/mmpy-16/libc.a(vuprintf.o)
                0x0000e6ea                . = ALIGN (0x2)
 *fill*         0x0000e6e9        0x1 00
                0x0000e6ea                _etext = .

.data           0x00001100       0xde load address 0x0000e6ea
                0x00001100                . = ALIGN (0x2)
                0x00001100                PROVIDE (__data_start, .)
 *(.data .data.* .gnu.linkonce.d.*)
 .data          0x00001100        0xa first_app.co
                0x00001100                first_app_process
 .data          0x0000110a        0x4 contiki-sky.a(contiki-sky-pla)
                0x0000110a                sensors
 .data          0x0000110e        0xa contiki-sky.a(sensors.o)
                0x0000110e                sensors_process
 .data          0x00001118        0xa contiki-sky.a(cc2420.o)
                0x00001118                cc2420_process
 .data          0x00001122        0x2 contiki-sky.a(msp430.o)
 .data          0x00001124        0xa contiki-sky.a(ctimer.o)
                0x00001124                ctimer_process
 .data          0x0000112e        0xa contiki-sky.a(etimer.o)
                0x0000112e                etimer_process
 .data          0x00001138        0xa contiki-sky.a(uip-ds6-nbr.o)
                0x00001138                ds6_neighbors
 .data          0x00001142       0x20 contiki-sky.a(uip-ds6-route.o)
 .data          0x00001162        0xc contiki-sky.a(uip-icmp6.o)
 .data          0x0000116e        0xa contiki-sky.a(tcpip.o)
                0x0000116e                tcpip_process
 .data          0x00001178        0xa contiki-sky.a(rpl-dag.o)
                0x00001178                rpl_parents
 .data          0x00001182       0x1a contiki-sky.a(rpl-icmp6.o)
 .data          0x0000119c        0xe contiki-sky.a(rpl-mrhof.o)
                0x0000119c                rpl_mrhof
 .data          0x000011aa       0x18 contiki-sky.a(csma.o)
 .data          0x000011c2        0x8 contiki-sky.a(nbr-table.o)
 .data          0x000011ca       0x10 contiki-sky.a(queuebuf.o)
 .data          0x000011da        0x4 /usr/lib/gcc/msp430/4.6.3/../../../../msp430/lib/mmpy-16/libc.a(rand.o)
                0x000011de                . = ALIGN (0x2)
                0x000011de                _edata = .
                0x0000e6ea                PROVIDE (__data_load_start, LOADADDR (.data))
                0x000000de                PROVIDE (__data_size, SIZEOF (.data))

.bss            0x000011de     0x1922 load address 0x0000e7c8
                0x000011de                PROVIDE (__bss_start, .)
 *(.bss .bss.*)
 .bss           0x000011de        0xc obj_sky/contiki-sky-main.o
 .bss           0x000011ea        0x8 contiki-sky.a(button-sensor.o)
 .bss           0x000011f2        0x2 contiki-sky.a(node-id.o)
                0x000011f2                node_id
 .bss           0x000011f4        0x6 contiki-sky.a(sensors.o)
 .bss           0x000011fa        0x8 contiki-sky.a(cc2420.o)
 .bss           0x00001202       0x9a contiki-sky.a(uart1.o)
 .bss           0x0000129c        0xa contiki-sky.a(clock.o)
 .bss           0x000012a6        0x1 contiki-sky.a(leds.o)
 *fill*         0x000012a7        0x1 00
 .bss           0x000012a8        0x2 contiki-sky.a(watchdog.o)
 .bss           0x000012aa        0x4 contiki-sky.a(ctimer.o)
 .bss           0x000012ae        0x6 contiki-sky.a(etimer.o)
 .bss           0x000012b4       0x42 contiki-sky.a(process.o)
                0x000012b4                process_current
                0x000012b6                process_list
 .bss           0x000012f6        0x2 contiki-sky.a(rtimer.o)
 .bss           0x000012f8      0x124 contiki-sky.a(sicslowpan.o)
 .bss           0x0000141c       0x12 contiki-sky.a(uip6.o)
                0x0000141c                uip_ext_opt_offset
                0x0000141e                uip_ext_len
                0x00001420                uip_ext_bitmap
 .bss           0x0000142e       0x18 contiki-sky.a(uip-ds6.o)
 .bss           0x00001446      0x2f8 contiki-sky.a(uip-ds6-nbr.o)
 .bss           0x0000173e      0x362 contiki-sky.a(uip-ds6-route.o)
 .bss           0x00001aa0       0x14 contiki-sky.a(uip-icmp6.o)
 .bss           0x00001ab4       0x36 contiki-sky.a(tcpip.o)
 .bss           0x00001aea        0x2 contiki-sky.a(rpl.o)
 .bss           0x00001aec       0xf0 contiki-sky.a(rpl-dag.o)
 .bss           0x00001bdc       0x18 contiki-sky.a(rpl-timers.o)
 .bss           0x00001bf4       0xc4 contiki-sky.a(csma.o)
 .bss           0x00001cb8        0x2 contiki-sky.a(framer-802154.o)
 .bss           0x00001cba      0x118 contiki-sky.a(nbr-table.o)
 .bss           0x00001dd2       0xb8 contiki-sky.a(packetbuf.o)
 .bss           0x00001e8a      0x5a0 contiki-sky.a(queuebuf.o)
 .bss           0x0000242a       0x32 contiki-sky.a(contikimac.o)
 .bss           0x0000245c        0x8 contiki-sky.a(compower.o)
 .bss           0x00002464       0xa0 contiki-sky.a(mac-sequence.o)
 *(COMMON)
 COMMON         0x00002504        0x2 contiki-sky.a(contiki-sky-pla)
                0x00002504                sensors_flags
 COMMON         0x00002506        0x8 contiki-sky.a(ds2411.o)
                0x00002506                ds2411_id
 COMMON         0x0000250e        0x1 contiki-sky.a(sensors.o)
                0x0000250e                sensors_event
 *fill*         0x0000250f        0x1 00
 COMMON         0x00002510       0x10 contiki-sky.a(cc2420.o)
                0x00002510                cc2420_last_rssi
                0x00002512                cc2420_sfd_start_time
                0x00002514                cc2420_time_of_departure
                0x00002516                cc2420_time_of_arrival
                0x00002518                cc2420_last_correlation
                0x0000251a                cc2420_authority_level_of_sender
                0x0000251c                cc2420_sfd_counter
                0x0000251e                cc2420_sfd_end_time
 COMMON         0x00002520        0x2 contiki-sky.a(msp430.o)
                0x00002520                msp430_dco_required
 COMMON         0x00002522       0x56 contiki-sky.a(energest.o)
                0x00002522                energest_total_time
                0x00002552                energest_total_count
                0x00002554                energest_current_mode
                0x00002560                energest_current_time
 COMMON         0x00002578        0x1 contiki-sky.a(process.o)
                0x00002578                process_maxevents
 *fill*         0x00002579        0x1 00
 COMMON         0x0000257a        0x8 contiki-sky.a(sicslowpan.o)
                0x0000257a                frag_sender
 COMMON         0x00002582      0x304 contiki-sky.a(uip6.o)
                0x00002582                uip_len
                0x00002584                uip_sappdata
                0x00002586                uip_acc32
                0x0000258a                uip_lladdr
                0x00002592                uip_aligned_buf
                0x00002682                uip_flags
                0x00002684                uip_next_hdr
                0x00002686                uip_udp_conn
                0x00002688                uip_appdata
                0x0000268a                uip_conn
                0x0000268c                uip_conns
                0x0000273c                uip_listenports
                0x0000274c                uip_slen
                0x0000274e                uip_udp_conns
 COMMON         0x00002886      0x15c contiki-sky.a(uip-ds6.o)
                0x00002886                uip_ds6_timer_ra
                0x0000288e                uip_ds6_if
                0x0000297a                uip_ds6_netif_addr_list_offset
                0x0000297b                uip_ds6_addr_size
                0x0000297c                uip_ds6_prefix_list
                0x000029d6                uip_ds6_timer_periodic
 COMMON         0x000029e2        0x1 contiki-sky.a(tcpip.o)
                0x000029e2                tcpip_event
 *fill*         0x000029e3        0x1 00
 COMMON         0x000029e4       0xde contiki-sky.a(rpl-dag.o)
                0x000029e4                default_instance
                0x000029e6                instance_table
 COMMON         0x00002ac2        0x8 contiki-sky.a(linkaddr.o)
                0x00002ac2                linkaddr_node_addr
 COMMON         0x00002aca       0x2e contiki-sky.a(packetbuf.o)
                0x00002aca                packetbuf_addrs
                0x00002ada                packetbuf_attrs
 COMMON         0x00002af8        0x8 contiki-sky.a(compower.o)
                0x00002af8                compower_idle_activity
                0x00002b00                . = ALIGN (0x2)
                0x00002b00                PROVIDE (__bss_end, .)
                0x00001922                PROVIDE (__bss_size, SIZEOF (.bss))

.noinit         0x00002b00        0x2 load address 0x0000e7c8
                0x00002b00                PROVIDE (__noinit_start, .)
 *(.noinit .noinit.*)
 .noinit.crt0   0x00002b00        0x2 /usr/lib/gcc/msp430/4.6.3/mmpy-16/libcrt0.a(__watchdog_support.o)
                0x00002b00                __wdt_clear_value
                0x00002b02                . = ALIGN (0x2)
                0x00002b02                PROVIDE (__noinit_end, .)
                0x00002b02                . = ALIGN (0x2)
                0x00002b02                _end = .

.infomem        0x00001000        0x0
 *(.infomem)
                0x00001000                . = ALIGN (0x2)
 *(.infomem.*)

.infomemnobits  0x00001000        0x0
 *(.infomemnobits)
                0x00001000                . = ALIGN (0x2)
 *(.infomemnobits.*)

.infoa
 *(.infoa .infoa.*)

.infob
 *(.infob .infob.*)

.infoc
 *(.infoc .infoc.*)

.infod
 *(.infod .infod.*)

.vectors        0x0000ffe0       0x20
                0x0000ffe0                PROVIDE (__vectors_start, .)
 *(.vectors*)
 .vectors       0x0000ffe0       0x20 /usr/lib/gcc/msp430/4.6.3/mmpy-16/crt0ivtbl16.o
                0x0000ffe0                __ivtbl_16
                0x00010000                _vectors_end = .

.fartext        0x00000000        0x0
                0x00000000                . = ALIGN (0x2)
 *(.fartext)
                0x00000000                . = ALIGN (0x2)
 *(.fartext.*)
                0x00000000                _efartext = .

.profiler
 *(.profiler)

.stab           0x00000000    0x2748c
 *(.stab)
 .stab          0x00000000      0x7bc first_app.co
 .stab          0x000007bc     0x1794 obj_sky/contiki-sky-main.o
                               0x1b0c (size before relaxing)
 .stab          0x00001f50      0x264 contiki-sky.a(contiki-sky-pla)
                                0x5b8 (size before relaxing)
 .stab          0x000021b4      0x468 contiki-sky.a(button-sensor.o)
                                0x7d4 (size before relaxing)
 .stab          0x0000261c      0x630 contiki-sky.a(ds2411.o)
                                0xb40 (size before relaxing)
 .stab          0x00002c4c      0xa38 contiki-sky.a(xmem.o)
                                0xf60 (size before relaxing)
 .stab          0x00003684      0x2b8 contiki-sky.a(node-id.o)
                                0x4e0 (size before relaxing)
 .stab          0x0000393c      0x654 contiki-sky.a(sensors.o)
                                0xb70 (size before relaxing)
 .stab          0x00003f90     0x25ec contiki-sky.a(cc2420.o)
                               0x2cac (size before relaxing)
 .stab          0x0000657c      0xcb4 contiki-sky.a(cc2420-arch.o)
                               0x1728 (size before relaxing)
 .stab          0x00007230      0x60c contiki-sky.a(uart1.o)
                                0x960 (size before relaxing)
 .stab          0x0000783c      0x27c contiki-sky.a(uart1-putchar.o)
                                0x7bc (size before relaxing)
 .stab          0x00007ab8      0x744 contiki-sky.a(msp430.o)
                                0xa98 (size before relaxing)
 .stab          0x000081fc      0x948 contiki-sky.a(clock.o)
                                0xc9c (size before relaxing)
 .stab          0x00008b44      0x5dc contiki-sky.a(leds.o)
                                0x828 (size before relaxing)
 .stab          0x00009120      0x3a8 contiki-sky.a(leds-arch.o)
                                0x6fc (size before relaxing)
 .stab          0x000094c8      0x3fc contiki-sky.a(watchdog.o)
                                0x750 (size before relaxing)
 .stab          0x000098c4      0x3cc contiki-sky.a(rtimer-arch.o)
                                0x720 (size before relaxing)
 .stab          0x00009c90      0x294 contiki-sky.a(autostart.o)
                                0x534 (size before relaxing)
 .stab          0x00009f24      0x7a4 contiki-sky.a(ctimer.o)
                                0xb10 (size before relaxing)
 .stab          0x0000a6c8      0x474 contiki-sky.a(energest.o)
                                0x6fc (size before relaxing)
 .stab          0x0000ab3c      0xa38 contiki-sky.a(etimer.o)
                                0xd08 (size before relaxing)
 .stab          0x0000b574      0xb7c contiki-sky.a(process.o)
                               0x1014 (size before relaxing)
 .stab          0x0000c0f0      0x3d8 contiki-sky.a(rtimer.o)
                                0x6c0 (size before relaxing)
 .stab          0x0000c4c8      0x354 contiki-sky.a(timer.o)
                                0x594 (size before relaxing)
 .stab          0x0000c81c      0x7f8 contiki-sky.a(list.o)
                                0x804 (size before relaxing)
 .stab          0x0000d014      0x24c contiki-sky.a(random.o)
                                0x624 (size before relaxing)
 .stab          0x0000d260     0x1f98 contiki-sky.a(sicslowpan.o)
                               0x2ee0 (size before relaxing)
 .stab          0x0000f1f8     0x2bd4 contiki-sky.a(uip6.o)
                               0x378c (size before relaxing)
 .stab          0x00011dcc     0x13d4 contiki-sky.a(uip-ds6.o)
                               0x1f74 (size before relaxing)
 .stab          0x000131a0      0xcd8 contiki-sky.a(uip-ds6-nbr.o)
                               0x1710 (size before relaxing)
 .stab          0x00013e78     0x1260 contiki-sky.a(uip-ds6-route.o)
                               0x1de8 (size before relaxing)
 .stab          0x000150d8      0xcf0 contiki-sky.a(uip-icmp6.o)
                               0x1968 (size before relaxing)
 .stab          0x00015dc8      0x57c contiki-sky.a(uip-nd6.o)
                               0x1158 (size before relaxing)
 .stab          0x00016344     0x1410 contiki-sky.a(tcpip.o)
                               0x2658 (size before relaxing)
 .stab          0x00017754      0x444 contiki-sky.a(uip-debug.o)
                                0xbd0 (size before relaxing)
 .stab          0x00017b98      0xb64 contiki-sky.a(rpl.o)
                               0x17b8 (size before relaxing)
 .stab          0x000186fc     0x2f10 contiki-sky.a(rpl-dag.o)
                               0x3c18 (size before relaxing)
 .stab          0x0001b60c      0xa50 contiki-sky.a(rpl-ext-header.)
                               0x180c (size before relaxing)
 .stab          0x0001c05c     0x17ac contiki-sky.a(rpl-icmp6.o)
                               0x25b0 (size before relaxing)
 .stab          0x0001d808      0x8ac contiki-sky.a(rpl-mrhof.o)
                               0x159c (size before relaxing)
 .stab          0x0001e0b4      0xbdc contiki-sky.a(rpl-timers.o)
                               0x18cc (size before relaxing)
 .stab          0x0001ec90     0x1050 contiki-sky.a(csma.o)
                               0x1590 (size before relaxing)
 .stab          0x0001fce0      0x930 contiki-sky.a(framer-802154.o)
                                0xf54 (size before relaxing)
 .stab          0x00020610      0x3fc contiki-sky.a(framer.o)
                                0xc54 (size before relaxing)
 .stab          0x00020a0c      0x1f8 contiki-sky.a(mac.o)
                                0x4ec (size before relaxing)
 .stab          0x00020c04      0x2c4 contiki-sky.a(linkaddr.o)
                                0x6c0 (size before relaxing)
 .stab          0x00020ec8      0xd80 contiki-sky.a(nbr-table.o)
                               0x1428 (size before relaxing)
 .stab          0x00021c48      0xdb0 contiki-sky.a(packetbuf.o)
                               0x1ed8 (size before relaxing)
 .stab          0x000229f8      0xaa4 contiki-sky.a(queuebuf.o)
                               0x1bb4 (size before relaxing)
 .stab          0x0002349c     0x1884 contiki-sky.a(contikimac.o)
                               0x22f8 (size before relaxing)
 .stab          0x00024d20      0x75c contiki-sky.a(nullsec.o)
                                0xda4 (size before relaxing)
 .stab          0x0002547c      0x204 contiki-sky.a(spi.o)
                                0x42c (size before relaxing)
 .stab          0x00025680      0x51c contiki-sky.a(compower.o)
                                0xd20 (size before relaxing)
 .stab          0x00025b9c      0x3c0 contiki-sky.a(stimer.o)
                                0x600 (size before relaxing)
 .stab          0x00025f5c      0x5c4 contiki-sky.a(memb.o)
                                0xaf8 (size before relaxing)
 .stab          0x00026520      0x924 contiki-sky.a(frame802154.o)
                               0x10f8 (size before relaxing)
 .stab          0x00026e44      0x648 contiki-sky.a(mac-sequence.o)
                               0x1770 (size before relaxing)

.stabstr        0x00000000    0x1b1ed
 *(.stabstr)
 .stabstr       0x00000000    0x1b1ed first_app.co

.stab.excl
 *(.stab.excl)

.stab.exclstr
 *(.stab.exclstr)

.stab.index
 *(.stab.index)

.stab.indexstr
 *(.stab.indexstr)

.comment
 *(.comment)

.debug
 *(.debug)

.line
 *(.line)

.debug_srcinfo
 *(.debug_srcinfo)

.debug_sfnames
 *(.debug_sfnames)

.debug_aranges  0x00000000      0x190
 *(.debug_aranges)
 .debug_aranges
                0x00000000       0x14 /usr/lib/gcc/msp430/4.6.3/mmpy-16/libgcc.a(_mulsi3.o)
 .debug_aranges
                0x00000014       0x14 /usr/lib/gcc/msp430/4.6.3/mmpy-16/libgcc.a(_udivmod16.o)
 .debug_aranges
                0x00000028       0x14 /usr/lib/gcc/msp430/4.6.3/mmpy-16/libgcc.a(_divmod16.o)
 .debug_aranges
                0x0000003c       0x14 /usr/lib/gcc/msp430/4.6.3/mmpy-16/libgcc.a(_udivmod32.o)
 .debug_aranges
                0x00000050       0x14 /usr/lib/gcc/msp430/4.6.3/../../../../msp430/lib/mmpy-16/libc.a(strncmp.o)
 .debug_aranges
                0x00000064       0x14 /usr/lib/gcc/msp430/4.6.3/../../../../msp430/lib/mmpy-16/libc.a(memcmp.o)
 .debug_aranges
                0x00000078       0x14 /usr/lib/gcc/msp430/4.6.3/../../../../msp430/lib/mmpy-16/libc.a(memcpy.o)
 .debug_aranges
                0x0000008c       0x14 /usr/lib/gcc/msp430/4.6.3/../../../../msp430/lib/mmpy-16/libc.a(memmove.o)
 .debug_aranges
                0x000000a0       0x14 /usr/lib/gcc/msp430/4.6.3/../../../../msp430/lib/mmpy-16/libc.a(memset.o)
 .debug_aranges
                0x000000b4       0x14 /usr/lib/gcc/msp430/4.6.3/../../../../msp430/lib/mmpy-16/libc.a(printf.o)
 .debug_aranges
                0x000000c8       0x14 /usr/lib/gcc/msp430/4.6.3/../../../../msp430/lib/mmpy-16/libc.a(vuprintf.o)
 .debug_aranges
                0x000000dc       0x14 /usr/lib/gcc/msp430/4.6.3/../../../../msp430/lib/mmpy-16/libc.a(puts.o)
 .debug_aranges
                0x000000f0       0x14 /usr/lib/gcc/msp430/4.6.3/../../../../msp430/lib/mmpy-16/libc.a(rand.o)
 .debug_aranges
                0x00000104       0x14 /usr/lib/gcc/msp430/4.6.3/mmpy-16/libgcc.a(_udivmod64.o)
 .debug_aranges
                0x00000118       0x14 /usr/lib/gcc/msp430/4.6.3/mmpy-16/libcrt0.a(__watchdog_support.o)
 .debug_aranges
                0x0000012c       0x14 /usr/lib/gcc/msp430/4.6.3/mmpy-16/libcrt0.a(__init_stack.o)
 .debug_aranges
                0x00000140       0x14 /usr/lib/gcc/msp430/4.6.3/mmpy-16/libcrt0.a(_copy_data.o)
 .debug_aranges
                0x00000154       0x14 /usr/lib/gcc/msp430/4.6.3/mmpy-16/libcrt0.a(_clear_bss.o)
 .debug_aranges
                0x00000168       0x14 /usr/lib/gcc/msp430/4.6.3/mmpy-16/libcrt0.a(_endless_loop__.o)
 .debug_aranges
                0x0000017c       0x14 /usr/lib/gcc/msp430/4.6.3/mmpy-16/libcrt0.a(_unexpected_.o)

.debug_pubnames
 *(.debug_pubnames)

.debug_info     0x00000000     0x1584
 *(.debug_info)
 .debug_info    0x00000000       0xd6 /usr/lib/gcc/msp430/4.6.3/mmpy-16/libgcc.a(_mulsi3.o)
 .debug_info    0x000000d6       0xd6 /usr/lib/gcc/msp430/4.6.3/mmpy-16/libgcc.a(_udivmod16.o)
 .debug_info    0x000001ac       0xd6 /usr/lib/gcc/msp430/4.6.3/mmpy-16/libgcc.a(_divmod16.o)
 .debug_info    0x00000282       0xd6 /usr/lib/gcc/msp430/4.6.3/mmpy-16/libgcc.a(_udivmod32.o)
 .debug_info    0x00000358       0xbb /usr/lib/gcc/msp430/4.6.3/../../../../msp430/lib/mmpy-16/libc.a(strncmp.o)
 .debug_info    0x00000413       0xe8 /usr/lib/gcc/msp430/4.6.3/../../../../msp430/lib/mmpy-16/libc.a(memcmp.o)
 .debug_info    0x000004fb      0x113 /usr/lib/gcc/msp430/4.6.3/../../../../msp430/lib/mmpy-16/libc.a(memcpy.o)
 .debug_info    0x0000060e      0x113 /usr/lib/gcc/msp430/4.6.3/../../../../msp430/lib/mmpy-16/libc.a(memmove.o)
 .debug_info    0x00000721       0xfe /usr/lib/gcc/msp430/4.6.3/../../../../msp430/lib/mmpy-16/libc.a(memset.o)
 .debug_info    0x0000081f      0x105 /usr/lib/gcc/msp430/4.6.3/../../../../msp430/lib/mmpy-16/libc.a(printf.o)
 .debug_info    0x00000924      0x565 /usr/lib/gcc/msp430/4.6.3/../../../../msp430/lib/mmpy-16/libc.a(vuprintf.o)
 .debug_info    0x00000e89       0x96 /usr/lib/gcc/msp430/4.6.3/../../../../msp430/lib/mmpy-16/libc.a(puts.o)
 .debug_info    0x00000f1f      0x13f /usr/lib/gcc/msp430/4.6.3/../../../../msp430/lib/mmpy-16/libc.a(rand.o)
 .debug_info    0x0000105e       0xd6 /usr/lib/gcc/msp430/4.6.3/mmpy-16/libgcc.a(_udivmod64.o)
 .debug_info    0x00001134       0xb8 /usr/lib/gcc/msp430/4.6.3/mmpy-16/libcrt0.a(__watchdog_support.o)
 .debug_info    0x000011ec       0xb8 /usr/lib/gcc/msp430/4.6.3/mmpy-16/libcrt0.a(__init_stack.o)
 .debug_info    0x000012a4       0xb8 /usr/lib/gcc/msp430/4.6.3/mmpy-16/libcrt0.a(_copy_data.o)
 .debug_info    0x0000135c       0xb8 /usr/lib/gcc/msp430/4.6.3/mmpy-16/libcrt0.a(_clear_bss.o)
 .debug_info    0x00001414       0xb8 /usr/lib/gcc/msp430/4.6.3/mmpy-16/libcrt0.a(_endless_loop__.o)
 .debug_info    0x000014cc       0xb8 /usr/lib/gcc/msp430/4.6.3/mmpy-16/libcrt0.a(_unexpected_.o)
 *(.gnu.linkonce.wi.*)

.debug_abbrev   0x00000000      0x7cc
 *(.debug_abbrev)
 .debug_abbrev  0x00000000       0x14 /usr/lib/gcc/msp430/4.6.3/mmpy-16/libgcc.a(_mulsi3.o)
 .debug_abbrev  0x00000014       0x14 /usr/lib/gcc/msp430/4.6.3/mmpy-16/libgcc.a(_udivmod16.o)
 .debug_abbrev  0x00000028       0x14 /usr/lib/gcc/msp430/4.6.3/mmpy-16/libgcc.a(_divmod16.o)
 .debug_abbrev  0x0000003c       0x14 /usr/lib/gcc/msp430/4.6.3/mmpy-16/libgcc.a(_udivmod32.o)
 .debug_abbrev  0x00000050       0x7c /usr/lib/gcc/msp430/4.6.3/../../../../msp430/lib/mmpy-16/libc.a(strncmp.o)
 .debug_abbrev  0x000000cc       0x9b /usr/lib/gcc/msp430/4.6.3/../../../../msp430/lib/mmpy-16/libc.a(memcmp.o)
 .debug_abbrev  0x00000167       0x97 /usr/lib/gcc/msp430/4.6.3/../../../../msp430/lib/mmpy-16/libc.a(memcpy.o)
 .debug_abbrev  0x000001fe       0x97 /usr/lib/gcc/msp430/4.6.3/../../../../msp430/lib/mmpy-16/libc.a(memmove.o)
 .debug_abbrev  0x00000295       0x9c /usr/lib/gcc/msp430/4.6.3/../../../../msp430/lib/mmpy-16/libc.a(memset.o)
 .debug_abbrev  0x00000331       0xd0 /usr/lib/gcc/msp430/4.6.3/../../../../msp430/lib/mmpy-16/libc.a(printf.o)
 .debug_abbrev  0x00000401      0x1ef /usr/lib/gcc/msp430/4.6.3/../../../../msp430/lib/mmpy-16/libc.a(vuprintf.o)
 .debug_abbrev  0x000005f0       0x60 /usr/lib/gcc/msp430/4.6.3/../../../../msp430/lib/mmpy-16/libc.a(puts.o)
 .debug_abbrev  0x00000650       0xf0 /usr/lib/gcc/msp430/4.6.3/../../../../msp430/lib/mmpy-16/libc.a(rand.o)
 .debug_abbrev  0x00000740       0x14 /usr/lib/gcc/msp430/4.6.3/mmpy-16/libgcc.a(_udivmod64.o)
 .debug_abbrev  0x00000754       0x14 /usr/lib/gcc/msp430/4.6.3/mmpy-16/libcrt0.a(__watchdog_support.o)
 .debug_abbrev  0x00000768       0x14 /usr/lib/gcc/msp430/4.6.3/mmpy-16/libcrt0.a(__init_stack.o)
 .debug_abbrev  0x0000077c       0x14 /usr/lib/gcc/msp430/4.6.3/mmpy-16/libcrt0.a(_copy_data.o)
 .debug_abbrev  0x00000790       0x14 /usr/lib/gcc/msp430/4.6.3/mmpy-16/libcrt0.a(_clear_bss.o)
 .debug_abbrev  0x000007a4       0x14 /usr/lib/gcc/msp430/4.6.3/mmpy-16/libcrt0.a(_endless_loop__.o)
 .debug_abbrev  0x000007b8       0x14 /usr/lib/gcc/msp430/4.6.3/mmpy-16/libcrt0.a(_unexpected_.o)

.debug_line     0x00000000      0xdff
 *(.debug_line)
 .debug_line    0x00000000       0xa3 /usr/lib/gcc/msp430/4.6.3/mmpy-16/libgcc.a(_mulsi3.o)
 .debug_line    0x000000a3       0x9c /usr/lib/gcc/msp430/4.6.3/mmpy-16/libgcc.a(_udivmod16.o)
 .debug_line    0x0000013f       0xa7 /usr/lib/gcc/msp430/4.6.3/mmpy-16/libgcc.a(_divmod16.o)
 .debug_line    0x000001e6       0xab /usr/lib/gcc/msp430/4.6.3/mmpy-16/libgcc.a(_udivmod32.o)
 .debug_line    0x00000291       0x75 /usr/lib/gcc/msp430/4.6.3/../../../../msp430/lib/mmpy-16/libc.a(strncmp.o)
 .debug_line    0x00000306       0x73 /usr/lib/gcc/msp430/4.6.3/../../../../msp430/lib/mmpy-16/libc.a(memcmp.o)
 .debug_line    0x00000379       0xe9 /usr/lib/gcc/msp430/4.6.3/../../../../msp430/lib/mmpy-16/libc.a(memcpy.o)
 .debug_line    0x00000462       0xe9 /usr/lib/gcc/msp430/4.6.3/../../../../msp430/lib/mmpy-16/libc.a(memmove.o)
 .debug_line    0x0000054b       0xc8 /usr/lib/gcc/msp430/4.6.3/../../../../msp430/lib/mmpy-16/libc.a(memset.o)
 .debug_line    0x00000613       0x72 /usr/lib/gcc/msp430/4.6.3/../../../../msp430/lib/mmpy-16/libc.a(printf.o)
 .debug_line    0x00000685      0x2d2 /usr/lib/gcc/msp430/4.6.3/../../../../msp430/lib/mmpy-16/libc.a(vuprintf.o)
 .debug_line    0x00000957       0x4d /usr/lib/gcc/msp430/4.6.3/../../../../msp430/lib/mmpy-16/libc.a(puts.o)
 .debug_line    0x000009a4       0x4f /usr/lib/gcc/msp430/4.6.3/../../../../msp430/lib/mmpy-16/libc.a(rand.o)
 .debug_line    0x000009f3       0xf1 /usr/lib/gcc/msp430/4.6.3/mmpy-16/libgcc.a(_udivmod64.o)
 .debug_line    0x00000ae4       0x84 /usr/lib/gcc/msp430/4.6.3/mmpy-16/libcrt0.a(__watchdog_support.o)
 .debug_line    0x00000b68       0x82 /usr/lib/gcc/msp430/4.6.3/mmpy-16/libcrt0.a(__init_stack.o)
 .debug_line    0x00000bea       0x88 /usr/lib/gcc/msp430/4.6.3/mmpy-16/libcrt0.a(_copy_data.o)
 .debug_line    0x00000c72       0x88 /usr/lib/gcc/msp430/4.6.3/mmpy-16/libcrt0.a(_clear_bss.o)
 .debug_line    0x00000cfa       0x83 /usr/lib/gcc/msp430/4.6.3/mmpy-16/libcrt0.a(_endless_loop__.o)
 .debug_line    0x00000d7d       0x82 /usr/lib/gcc/msp430/4.6.3/mmpy-16/libcrt0.a(_unexpected_.o)

.debug_frame    0x00000000      0x224
 *(.debug_frame)
 .debug_frame   0x00000000       0x24 /usr/lib/gcc/msp430/4.6.3/../../../../msp430/lib/mmpy-16/libc.a(strncmp.o)